../Drivers/Vendor/Driver/edt_bsp_uart.c:62:6:EDT_USART_Init	24	static
../Drivers/Vendor/Driver/edt_bsp_uart.c:111:6:EDT_USART_DeInit	16	static
../Drivers/Vendor/Driver/edt_bsp_uart.c:127:26:EDT_UART_Transmit_IT	32	static
../Drivers/Vendor/Driver/edt_bsp_uart.c:142:26:EDT_UART_Receive_IT	32	static
../Drivers/Vendor/Driver/edt_bsp_uart.c:157:19:EDT_UART_Transmit	24	static
../Drivers/Vendor/Driver/edt_bsp_uart.c:171:19:EDT_UART_Receive	24	static
../Drivers/Vendor/Driver/edt_bsp_uart.c:192:6:HAL_UART_TxCpltCallback	16	static
../Drivers/Vendor/Driver/edt_bsp_uart.c:204:6:HAL_UART_RxCpltCallback	16	static
../Drivers/Vendor/Driver/edt_bsp_uart.c:217:6:HAL_UART_ErrorCallback	16	static
../Drivers/Vendor/Driver/edt_bsp_uart.c:230:13:EDT_RS232_IRQHandler	8	static
../Drivers/Vendor/Driver/edt_bsp_uart.c:240:13:EDT_RS485_IRQHandler	8	static
../Drivers/Vendor/Driver/edt_bsp_uart.c:250:13:EDT_RS232_TxCpltCallback	4	static
../Drivers/Vendor/Driver/edt_bsp_uart.c:259:13:EDT_RS485_TxCpltCallback	4	static
../Drivers/Vendor/Driver/edt_bsp_uart.c:268:13:EDT_RS232_RxCpltCallback	4	static
../Drivers/Vendor/Driver/edt_bsp_uart.c:278:13:EDT_RS485_RxCpltCallback	4	static
../Drivers/Vendor/Driver/edt_bsp_uart.c:287:13:EDT_RS232_ErrorCallback	16	static
../Drivers/Vendor/Driver/edt_bsp_uart.c:304:13:EDT_RS485_ErrorCallback	16	static
