../../Drivers/CMSIS/Include/core_cm33.h:2587:22:__NVIC_SetPriority	16	static
C:/Roberto/O3/O3dev_edt_00/Middlewares/Third_Party/FreeRTOS/Source/CMSIS_RTOS_V2/cmsis_os2.c:155:6:SysTick_Handler	8	static
C:/Roberto/O3/O3dev_edt_00/Middlewares/Third_Party/FreeRTOS/Source/CMSIS_RTOS_V2/cmsis_os2.c:169:22:SVC_Setup	8	static
C:/Roberto/O3/O3dev_edt_00/Middlewares/Third_Party/FreeRTOS/Source/CMSIS_RTOS_V2/cmsis_os2.c:188:26:IRQ_Context	32	static,ignoring_inline_asm
C:/Roberto/O3/O3dev_edt_00/Middlewares/Third_Party/FreeRTOS/Source/CMSIS_RTOS_V2/cmsis_os2.c:227:12:osKernelInitialize	16	static
C:/Roberto/O3/O3dev_edt_00/Middlewares/Third_Party/FreeRTOS/Source/CMSIS_RTOS_V2/cmsis_os2.c:261:12:osKernelGetInfo	24	static
C:/Roberto/O3/O3dev_edt_00/Middlewares/Third_Party/FreeRTOS/Source/CMSIS_RTOS_V2/cmsis_os2.c:285:17:osKernelGetState	16	static
C:/Roberto/O3/O3dev_edt_00/Middlewares/Third_Party/FreeRTOS/Source/CMSIS_RTOS_V2/cmsis_os2.c:316:12:osKernelStart	16	static
C:/Roberto/O3/O3dev_edt_00/Middlewares/Third_Party/FreeRTOS/Source/CMSIS_RTOS_V2/cmsis_os2.c:347:9:osKernelLock	16	static
C:/Roberto/O3/O3dev_edt_00/Middlewares/Third_Party/FreeRTOS/Source/CMSIS_RTOS_V2/cmsis_os2.c:378:9:osKernelUnlock	16	static
C:/Roberto/O3/O3dev_edt_00/Middlewares/Third_Party/FreeRTOS/Source/CMSIS_RTOS_V2/cmsis_os2.c:414:9:osKernelRestoreLock	16	static
C:/Roberto/O3/O3dev_edt_00/Middlewares/Third_Party/FreeRTOS/Source/CMSIS_RTOS_V2/cmsis_os2.c:454:10:osKernelGetTickCount	16	static
C:/Roberto/O3/O3dev_edt_00/Middlewares/Third_Party/FreeRTOS/Source/CMSIS_RTOS_V2/cmsis_os2.c:468:17:OS_Tick_GetCount	16	static
C:/Roberto/O3/O3dev_edt_00/Middlewares/Third_Party/FreeRTOS/Source/CMSIS_RTOS_V2/cmsis_os2.c:474:17:OS_Tick_GetOverflow	4	static
C:/Roberto/O3/O3dev_edt_00/Middlewares/Third_Party/FreeRTOS/Source/CMSIS_RTOS_V2/cmsis_os2.c:479:17:OS_Tick_GetInterval	4	static
C:/Roberto/O3/O3dev_edt_00/Middlewares/Third_Party/FreeRTOS/Source/CMSIS_RTOS_V2/cmsis_os2.c:486:11:osKernelGetTickFreq	4	static
C:/Roberto/O3/O3dev_edt_00/Middlewares/Third_Party/FreeRTOS/Source/CMSIS_RTOS_V2/cmsis_os2.c:494:10:osKernelGetSysTimerCount	32	static,ignoring_inline_asm
C:/Roberto/O3/O3dev_edt_00/Middlewares/Third_Party/FreeRTOS/Source/CMSIS_RTOS_V2/cmsis_os2.c:522:10:osKernelGetSysTimerFreq	4	static
C:/Roberto/O3/O3dev_edt_00/Middlewares/Third_Party/FreeRTOS/Source/CMSIS_RTOS_V2/cmsis_os2.c:538:14:osThreadNew	64	static
C:/Roberto/O3/O3dev_edt_00/Middlewares/Third_Party/FreeRTOS/Source/CMSIS_RTOS_V2/cmsis_os2.c:613:13:osThreadGetName	24	static
C:/Roberto/O3/O3dev_edt_00/Middlewares/Third_Party/FreeRTOS/Source/CMSIS_RTOS_V2/cmsis_os2.c:630:14:osThreadGetId	16	static
C:/Roberto/O3/O3dev_edt_00/Middlewares/Third_Party/FreeRTOS/Source/CMSIS_RTOS_V2/cmsis_os2.c:642:17:osThreadGetState	24	static
C:/Roberto/O3/O3dev_edt_00/Middlewares/Third_Party/FreeRTOS/Source/CMSIS_RTOS_V2/cmsis_os2.c:668:10:osThreadGetStackSpace	24	static
C:/Roberto/O3/O3dev_edt_00/Middlewares/Third_Party/FreeRTOS/Source/CMSIS_RTOS_V2/cmsis_os2.c:685:12:osThreadSetPriority	24	static
C:/Roberto/O3/O3dev_edt_00/Middlewares/Third_Party/FreeRTOS/Source/CMSIS_RTOS_V2/cmsis_os2.c:707:14:osThreadGetPriority	24	static
C:/Roberto/O3/O3dev_edt_00/Middlewares/Third_Party/FreeRTOS/Source/CMSIS_RTOS_V2/cmsis_os2.c:724:12:osThreadYield	16	static
C:/Roberto/O3/O3dev_edt_00/Middlewares/Third_Party/FreeRTOS/Source/CMSIS_RTOS_V2/cmsis_os2.c:742:12:osThreadSuspend	24	static
C:/Roberto/O3/O3dev_edt_00/Middlewares/Third_Party/FreeRTOS/Source/CMSIS_RTOS_V2/cmsis_os2.c:764:12:osThreadResume	24	static
C:/Roberto/O3/O3dev_edt_00/Middlewares/Third_Party/FreeRTOS/Source/CMSIS_RTOS_V2/cmsis_os2.c:787:18:osThreadExit	8	static
C:/Roberto/O3/O3dev_edt_00/Middlewares/Third_Party/FreeRTOS/Source/CMSIS_RTOS_V2/cmsis_os2.c:797:12:osThreadTerminate	32	static
C:/Roberto/O3/O3dev_edt_00/Middlewares/Third_Party/FreeRTOS/Source/CMSIS_RTOS_V2/cmsis_os2.c:830:10:osThreadGetCount	16	static
C:/Roberto/O3/O3dev_edt_00/Middlewares/Third_Party/FreeRTOS/Source/CMSIS_RTOS_V2/cmsis_os2.c:847:10:osThreadEnumerate	32	static
C:/Roberto/O3/O3dev_edt_00/Middlewares/Third_Party/FreeRTOS/Source/CMSIS_RTOS_V2/cmsis_os2.c:887:10:osThreadFlagsSet	40	static
C:/Roberto/O3/O3dev_edt_00/Middlewares/Third_Party/FreeRTOS/Source/CMSIS_RTOS_V2/cmsis_os2.c:918:10:osThreadFlagsClear	40	static
C:/Roberto/O3/O3dev_edt_00/Middlewares/Third_Party/FreeRTOS/Source/CMSIS_RTOS_V2/cmsis_os2.c:951:10:osThreadFlagsGet	24	static
C:/Roberto/O3/O3dev_edt_00/Middlewares/Third_Party/FreeRTOS/Source/CMSIS_RTOS_V2/cmsis_os2.c:973:10:osThreadFlagsWait	64	static
C:/Roberto/O3/O3dev_edt_00/Middlewares/Third_Party/FreeRTOS/Source/CMSIS_RTOS_V2/cmsis_os2.c:1055:12:osDelay	24	static
C:/Roberto/O3/O3dev_edt_00/Middlewares/Third_Party/FreeRTOS/Source/CMSIS_RTOS_V2/cmsis_os2.c:1076:12:osDelayUntil	32	static
C:/Roberto/O3/O3dev_edt_00/Middlewares/Third_Party/FreeRTOS/Source/CMSIS_RTOS_V2/cmsis_os2.c:1113:13:TimerCallback	24	static
C:/Roberto/O3/O3dev_edt_00/Middlewares/Third_Party/FreeRTOS/Source/CMSIS_RTOS_V2/cmsis_os2.c:1130:13:osTimerNew	56	static
C:/Roberto/O3/O3dev_edt_00/Middlewares/Third_Party/FreeRTOS/Source/CMSIS_RTOS_V2/cmsis_os2.c:1236:13:osTimerGetName	24	static
C:/Roberto/O3/O3dev_edt_00/Middlewares/Third_Party/FreeRTOS/Source/CMSIS_RTOS_V2/cmsis_os2.c:1253:12:osTimerStart	32	static
C:/Roberto/O3/O3dev_edt_00/Middlewares/Third_Party/FreeRTOS/Source/CMSIS_RTOS_V2/cmsis_os2.c:1278:12:osTimerStop	32	static
C:/Roberto/O3/O3dev_edt_00/Middlewares/Third_Party/FreeRTOS/Source/CMSIS_RTOS_V2/cmsis_os2.c:1308:10:osTimerIsRunning	24	static
C:/Roberto/O3/O3dev_edt_00/Middlewares/Third_Party/FreeRTOS/Source/CMSIS_RTOS_V2/cmsis_os2.c:1325:12:osTimerDelete	40	static
C:/Roberto/O3/O3dev_edt_00/Middlewares/Third_Party/FreeRTOS/Source/CMSIS_RTOS_V2/cmsis_os2.c:1377:18:osEventFlagsNew	24	static
C:/Roberto/O3/O3dev_edt_00/Middlewares/Third_Party/FreeRTOS/Source/CMSIS_RTOS_V2/cmsis_os2.c:1426:10:osEventFlagsSet	32	static
C:/Roberto/O3/O3dev_edt_00/Middlewares/Third_Party/FreeRTOS/Source/CMSIS_RTOS_V2/cmsis_os2.c:1464:10:osEventFlagsClear	24	static
C:/Roberto/O3/O3dev_edt_00/Middlewares/Third_Party/FreeRTOS/Source/CMSIS_RTOS_V2/cmsis_os2.c:1503:10:osEventFlagsGet	24	static
C:/Roberto/O3/O3dev_edt_00/Middlewares/Third_Party/FreeRTOS/Source/CMSIS_RTOS_V2/cmsis_os2.c:1528:10:osEventFlagsWait	48	static
C:/Roberto/O3/O3dev_edt_00/Middlewares/Third_Party/FreeRTOS/Source/CMSIS_RTOS_V2/cmsis_os2.c:1582:12:osEventFlagsDelete	24	static
C:/Roberto/O3/O3dev_edt_00/Middlewares/Third_Party/FreeRTOS/Source/CMSIS_RTOS_V2/cmsis_os2.c:1616:13:osMutexNew	32	static
C:/Roberto/O3/O3dev_edt_00/Middlewares/Third_Party/FreeRTOS/Source/CMSIS_RTOS_V2/cmsis_os2.c:1705:12:osMutexAcquire	32	static
C:/Roberto/O3/O3dev_edt_00/Middlewares/Third_Party/FreeRTOS/Source/CMSIS_RTOS_V2/cmsis_os2.c:1753:12:osMutexRelease	32	static
C:/Roberto/O3/O3dev_edt_00/Middlewares/Third_Party/FreeRTOS/Source/CMSIS_RTOS_V2/cmsis_os2.c:1793:14:osMutexGetOwner	24	static
C:/Roberto/O3/O3dev_edt_00/Middlewares/Third_Party/FreeRTOS/Source/CMSIS_RTOS_V2/cmsis_os2.c:1812:12:osMutexDelete	24	static
C:/Roberto/O3/O3dev_edt_00/Middlewares/Third_Party/FreeRTOS/Source/CMSIS_RTOS_V2/cmsis_os2.c:1847:17:osSemaphoreNew	40	static
C:/Roberto/O3/O3dev_edt_00/Middlewares/Third_Party/FreeRTOS/Source/CMSIS_RTOS_V2/cmsis_os2.c:1923:12:osSemaphoreAcquire	32	static
C:/Roberto/O3/O3dev_edt_00/Middlewares/Third_Party/FreeRTOS/Source/CMSIS_RTOS_V2/cmsis_os2.c:1964:12:osSemaphoreRelease	32	static
C:/Roberto/O3/O3dev_edt_00/Middlewares/Third_Party/FreeRTOS/Source/CMSIS_RTOS_V2/cmsis_os2.c:1996:10:osSemaphoreGetCount	24	static
C:/Roberto/O3/O3dev_edt_00/Middlewares/Third_Party/FreeRTOS/Source/CMSIS_RTOS_V2/cmsis_os2.c:2016:12:osSemaphoreDelete	24	static
C:/Roberto/O3/O3dev_edt_00/Middlewares/Third_Party/FreeRTOS/Source/CMSIS_RTOS_V2/cmsis_os2.c:2053:20:osMessageQueueNew	40	static
C:/Roberto/O3/O3dev_edt_00/Middlewares/Third_Party/FreeRTOS/Source/CMSIS_RTOS_V2/cmsis_os2.c:2114:12:osMessageQueuePut	40	static
C:/Roberto/O3/O3dev_edt_00/Middlewares/Third_Party/FreeRTOS/Source/CMSIS_RTOS_V2/cmsis_os2.c:2162:12:osMessageQueueGet	40	static
C:/Roberto/O3/O3dev_edt_00/Middlewares/Third_Party/FreeRTOS/Source/CMSIS_RTOS_V2/cmsis_os2.c:2207:10:osMessageQueueGetCapacity	24	static
C:/Roberto/O3/O3dev_edt_00/Middlewares/Third_Party/FreeRTOS/Source/CMSIS_RTOS_V2/cmsis_os2.c:2225:10:osMessageQueueGetMsgSize	24	static
C:/Roberto/O3/O3dev_edt_00/Middlewares/Third_Party/FreeRTOS/Source/CMSIS_RTOS_V2/cmsis_os2.c:2243:10:osMessageQueueGetCount	24	static
C:/Roberto/O3/O3dev_edt_00/Middlewares/Third_Party/FreeRTOS/Source/CMSIS_RTOS_V2/cmsis_os2.c:2264:10:osMessageQueueGetSpace	32	static
C:/Roberto/O3/O3dev_edt_00/Middlewares/Third_Party/FreeRTOS/Source/CMSIS_RTOS_V2/cmsis_os2.c:2291:12:osMessageQueueReset	24	static
C:/Roberto/O3/O3dev_edt_00/Middlewares/Third_Party/FreeRTOS/Source/CMSIS_RTOS_V2/cmsis_os2.c:2313:12:osMessageQueueDelete	24	static
C:/Roberto/O3/O3dev_edt_00/Middlewares/Third_Party/FreeRTOS/Source/CMSIS_RTOS_V2/cmsis_os2.c:2352:18:osMemoryPoolNew	48	static
C:/Roberto/O3/O3dev_edt_00/Middlewares/Third_Party/FreeRTOS/Source/CMSIS_RTOS_V2/cmsis_os2.c:2473:13:osMemoryPoolGetName	24	static
C:/Roberto/O3/O3dev_edt_00/Middlewares/Third_Party/FreeRTOS/Source/CMSIS_RTOS_V2/cmsis_os2.c:2494:7:osMemoryPoolAlloc	32	static
C:/Roberto/O3/O3dev_edt_00/Middlewares/Third_Party/FreeRTOS/Source/CMSIS_RTOS_V2/cmsis_os2.c:2555:12:osMemoryPoolFree	32	static
C:/Roberto/O3/O3dev_edt_00/Middlewares/Third_Party/FreeRTOS/Source/CMSIS_RTOS_V2/cmsis_os2.c:2621:10:osMemoryPoolGetCapacity	24	static
C:/Roberto/O3/O3dev_edt_00/Middlewares/Third_Party/FreeRTOS/Source/CMSIS_RTOS_V2/cmsis_os2.c:2648:10:osMemoryPoolGetBlockSize	24	static
C:/Roberto/O3/O3dev_edt_00/Middlewares/Third_Party/FreeRTOS/Source/CMSIS_RTOS_V2/cmsis_os2.c:2675:10:osMemoryPoolGetCount	24	static
C:/Roberto/O3/O3dev_edt_00/Middlewares/Third_Party/FreeRTOS/Source/CMSIS_RTOS_V2/cmsis_os2.c:2708:10:osMemoryPoolGetSpace	24	static
C:/Roberto/O3/O3dev_edt_00/Middlewares/Third_Party/FreeRTOS/Source/CMSIS_RTOS_V2/cmsis_os2.c:2739:12:osMemoryPoolDelete	24	static
C:/Roberto/O3/O3dev_edt_00/Middlewares/Third_Party/FreeRTOS/Source/CMSIS_RTOS_V2/cmsis_os2.c:2786:14:CreateBlock	24	static
C:/Roberto/O3/O3dev_edt_00/Middlewares/Third_Party/FreeRTOS/Source/CMSIS_RTOS_V2/cmsis_os2.c:2803:14:AllocBlock	24	static
C:/Roberto/O3/O3dev_edt_00/Middlewares/Third_Party/FreeRTOS/Source/CMSIS_RTOS_V2/cmsis_os2.c:2820:13:FreeBlock	24	static
C:/Roberto/O3/O3dev_edt_00/Middlewares/Third_Party/FreeRTOS/Source/CMSIS_RTOS_V2/cmsis_os2.c:2841:13:vApplicationIdleHook	4	static
C:/Roberto/O3/O3dev_edt_00/Middlewares/Third_Party/FreeRTOS/Source/CMSIS_RTOS_V2/cmsis_os2.c:2887:13:vApplicationGetIdleTaskMemory	24	static
C:/Roberto/O3/O3dev_edt_00/Middlewares/Third_Party/FreeRTOS/Source/CMSIS_RTOS_V2/cmsis_os2.c:2901:13:vApplicationGetTimerTaskMemory	24	static
