../Drivers/O3/Fsm_o3/fsm_o3_operation.c:118:6:DelegateDummy	4	static
../Drivers/O3/Fsm_o3/fsm_o3_operation.c:122:6:DelegateDummy2	4	static
../Drivers/O3/Fsm_o3/fsm_o3_operation.c:127:6:DelegateDummy3	16	static
../Drivers/O3/Fsm_o3/fsm_o3_operation.c:132:6:DelegateDummy4	16	static
../Drivers/O3/Fsm_o3/fsm_o3_operation.c:139:6:WelcomeMessage	8	static
../Drivers/O3/Fsm_o3/fsm_o3_operation.c:156:6:ResolveGenerationMode	8	static
../Drivers/O3/Fsm_o3/fsm_o3_operation.c:174:6:ChangeState	16	static
../Drivers/O3/Fsm_o3/fsm_o3_operation.c:192:6:ManageCommand	16	static
../Drivers/O3/Fsm_o3/fsm_o3_operation.c:235:6:ClearErrors	128	static
../Drivers/O3/Fsm_o3/fsm_o3_operation.c:248:6:SendReset	128	static
../Drivers/O3/Fsm_o3/fsm_o3_operation.c:257:6:SendStopCommand	128	static
../Drivers/O3/Fsm_o3/fsm_o3_operation.c:276:6:SendGenerationCommands	136	static
../Drivers/O3/Fsm_o3/fsm_o3_operation.c:324:6:SwitchOutputValves	136	static
../Drivers/O3/Fsm_o3/fsm_o3_operation.c:348:6:InitialCheck_1	128	static
../Drivers/O3/Fsm_o3/fsm_o3_operation.c:423:6:DebugO3SensorTune	128	static
../Drivers/O3/Fsm_o3/fsm_o3_operation.c:435:6:InitialCheck_2_Ini	8	static
../Drivers/O3/Fsm_o3/fsm_o3_operation.c:440:6:InitialCheck_2	8	static
../Drivers/O3/Fsm_o3/fsm_o3_operation.c:447:6:InitialCheck_2_FSM	136	static
../Drivers/O3/Fsm_o3/fsm_o3_operation.c:558:6:InitialCheck_3	144	static
../Drivers/O3/Fsm_o3/fsm_o3_operation.c:689:6:GotoInitialCheck	8	static
../Drivers/O3/Fsm_o3/fsm_o3_operation.c:698:6:GotoService	8	static
../Drivers/O3/Fsm_o3/fsm_o3_operation.c:749:6:GotoRepose	8	static
../Drivers/O3/Fsm_o3/fsm_o3_operation.c:754:6:WaitingForProtocol	8	static
../Drivers/O3/Fsm_o3/fsm_o3_operation.c:787:6:GotoCalibrateFlow	128	static
../Drivers/O3/Fsm_o3/fsm_o3_operation.c:814:6:GotoCalibrateO3	128	static
../Drivers/O3/Fsm_o3/fsm_o3_operation.c:837:6:StartForO3Calibration	128	static
../Drivers/O3/Fsm_o3/fsm_o3_operation.c:874:6:GotoCalibratePeriod	8	static
../Drivers/O3/Fsm_o3/fsm_o3_operation.c:881:6:GotoAdjustPressCompFactor	128	static
../Drivers/O3/Fsm_o3/fsm_o3_operation.c:927:6:GotoSaveParameters	8	static
../Drivers/O3/Fsm_o3/fsm_o3_operation.c:933:6:GotoLoadParameters	8	static
../Drivers/O3/Fsm_o3/fsm_o3_operation.c:940:6:GotoError	16	static
../Drivers/O3/Fsm_o3/fsm_o3_operation.c:1000:6:ExitError	8	static
../Drivers/O3/Fsm_o3/fsm_o3_operation.c:1053:6:GotoWashing	16	static
../Drivers/O3/Fsm_o3/fsm_o3_operation.c:1060:6:WashingIni	128	static
../Drivers/O3/Fsm_o3/fsm_o3_operation.c:1080:6:WashingExtesion	4	static
../Drivers/O3/Fsm_o3/fsm_o3_operation.c:1090:8:GetCumulatedVolume	128	static
../Drivers/O3/Fsm_o3/fsm_o3_operation.c:1108:6:SetFanDependingOnTemperature	136	static
../Drivers/O3/Fsm_o3/fsm_o3_operation.c:1133:6:SetMaxAllowedFlow	4	static
../Drivers/O3/Fsm_o3/fsm_o3_operation.c:1163:6:SetMaxAllowedTime	16	static
../Drivers/O3/Fsm_o3/fsm_o3_operation.c:1199:7:DepressureNeededOnError	16	static
../Drivers/O3/Fsm_o3/fsm_o3_operation.c:1220:6:GotoDepressure	16	static
../Drivers/O3/Fsm_o3/fsm_o3_operation.c:1230:6:UpdateDepressure	8	static
../Drivers/O3/Fsm_o3/fsm_o3_operation.c:1241:6:UpdateWashing	8	static
../Drivers/O3/Fsm_o3/fsm_o3_operation.c:1251:6:CancelWashing	8	static
../Drivers/O3/Fsm_o3/fsm_o3_operation.c:1258:5:SquareRoot	32	static
../Drivers/O3/Fsm_o3/fsm_o3_operation.c:1285:7:ComputeFlowSlope	32	static
../Drivers/O3/Fsm_o3/fsm_o3_operation.c:1306:8:ComputeDeadTime	16	static
../Drivers/O3/Fsm_o3/fsm_o3_operation.c:1311:6:SendGeneratorStartSequence	136	static
../Drivers/O3/Fsm_o3/fsm_o3_operation.c:1354:6:TestCurrentStart	128	static
../Drivers/O3/Fsm_o3/fsm_o3_operation.c:1430:6:SaveParameters	128	static
../Drivers/O3/Fsm_o3/fsm_o3_operation.c:1479:6:LoadParameters	128	static
../Drivers/O3/Fsm_o3/fsm_o3_operation.c:1552:6:Initialize	8	static
../Drivers/O3/Fsm_o3/fsm_o3_operation.c:1568:7:GetInstantAbsolutePressure	16	static
../Drivers/O3/Fsm_o3/fsm_o3_operation.c:1581:6:ManageFsmEvents	8	static
../Drivers/O3/Fsm_o3/fsm_o3_operation.c:1593:6:KeepAlive	128	static
../Drivers/O3/Fsm_o3/fsm_o3_operation.c:1604:6:SensorProcess	128	static
../Drivers/O3/Fsm_o3/fsm_o3_operation.c:1673:6:SensorMeanComputation	24	static
../Drivers/O3/Fsm_o3/fsm_o3_operation.c:1689:6:CheckFlowStability	128	static
../Drivers/O3/Fsm_o3/fsm_o3_operation.c:1721:6:CheckOzoneStability	128	static
../Drivers/O3/Fsm_o3/fsm_o3_operation.c:1770:6:UpdateProcess	8	static
../Drivers/O3/Fsm_o3/fsm_o3_operation.c:1818:6:SkipAdjusting	16	static
../Drivers/O3/Fsm_o3/fsm_o3_operation.c:1829:6:LaunchTherapy	32	static
../Drivers/O3/Fsm_o3/fsm_o3_operation.c:1862:6:FSM_ProcessEvents	8	static
../Drivers/O3/Fsm_o3/fsm_o3_operation.c:1936:8:ComputeSalineTime	24	static
../Drivers/O3/Fsm_o3/fsm_o3_operation.c:1949:6:ResetTiming	8	static
../Drivers/O3/Fsm_o3/fsm_o3_operation.c:2002:6:ResetCumulativeValues	8	static
../Drivers/O3/Fsm_o3/fsm_o3_operation.c:2017:6:GotoGenerating	128	static
../Drivers/O3/Fsm_o3/fsm_o3_operation.c:2065:6:GotoUserCancelled	8	static
../Drivers/O3/Fsm_o3/fsm_o3_operation.c:2092:6:GotoEndOperation	8	static
../Drivers/O3/Fsm_o3/fsm_o3_operation.c:2136:6:GotoOverPressure	8	static
../Drivers/O3/Fsm_o3/fsm_o3_operation.c:2156:6:StartGenerationInitialSettings	16	static
../Drivers/O3/Fsm_o3/fsm_o3_operation.c:2196:6:StartGeneration	16	static
../Drivers/O3/Fsm_o3/fsm_o3_operation.c:2220:6:UpdateSecondSelectorValue	16	static
../Drivers/O3/Fsm_o3/fsm_o3_operation.c:2268:6:KeyOnPushForSaline	8	static
../Drivers/O3/Fsm_o3/fsm_o3_operation.c:2276:6:KeyOnPushForOpenBag	8	static
../Drivers/O3/Fsm_o3/fsm_o3_operation.c:2284:6:KeyOnPushForClosedBag	8	static
../Drivers/O3/Fsm_o3/fsm_o3_operation.c:2292:6:KeyOnPushForInsufflation	8	static
../Drivers/O3/Fsm_o3/fsm_o3_operation.c:2315:6:KeyOnPushForManual	128	static
../Drivers/O3/Fsm_o3/fsm_o3_operation.c:2336:6:KeyOnPushForSyringeManual	8	static
../Drivers/O3/Fsm_o3/fsm_o3_operation.c:2347:6:KeyOnPush	8	static
../Drivers/O3/Fsm_o3/fsm_o3_operation.c:2359:6:KeyOnRelease	8	static
../Drivers/O3/Fsm_o3/fsm_o3_operation.c:2382:6:ReleasePressureDuringGeneration	8	static
../Drivers/O3/Fsm_o3/fsm_o3_operation.c:2393:6:PauseAndReleasePressure	8	static
../Drivers/O3/Fsm_o3/fsm_o3_operation.c:2407:6:UpdateGeneratingForDental	8	static
../Drivers/O3/Fsm_o3/fsm_o3_operation.c:2453:6:UpdateGeneratingForSyringe	32	static
../Drivers/O3/Fsm_o3/fsm_o3_operation.c:2559:6:UpdateGenerating	16	static
../Drivers/O3/Fsm_o3/fsm_o3_operation.c:2646:6:DetectFalseFlowSituation	128	static
../Drivers/O3/Fsm_o3/fsm_o3_operation.c:2678:6:DetectHighVoltageDisconnection	4	static
../Drivers/O3/Fsm_o3/fsm_o3_operation.c:2704:6:GeneratorCleanStart	136	static
../Drivers/O3/Fsm_o3/fsm_o3_operation.c:2726:6:O3SensorTune_Ini	8	static
../Drivers/O3/Fsm_o3/fsm_o3_operation.c:2731:6:O3SensorTune	8	static
../Drivers/O3/Fsm_o3/fsm_o3_operation.c:2736:6:O3SensorTune_FSM	136	static
../Drivers/O3/Fsm_o3/fsm_o3_operation.c:2799:6:EndVacuumPressure	8	static
../Drivers/O3/Fsm_o3/fsm_o3_operation.c:2806:6:EndVacuumTime	8	static
../Drivers/O3/Fsm_o3/fsm_o3_operation.c:2824:6:CancelVacuum	8	static
../Drivers/O3/Fsm_o3/fsm_o3_operation.c:2831:6:PauseVacuum	8	static
../Drivers/O3/Fsm_o3/fsm_o3_operation.c:2845:6:SkipVacuum	8	static
../Drivers/O3/Fsm_o3/fsm_o3_operation.c:2861:6:ModifyVacuum	8	static
../Drivers/O3/Fsm_o3/fsm_o3_operation.c:2874:6:UpdateVacuumByPressure	128	static
../Drivers/O3/Fsm_o3/fsm_o3_operation.c:2890:6:UpdateVacuumBytime	128	static
../Drivers/O3/Fsm_o3/fsm_o3_operation.c:2915:6:UpdateVacuum	8	static
../Drivers/O3/Fsm_o3/fsm_o3_operation.c:2926:6:SetVacuum	136	static
../Drivers/O3/Fsm_o3/fsm_o3_operation.c:2937:6:SetVacuumState	16	static
../Drivers/O3/Fsm_o3/fsm_o3_operation.c:2944:6:StartVacuumGeneration	128	static
../Drivers/O3/Fsm_o3/fsm_o3_operation.c:2963:6:GotoVacuumGeneration	8	static
../Drivers/O3/Fsm_o3/fsm_o3_operation.c:2970:6:UpdateTherapyTime	8	static
../Drivers/O3/Fsm_o3/fsm_o3_operation.c:2979:6:CancelTherapyTime	8	static
../Drivers/O3/Fsm_o3/fsm_o3_operation.c:2985:6:GotoStuffConnected	8	static
../Drivers/O3/Fsm_o3/fsm_o3_operation.c:3000:18:ConvertTherapyOption	16	static
../Drivers/O3/Fsm_o3/fsm_o3_operation.c:3016:6:CalibrateO3_Ref_1_Ok	128	static
../Drivers/O3/Fsm_o3/fsm_o3_operation.c:3053:6:O3SensorCalibrationEnd	136	static
../Drivers/O3/Fsm_o3/fsm_o3_operation.c:3135:6:CalibrateO3_Ref_1_Value	128	static
../Drivers/O3/Fsm_o3/fsm_o3_operation.c:3147:6:CalibrateO3_Ref_2_Ok	128	static
../Drivers/O3/Fsm_o3/fsm_o3_operation.c:3164:6:CalibrateO3_Ref_2_Value	128	static
../Drivers/O3/Fsm_o3/fsm_o3_operation.c:3177:6:CalibrateO3_Ref_3_Ok	128	static
../Drivers/O3/Fsm_o3/fsm_o3_operation.c:3202:6:CalibrateO3_Ref_3_Value	128	static
../Drivers/O3/Fsm_o3/fsm_o3_operation.c:3214:6:CalibrateFlowStep1_Ok	8	static
../Drivers/O3/Fsm_o3/fsm_o3_operation.c:3219:6:CalibrateFlowStep1_Value	128	static
../Drivers/O3/Fsm_o3/fsm_o3_operation.c:3233:6:CalibrateFlowStep2	136	static
../Drivers/O3/Fsm_o3/fsm_o3_operation.c:3275:6:CalibratePressureInit	128	static
../Drivers/O3/Fsm_o3/fsm_o3_operation.c:3307:6:CalibratePressureStep1	8	static
../Drivers/O3/Fsm_o3/fsm_o3_operation.c:3313:6:CalibratePressureStep2	8	static
../Drivers/O3/Fsm_o3/fsm_o3_operation.c:3319:6:CalibratePressure	136	static
../Drivers/O3/Fsm_o3/fsm_o3_operation.c:3382:6:ResetOption	4	static
../Drivers/O3/Fsm_o3/fsm_o3_operation.c:3387:6:refreshGeneratorVersion	128	static
../Drivers/O3/Fsm_o3/fsm_o3_operation.c:3398:7:getPressureSensor	128	static
../Drivers/O3/Fsm_o3/fsm_o3_operation.c:3410:7:getTemperatureSensor	128	static
../Drivers/O3/Fsm_o3/fsm_o3_operation.c:3422:6:refreshParameters	144	static
../Drivers/O3/Fsm_o3/fsm_o3_operation.c:3475:6:refreshStartupInfo	40	static
../Drivers/O3/Fsm_o3/fsm_o3_operation.c:3504:6:StartResonanceFrequencySearch	128	static
../Drivers/O3/Fsm_o3/fsm_o3_operation.c:3533:7:MeasureCurrent	136	static
../Drivers/O3/Fsm_o3/fsm_o3_operation.c:3555:6:UpdateResonanceFrequencySearch	136	static
../Drivers/O3/Fsm_o3/fsm_o3_operation.c:3646:6:CalibratePeriodUpdate	8	static
../Drivers/O3/Fsm_o3/fsm_o3_operation.c:3651:6:SkipErrors	128	static
../Drivers/O3/Fsm_o3/fsm_o3_operation.c:3661:6:RestoreErrors	128	static
../Drivers/O3/Fsm_o3/fsm_o3_operation.c:3671:6:StopManualGap	8	static
../Drivers/O3/Fsm_o3/fsm_o3_operation.c:3676:6:StartManualGap	8	static
../Drivers/O3/Fsm_o3/fsm_o3_operation.c:3681:6:TestIni	128	static
