../Drivers/O3/Fsm_o3/fsm_o3_operation.c:122:6:DelegateDummy	4	static
../Drivers/O3/Fsm_o3/fsm_o3_operation.c:126:6:DelegateDummy2	4	static
../Drivers/O3/Fsm_o3/fsm_o3_operation.c:131:6:DelegateDummy3	16	static
../Drivers/O3/Fsm_o3/fsm_o3_operation.c:136:6:DelegateDummy4	16	static
../Drivers/O3/Fsm_o3/fsm_o3_operation.c:147:6:deb_printf	28	static
../Drivers/O3/Fsm_o3/fsm_o3_operation.c:180:6:WelcomeMessage	8	static
../Drivers/O3/Fsm_o3/fsm_o3_operation.c:197:6:ResolveGenerationMode	8	static
../Drivers/O3/Fsm_o3/fsm_o3_operation.c:215:6:ChangeState	16	static
../Drivers/O3/Fsm_o3/fsm_o3_operation.c:233:6:ManageCommand	16	static
../Drivers/O3/Fsm_o3/fsm_o3_operation.c:276:6:ClearErrors	128	static
../Drivers/O3/Fsm_o3/fsm_o3_operation.c:289:6:SendReset	128	static
../Drivers/O3/Fsm_o3/fsm_o3_operation.c:298:6:SendStopCommand	128	static
../Drivers/O3/Fsm_o3/fsm_o3_operation.c:317:6:SendGenerationCommands	136	static
../Drivers/O3/Fsm_o3/fsm_o3_operation.c:367:6:SwitchOutputValves	136	static
../Drivers/O3/Fsm_o3/fsm_o3_operation.c:391:6:InitialCheck_1	128	static
../Drivers/O3/Fsm_o3/fsm_o3_operation.c:466:6:DebugO3SensorTune	128	static
../Drivers/O3/Fsm_o3/fsm_o3_operation.c:478:6:InitialCheck_2_Ini	8	static
../Drivers/O3/Fsm_o3/fsm_o3_operation.c:483:6:InitialCheck_2	8	static
../Drivers/O3/Fsm_o3/fsm_o3_operation.c:490:6:InitialCheck_2_FSM	136	static
../Drivers/O3/Fsm_o3/fsm_o3_operation.c:601:6:InitialCheck_3	144	static
../Drivers/O3/Fsm_o3/fsm_o3_operation.c:732:6:GotoInitialCheck	8	static
../Drivers/O3/Fsm_o3/fsm_o3_operation.c:741:6:GotoService	8	static
../Drivers/O3/Fsm_o3/fsm_o3_operation.c:794:6:GotoRepose	8	static
../Drivers/O3/Fsm_o3/fsm_o3_operation.c:799:6:WaitingForProtocol	8	static
../Drivers/O3/Fsm_o3/fsm_o3_operation.c:833:6:GotoCalibrateFlow	128	static
../Drivers/O3/Fsm_o3/fsm_o3_operation.c:860:6:GotoCalibrateO3	128	static
../Drivers/O3/Fsm_o3/fsm_o3_operation.c:883:6:StartForO3Calibration	128	static
../Drivers/O3/Fsm_o3/fsm_o3_operation.c:920:6:GotoCalibratePeriod	8	static
../Drivers/O3/Fsm_o3/fsm_o3_operation.c:927:6:GotoAdjustPressCompFactor	128	static
../Drivers/O3/Fsm_o3/fsm_o3_operation.c:973:6:GotoSaveParameters	8	static
../Drivers/O3/Fsm_o3/fsm_o3_operation.c:979:6:GotoLoadParameters	8	static
../Drivers/O3/Fsm_o3/fsm_o3_operation.c:986:6:GotoError	16	static
../Drivers/O3/Fsm_o3/fsm_o3_operation.c:1046:6:ExitError	8	static
../Drivers/O3/Fsm_o3/fsm_o3_operation.c:1099:6:GotoWashing	16	static
../Drivers/O3/Fsm_o3/fsm_o3_operation.c:1106:6:WashingIni	128	static
../Drivers/O3/Fsm_o3/fsm_o3_operation.c:1126:6:WashingExtesion	4	static
../Drivers/O3/Fsm_o3/fsm_o3_operation.c:1136:8:GetCumulatedVolume	128	static
../Drivers/O3/Fsm_o3/fsm_o3_operation.c:1154:6:SetFanDependingOnTemperature	136	static
../Drivers/O3/Fsm_o3/fsm_o3_operation.c:1179:6:SetMaxAllowedFlow	4	static
../Drivers/O3/Fsm_o3/fsm_o3_operation.c:1209:6:SetMaxAllowedTime	16	static
../Drivers/O3/Fsm_o3/fsm_o3_operation.c:1245:7:DepressureNeededOnError	16	static
../Drivers/O3/Fsm_o3/fsm_o3_operation.c:1266:6:GotoDepressure	16	static
../Drivers/O3/Fsm_o3/fsm_o3_operation.c:1276:6:UpdateDepressure	8	static
../Drivers/O3/Fsm_o3/fsm_o3_operation.c:1287:6:UpdateWashing	8	static
../Drivers/O3/Fsm_o3/fsm_o3_operation.c:1297:6:CancelWashing	8	static
../Drivers/O3/Fsm_o3/fsm_o3_operation.c:1304:5:SquareRoot	32	static
../Drivers/O3/Fsm_o3/fsm_o3_operation.c:1331:7:ComputeFlowSlope	32	static
../Drivers/O3/Fsm_o3/fsm_o3_operation.c:1352:8:ComputeDeadTime	16	static
../Drivers/O3/Fsm_o3/fsm_o3_operation.c:1357:6:SendGeneratorStartSequence	136	static
../Drivers/O3/Fsm_o3/fsm_o3_operation.c:1400:6:TestCurrentStart	128	static
../Drivers/O3/Fsm_o3/fsm_o3_operation.c:1476:6:SaveParameters	128	static
../Drivers/O3/Fsm_o3/fsm_o3_operation.c:1525:6:LoadParameters	128	static
../Drivers/O3/Fsm_o3/fsm_o3_operation.c:1598:6:Initialize	8	static
../Drivers/O3/Fsm_o3/fsm_o3_operation.c:1614:7:GetInstantAbsolutePressure	16	static
../Drivers/O3/Fsm_o3/fsm_o3_operation.c:1627:6:ManageFsmEvents	8	static
../Drivers/O3/Fsm_o3/fsm_o3_operation.c:1639:6:KeepAlive	128	static
../Drivers/O3/Fsm_o3/fsm_o3_operation.c:1650:6:SensorProcess	128	static
../Drivers/O3/Fsm_o3/fsm_o3_operation.c:1719:6:SensorMeanComputation	24	static
../Drivers/O3/Fsm_o3/fsm_o3_operation.c:1735:6:CheckFlowStability	128	static
../Drivers/O3/Fsm_o3/fsm_o3_operation.c:1767:6:CheckOzoneStability	128	static
../Drivers/O3/Fsm_o3/fsm_o3_operation.c:1816:6:UpdateProcess	8	static
../Drivers/O3/Fsm_o3/fsm_o3_operation.c:1864:6:SkipAdjusting	16	static
../Drivers/O3/Fsm_o3/fsm_o3_operation.c:1875:6:LaunchTherapy	32	static
../Drivers/O3/Fsm_o3/fsm_o3_operation.c:1908:6:FSM_ProcessEvents	8	static
../Drivers/O3/Fsm_o3/fsm_o3_operation.c:1982:8:ComputeSalineTime	24	static
../Drivers/O3/Fsm_o3/fsm_o3_operation.c:1995:6:ResetTiming	8	static
../Drivers/O3/Fsm_o3/fsm_o3_operation.c:2048:6:ResetCumulativeValues	8	static
../Drivers/O3/Fsm_o3/fsm_o3_operation.c:2063:6:GotoGenerating	128	static
../Drivers/O3/Fsm_o3/fsm_o3_operation.c:2111:6:GotoUserCancelled	8	static
../Drivers/O3/Fsm_o3/fsm_o3_operation.c:2138:6:GotoEndOperation	8	static
../Drivers/O3/Fsm_o3/fsm_o3_operation.c:2182:6:GotoOverPressure	8	static
../Drivers/O3/Fsm_o3/fsm_o3_operation.c:2202:6:StartGenerationInitialSettings	16	static
../Drivers/O3/Fsm_o3/fsm_o3_operation.c:2242:6:StartGeneration	16	static
../Drivers/O3/Fsm_o3/fsm_o3_operation.c:2266:6:UpdateSecondSelectorValue	16	static
../Drivers/O3/Fsm_o3/fsm_o3_operation.c:2314:6:KeyOnPushForSaline	8	static
../Drivers/O3/Fsm_o3/fsm_o3_operation.c:2322:6:KeyOnPushForOpenBag	8	static
../Drivers/O3/Fsm_o3/fsm_o3_operation.c:2330:6:KeyOnPushForClosedBag	8	static
../Drivers/O3/Fsm_o3/fsm_o3_operation.c:2338:6:KeyOnPushForInsufflation	8	static
../Drivers/O3/Fsm_o3/fsm_o3_operation.c:2361:6:KeyOnPushForManual	128	static
../Drivers/O3/Fsm_o3/fsm_o3_operation.c:2382:6:KeyOnPushForSyringeManual	8	static
../Drivers/O3/Fsm_o3/fsm_o3_operation.c:2393:6:KeyOnPush	8	static
../Drivers/O3/Fsm_o3/fsm_o3_operation.c:2405:6:KeyOnRelease	8	static
../Drivers/O3/Fsm_o3/fsm_o3_operation.c:2428:6:ReleasePressureDuringGeneration	8	static
../Drivers/O3/Fsm_o3/fsm_o3_operation.c:2439:6:PauseAndReleasePressure	8	static
../Drivers/O3/Fsm_o3/fsm_o3_operation.c:2453:6:UpdateGeneratingForDental	8	static
../Drivers/O3/Fsm_o3/fsm_o3_operation.c:2499:6:UpdateGeneratingForSyringe	32	static
../Drivers/O3/Fsm_o3/fsm_o3_operation.c:2605:6:UpdateGenerating	16	static
../Drivers/O3/Fsm_o3/fsm_o3_operation.c:2692:6:DetectFalseFlowSituation	128	static
../Drivers/O3/Fsm_o3/fsm_o3_operation.c:2724:6:DetectHighVoltageDisconnection	4	static
../Drivers/O3/Fsm_o3/fsm_o3_operation.c:2750:6:GeneratorCleanStart	136	static
../Drivers/O3/Fsm_o3/fsm_o3_operation.c:2772:6:O3SensorTune_Ini	8	static
../Drivers/O3/Fsm_o3/fsm_o3_operation.c:2777:6:O3SensorTune	8	static
../Drivers/O3/Fsm_o3/fsm_o3_operation.c:2782:6:O3SensorTune_FSM	136	static
../Drivers/O3/Fsm_o3/fsm_o3_operation.c:2845:6:EndVacuumPressure	8	static
../Drivers/O3/Fsm_o3/fsm_o3_operation.c:2852:6:EndVacuumTime	8	static
../Drivers/O3/Fsm_o3/fsm_o3_operation.c:2870:6:CancelVacuum	8	static
../Drivers/O3/Fsm_o3/fsm_o3_operation.c:2877:6:PauseVacuum	8	static
../Drivers/O3/Fsm_o3/fsm_o3_operation.c:2891:6:SkipVacuum	8	static
../Drivers/O3/Fsm_o3/fsm_o3_operation.c:2907:6:ModifyVacuum	8	static
../Drivers/O3/Fsm_o3/fsm_o3_operation.c:2920:6:UpdateVacuumByPressure	128	static
../Drivers/O3/Fsm_o3/fsm_o3_operation.c:2936:6:UpdateVacuumBytime	128	static
../Drivers/O3/Fsm_o3/fsm_o3_operation.c:2961:6:UpdateVacuum	8	static
../Drivers/O3/Fsm_o3/fsm_o3_operation.c:2972:6:SetVacuum	136	static
../Drivers/O3/Fsm_o3/fsm_o3_operation.c:2983:6:SetVacuumState	16	static
../Drivers/O3/Fsm_o3/fsm_o3_operation.c:2990:6:StartVacuumGeneration	128	static
../Drivers/O3/Fsm_o3/fsm_o3_operation.c:3009:6:GotoVacuumGeneration	8	static
../Drivers/O3/Fsm_o3/fsm_o3_operation.c:3016:6:UpdateTherapyTime	8	static
../Drivers/O3/Fsm_o3/fsm_o3_operation.c:3025:6:CancelTherapyTime	8	static
../Drivers/O3/Fsm_o3/fsm_o3_operation.c:3031:6:GotoStuffConnected	8	static
../Drivers/O3/Fsm_o3/fsm_o3_operation.c:3046:18:ConvertTherapyOption	16	static
../Drivers/O3/Fsm_o3/fsm_o3_operation.c:3062:6:CalibrateO3_Ref_1_Ok	128	static
../Drivers/O3/Fsm_o3/fsm_o3_operation.c:3099:6:O3SensorCalibrationEnd	136	static
../Drivers/O3/Fsm_o3/fsm_o3_operation.c:3181:6:CalibrateO3_Ref_1_Value	128	static
../Drivers/O3/Fsm_o3/fsm_o3_operation.c:3193:6:CalibrateO3_Ref_2_Ok	128	static
../Drivers/O3/Fsm_o3/fsm_o3_operation.c:3210:6:CalibrateO3_Ref_2_Value	128	static
../Drivers/O3/Fsm_o3/fsm_o3_operation.c:3223:6:CalibrateO3_Ref_3_Ok	128	static
../Drivers/O3/Fsm_o3/fsm_o3_operation.c:3248:6:CalibrateO3_Ref_3_Value	128	static
../Drivers/O3/Fsm_o3/fsm_o3_operation.c:3260:6:CalibrateFlowStep1_Ok	8	static
../Drivers/O3/Fsm_o3/fsm_o3_operation.c:3265:6:CalibrateFlowStep1_Value	128	static
../Drivers/O3/Fsm_o3/fsm_o3_operation.c:3279:6:CalibrateFlowStep2	136	static
../Drivers/O3/Fsm_o3/fsm_o3_operation.c:3321:6:CalibratePressureInit	128	static
../Drivers/O3/Fsm_o3/fsm_o3_operation.c:3353:6:CalibratePressureStep1	8	static
../Drivers/O3/Fsm_o3/fsm_o3_operation.c:3359:6:CalibratePressureStep2	8	static
../Drivers/O3/Fsm_o3/fsm_o3_operation.c:3365:6:CalibratePressure	136	static
../Drivers/O3/Fsm_o3/fsm_o3_operation.c:3428:6:ResetOption	4	static
../Drivers/O3/Fsm_o3/fsm_o3_operation.c:3433:6:refreshGeneratorVersion	128	static
../Drivers/O3/Fsm_o3/fsm_o3_operation.c:3444:7:getPressureSensor	128	static
../Drivers/O3/Fsm_o3/fsm_o3_operation.c:3456:7:getTemperatureSensor	128	static
../Drivers/O3/Fsm_o3/fsm_o3_operation.c:3468:6:refreshParameters	144	static
../Drivers/O3/Fsm_o3/fsm_o3_operation.c:3521:6:refreshStartupInfo	40	static
../Drivers/O3/Fsm_o3/fsm_o3_operation.c:3550:6:StartResonanceFrequencySearch	128	static
../Drivers/O3/Fsm_o3/fsm_o3_operation.c:3579:7:MeasureCurrent	136	static
../Drivers/O3/Fsm_o3/fsm_o3_operation.c:3601:6:UpdateResonanceFrequencySearch	136	static
../Drivers/O3/Fsm_o3/fsm_o3_operation.c:3692:6:CalibratePeriodUpdate	8	static
../Drivers/O3/Fsm_o3/fsm_o3_operation.c:3697:6:SkipErrors	128	static
../Drivers/O3/Fsm_o3/fsm_o3_operation.c:3707:6:RestoreErrors	128	static
../Drivers/O3/Fsm_o3/fsm_o3_operation.c:3717:6:StopManualGap	8	static
../Drivers/O3/Fsm_o3/fsm_o3_operation.c:3722:6:StartManualGap	8	static
../Drivers/O3/Fsm_o3/fsm_o3_operation.c:3727:6:TestIni	128	static
