../Drivers/O3/Fsm_o3/fsm_o3_operation.c:115:6:DelegateDummy	4	static
../Drivers/O3/Fsm_o3/fsm_o3_operation.c:119:6:DelegateDummy2	4	static
../Drivers/O3/Fsm_o3/fsm_o3_operation.c:124:6:DelegateDummy3	16	static
../Drivers/O3/Fsm_o3/fsm_o3_operation.c:129:6:DelegateDummy4	16	static
../Drivers/O3/Fsm_o3/fsm_o3_operation.c:134:6:SoftwareReset	4	static
../Drivers/O3/Fsm_o3/fsm_o3_operation.c:138:6:Beep	4	static
../Drivers/O3/Fsm_o3/fsm_o3_operation.c:146:6:deb_printf	28	static
../Drivers/O3/Fsm_o3/fsm_o3_operation.c:179:6:WelcomeMessage	8	static
../Drivers/O3/Fsm_o3/fsm_o3_operation.c:192:6:ResolveGenerationMode	8	static
../Drivers/O3/Fsm_o3/fsm_o3_operation.c:210:6:ChangeState	16	static
../Drivers/O3/Fsm_o3/fsm_o3_operation.c:228:6:ManageCommand	16	static
../Drivers/O3/Fsm_o3/fsm_o3_operation.c:271:6:ClearErrors	128	static
../Drivers/O3/Fsm_o3/fsm_o3_operation.c:284:6:SendReset	128	static
../Drivers/O3/Fsm_o3/fsm_o3_operation.c:293:6:SendStopCommand	128	static
../Drivers/O3/Fsm_o3/fsm_o3_operation.c:312:6:SendGenerationCommands	136	static
../Drivers/O3/Fsm_o3/fsm_o3_operation.c:362:6:SwitchOutputValves	136	static
../Drivers/O3/Fsm_o3/fsm_o3_operation.c:386:6:InitialCheck_1	128	static
../Drivers/O3/Fsm_o3/fsm_o3_operation.c:461:6:DebugO3SensorTune	128	static
../Drivers/O3/Fsm_o3/fsm_o3_operation.c:473:6:InitialCheck_2_Ini	8	static
../Drivers/O3/Fsm_o3/fsm_o3_operation.c:478:6:InitialCheck_2	8	static
../Drivers/O3/Fsm_o3/fsm_o3_operation.c:485:6:InitialCheck_2_FSM	136	static
../Drivers/O3/Fsm_o3/fsm_o3_operation.c:596:6:InitialCheck_3	144	static
../Drivers/O3/Fsm_o3/fsm_o3_operation.c:727:6:GotoInitialCheck	8	static
../Drivers/O3/Fsm_o3/fsm_o3_operation.c:736:6:GotoService	8	static
../Drivers/O3/Fsm_o3/fsm_o3_operation.c:789:6:GotoRepose	8	static
../Drivers/O3/Fsm_o3/fsm_o3_operation.c:794:6:WaitingForProtocol	8	static
../Drivers/O3/Fsm_o3/fsm_o3_operation.c:828:6:GotoCalibrateFlow	128	static
../Drivers/O3/Fsm_o3/fsm_o3_operation.c:855:6:GotoCalibrateO3	128	static
../Drivers/O3/Fsm_o3/fsm_o3_operation.c:878:6:StartForO3Calibration	128	static
../Drivers/O3/Fsm_o3/fsm_o3_operation.c:915:6:GotoCalibratePeriod	8	static
../Drivers/O3/Fsm_o3/fsm_o3_operation.c:922:6:GotoAdjustPressCompFactor	128	static
../Drivers/O3/Fsm_o3/fsm_o3_operation.c:968:6:GotoSaveParameters	8	static
../Drivers/O3/Fsm_o3/fsm_o3_operation.c:974:6:GotoLoadParameters	8	static
../Drivers/O3/Fsm_o3/fsm_o3_operation.c:981:6:GotoError	16	static
../Drivers/O3/Fsm_o3/fsm_o3_operation.c:1041:6:ExitError	8	static
../Drivers/O3/Fsm_o3/fsm_o3_operation.c:1094:6:GotoWashing	16	static
../Drivers/O3/Fsm_o3/fsm_o3_operation.c:1101:6:WashingIni	128	static
../Drivers/O3/Fsm_o3/fsm_o3_operation.c:1121:6:WashingExtesion	4	static
../Drivers/O3/Fsm_o3/fsm_o3_operation.c:1131:8:GetCumulatedVolume	128	static
../Drivers/O3/Fsm_o3/fsm_o3_operation.c:1149:6:SetFanDependingOnTemperature	136	static
../Drivers/O3/Fsm_o3/fsm_o3_operation.c:1174:6:SetMaxAllowedFlow	4	static
../Drivers/O3/Fsm_o3/fsm_o3_operation.c:1204:6:SetMaxAllowedTime	16	static
../Drivers/O3/Fsm_o3/fsm_o3_operation.c:1240:7:DepressureNeededOnError	16	static
../Drivers/O3/Fsm_o3/fsm_o3_operation.c:1261:6:GotoDepressure	16	static
../Drivers/O3/Fsm_o3/fsm_o3_operation.c:1271:6:UpdateDepressure	8	static
../Drivers/O3/Fsm_o3/fsm_o3_operation.c:1282:6:UpdateWashing	8	static
../Drivers/O3/Fsm_o3/fsm_o3_operation.c:1292:6:CancelWashing	8	static
../Drivers/O3/Fsm_o3/fsm_o3_operation.c:1299:5:SquareRoot	32	static
../Drivers/O3/Fsm_o3/fsm_o3_operation.c:1326:7:ComputeFlowSlope	32	static
../Drivers/O3/Fsm_o3/fsm_o3_operation.c:1347:8:ComputeDeadTime	16	static
../Drivers/O3/Fsm_o3/fsm_o3_operation.c:1352:6:SendGeneratorStartSequence	136	static
../Drivers/O3/Fsm_o3/fsm_o3_operation.c:1395:6:TestCurrentStart	128	static
../Drivers/O3/Fsm_o3/fsm_o3_operation.c:1471:6:SaveParameters	128	static
../Drivers/O3/Fsm_o3/fsm_o3_operation.c:1520:6:LoadParameters	128	static
../Drivers/O3/Fsm_o3/fsm_o3_operation.c:1593:6:Initialize	8	static
../Drivers/O3/Fsm_o3/fsm_o3_operation.c:1609:7:GetInstantAbsolutePressure	16	static
../Drivers/O3/Fsm_o3/fsm_o3_operation.c:1622:6:ManageFsmEvents	8	static
../Drivers/O3/Fsm_o3/fsm_o3_operation.c:1634:6:KeepAlive	128	static
../Drivers/O3/Fsm_o3/fsm_o3_operation.c:1645:6:SensorProcess	128	static
../Drivers/O3/Fsm_o3/fsm_o3_operation.c:1714:6:SensorMeanComputation	24	static
../Drivers/O3/Fsm_o3/fsm_o3_operation.c:1730:6:CheckFlowStability	128	static
../Drivers/O3/Fsm_o3/fsm_o3_operation.c:1762:6:CheckOzoneStability	128	static
../Drivers/O3/Fsm_o3/fsm_o3_operation.c:1811:6:UpdateProcess	8	static
../Drivers/O3/Fsm_o3/fsm_o3_operation.c:1859:6:SkipAdjusting	16	static
../Drivers/O3/Fsm_o3/fsm_o3_operation.c:1870:6:LaunchTherapy	32	static
../Drivers/O3/Fsm_o3/fsm_o3_operation.c:1903:6:FSM_ProcessEvents	8	static
../Drivers/O3/Fsm_o3/fsm_o3_operation.c:1977:8:ComputeSalineTime	24	static
../Drivers/O3/Fsm_o3/fsm_o3_operation.c:1990:6:ResetTiming	8	static
../Drivers/O3/Fsm_o3/fsm_o3_operation.c:2043:6:ResetCumulativeValues	8	static
../Drivers/O3/Fsm_o3/fsm_o3_operation.c:2058:6:GotoGenerating	128	static
../Drivers/O3/Fsm_o3/fsm_o3_operation.c:2106:6:GotoUserCancelled	8	static
../Drivers/O3/Fsm_o3/fsm_o3_operation.c:2133:6:GotoEndOperation	8	static
../Drivers/O3/Fsm_o3/fsm_o3_operation.c:2177:6:GotoOverPressure	8	static
../Drivers/O3/Fsm_o3/fsm_o3_operation.c:2197:6:StartGenerationInitialSettings	16	static
../Drivers/O3/Fsm_o3/fsm_o3_operation.c:2237:6:StartGeneration	16	static
../Drivers/O3/Fsm_o3/fsm_o3_operation.c:2261:6:UpdateSecondSelectorValue	16	static
../Drivers/O3/Fsm_o3/fsm_o3_operation.c:2309:6:KeyOnPushForSaline	8	static
../Drivers/O3/Fsm_o3/fsm_o3_operation.c:2317:6:KeyOnPushForOpenBag	8	static
../Drivers/O3/Fsm_o3/fsm_o3_operation.c:2325:6:KeyOnPushForClosedBag	8	static
../Drivers/O3/Fsm_o3/fsm_o3_operation.c:2333:6:KeyOnPushForInsufflation	8	static
../Drivers/O3/Fsm_o3/fsm_o3_operation.c:2356:6:KeyOnPushForManual	128	static
../Drivers/O3/Fsm_o3/fsm_o3_operation.c:2377:6:KeyOnPushForSyringeManual	8	static
../Drivers/O3/Fsm_o3/fsm_o3_operation.c:2388:6:KeyOnPush	8	static
../Drivers/O3/Fsm_o3/fsm_o3_operation.c:2400:6:KeyOnRelease	8	static
../Drivers/O3/Fsm_o3/fsm_o3_operation.c:2423:6:ReleasePressureDuringGeneration	8	static
../Drivers/O3/Fsm_o3/fsm_o3_operation.c:2434:6:PauseAndReleasePressure	8	static
../Drivers/O3/Fsm_o3/fsm_o3_operation.c:2448:6:UpdateGeneratingForDental	8	static
../Drivers/O3/Fsm_o3/fsm_o3_operation.c:2494:6:UpdateGeneratingForSyringe	32	static
../Drivers/O3/Fsm_o3/fsm_o3_operation.c:2600:6:UpdateGenerating	16	static
../Drivers/O3/Fsm_o3/fsm_o3_operation.c:2687:6:DetectFalseFlowSituation	128	static
../Drivers/O3/Fsm_o3/fsm_o3_operation.c:2719:6:DetectHighVoltageDisconnection	4	static
../Drivers/O3/Fsm_o3/fsm_o3_operation.c:2745:6:GeneratorCleanStart	136	static
../Drivers/O3/Fsm_o3/fsm_o3_operation.c:2767:6:O3SensorTune_Ini	8	static
../Drivers/O3/Fsm_o3/fsm_o3_operation.c:2772:6:O3SensorTune	8	static
../Drivers/O3/Fsm_o3/fsm_o3_operation.c:2777:6:O3SensorTune_FSM	136	static
../Drivers/O3/Fsm_o3/fsm_o3_operation.c:2840:6:EndVacuumPressure	8	static
../Drivers/O3/Fsm_o3/fsm_o3_operation.c:2847:6:EndVacuumTime	8	static
../Drivers/O3/Fsm_o3/fsm_o3_operation.c:2865:6:CancelVacuum	8	static
../Drivers/O3/Fsm_o3/fsm_o3_operation.c:2872:6:PauseVacuum	8	static
../Drivers/O3/Fsm_o3/fsm_o3_operation.c:2886:6:SkipVacuum	8	static
../Drivers/O3/Fsm_o3/fsm_o3_operation.c:2902:6:ModifyVacuum	8	static
../Drivers/O3/Fsm_o3/fsm_o3_operation.c:2915:6:UpdateVacuumByPressure	128	static
../Drivers/O3/Fsm_o3/fsm_o3_operation.c:2931:6:UpdateVacuumBytime	128	static
../Drivers/O3/Fsm_o3/fsm_o3_operation.c:2956:6:UpdateVacuum	8	static
../Drivers/O3/Fsm_o3/fsm_o3_operation.c:2967:6:SetVacuum	136	static
../Drivers/O3/Fsm_o3/fsm_o3_operation.c:2978:6:SetVacuumState	16	static
../Drivers/O3/Fsm_o3/fsm_o3_operation.c:2985:6:StartVacuumGeneration	128	static
../Drivers/O3/Fsm_o3/fsm_o3_operation.c:3004:6:GotoVacuumGeneration	8	static
../Drivers/O3/Fsm_o3/fsm_o3_operation.c:3011:6:UpdateTherapyTime	8	static
../Drivers/O3/Fsm_o3/fsm_o3_operation.c:3020:6:CancelTherapyTime	8	static
../Drivers/O3/Fsm_o3/fsm_o3_operation.c:3026:6:GotoStuffConnected	8	static
../Drivers/O3/Fsm_o3/fsm_o3_operation.c:3041:18:ConvertTherapyOption	16	static
../Drivers/O3/Fsm_o3/fsm_o3_operation.c:3057:6:CalibrateO3_Ref_1_Ok	128	static
../Drivers/O3/Fsm_o3/fsm_o3_operation.c:3094:6:O3SensorCalibrationEnd	136	static
../Drivers/O3/Fsm_o3/fsm_o3_operation.c:3176:6:CalibrateO3_Ref_1_Value	128	static
../Drivers/O3/Fsm_o3/fsm_o3_operation.c:3188:6:CalibrateO3_Ref_2_Ok	128	static
../Drivers/O3/Fsm_o3/fsm_o3_operation.c:3205:6:CalibrateO3_Ref_2_Value	128	static
../Drivers/O3/Fsm_o3/fsm_o3_operation.c:3218:6:CalibrateO3_Ref_3_Ok	128	static
../Drivers/O3/Fsm_o3/fsm_o3_operation.c:3243:6:CalibrateO3_Ref_3_Value	128	static
../Drivers/O3/Fsm_o3/fsm_o3_operation.c:3255:6:CalibrateFlowStep1_Ok	8	static
../Drivers/O3/Fsm_o3/fsm_o3_operation.c:3260:6:CalibrateFlowStep1_Value	128	static
../Drivers/O3/Fsm_o3/fsm_o3_operation.c:3274:6:CalibrateFlowStep2	136	static
../Drivers/O3/Fsm_o3/fsm_o3_operation.c:3316:6:CalibratePressureInit	128	static
../Drivers/O3/Fsm_o3/fsm_o3_operation.c:3348:6:CalibratePressureStep1	8	static
../Drivers/O3/Fsm_o3/fsm_o3_operation.c:3354:6:CalibratePressureStep2	8	static
../Drivers/O3/Fsm_o3/fsm_o3_operation.c:3360:6:CalibratePressure	136	static
../Drivers/O3/Fsm_o3/fsm_o3_operation.c:3423:6:ResetOption	4	static
../Drivers/O3/Fsm_o3/fsm_o3_operation.c:3428:6:refreshGeneratorVersion	128	static
../Drivers/O3/Fsm_o3/fsm_o3_operation.c:3439:7:getPressureSensor	128	static
../Drivers/O3/Fsm_o3/fsm_o3_operation.c:3451:7:getTemperatureSensor	128	static
../Drivers/O3/Fsm_o3/fsm_o3_operation.c:3463:6:refreshParameters	144	static
../Drivers/O3/Fsm_o3/fsm_o3_operation.c:3516:6:refreshStartupInfo	40	static
../Drivers/O3/Fsm_o3/fsm_o3_operation.c:3545:6:StartResonanceFrequencySearch	128	static
../Drivers/O3/Fsm_o3/fsm_o3_operation.c:3574:7:MeasureCurrent	136	static
../Drivers/O3/Fsm_o3/fsm_o3_operation.c:3596:6:UpdateResonanceFrequencySearch	136	static
../Drivers/O3/Fsm_o3/fsm_o3_operation.c:3687:6:CalibratePeriodUpdate	8	static
../Drivers/O3/Fsm_o3/fsm_o3_operation.c:3692:6:SkipErrors	128	static
../Drivers/O3/Fsm_o3/fsm_o3_operation.c:3702:6:RestoreErrors	128	static
../Drivers/O3/Fsm_o3/fsm_o3_operation.c:3712:6:StopManualGap	8	static
../Drivers/O3/Fsm_o3/fsm_o3_operation.c:3717:6:StartManualGap	8	static
../Drivers/O3/Fsm_o3/fsm_o3_operation.c:3722:6:TestIni	128	static
