../Drivers/O3/Fsm_o3/fsm_o3_operation.c:118:6:DelegateDummy	4	static
../Drivers/O3/Fsm_o3/fsm_o3_operation.c:122:6:DelegateDummy2	4	static
../Drivers/O3/Fsm_o3/fsm_o3_operation.c:127:6:DelegateDummy3	16	static
../Drivers/O3/Fsm_o3/fsm_o3_operation.c:132:6:DelegateDummy4	16	static
../Drivers/O3/Fsm_o3/fsm_o3_operation.c:140:6:deb_printf	28	static
../Drivers/O3/Fsm_o3/fsm_o3_operation.c:173:6:WelcomeMessage	8	static
../Drivers/O3/Fsm_o3/fsm_o3_operation.c:190:6:ResolveGenerationMode	8	static
../Drivers/O3/Fsm_o3/fsm_o3_operation.c:208:6:ChangeState	16	static
../Drivers/O3/Fsm_o3/fsm_o3_operation.c:226:6:ManageCommand	16	static
../Drivers/O3/Fsm_o3/fsm_o3_operation.c:269:6:ClearErrors	128	static
../Drivers/O3/Fsm_o3/fsm_o3_operation.c:282:6:SendReset	128	static
../Drivers/O3/Fsm_o3/fsm_o3_operation.c:291:6:SendStopCommand	128	static
../Drivers/O3/Fsm_o3/fsm_o3_operation.c:310:6:SendGenerationCommands	136	static
../Drivers/O3/Fsm_o3/fsm_o3_operation.c:360:6:SwitchOutputValves	136	static
../Drivers/O3/Fsm_o3/fsm_o3_operation.c:384:6:InitialCheck_1	128	static
../Drivers/O3/Fsm_o3/fsm_o3_operation.c:459:6:DebugO3SensorTune	128	static
../Drivers/O3/Fsm_o3/fsm_o3_operation.c:471:6:InitialCheck_2_Ini	8	static
../Drivers/O3/Fsm_o3/fsm_o3_operation.c:476:6:InitialCheck_2	8	static
../Drivers/O3/Fsm_o3/fsm_o3_operation.c:483:6:InitialCheck_2_FSM	136	static
../Drivers/O3/Fsm_o3/fsm_o3_operation.c:594:6:InitialCheck_3	144	static
../Drivers/O3/Fsm_o3/fsm_o3_operation.c:725:6:GotoInitialCheck	8	static
../Drivers/O3/Fsm_o3/fsm_o3_operation.c:734:6:GotoService	8	static
../Drivers/O3/Fsm_o3/fsm_o3_operation.c:787:6:GotoRepose	8	static
../Drivers/O3/Fsm_o3/fsm_o3_operation.c:792:6:WaitingForProtocol	8	static
../Drivers/O3/Fsm_o3/fsm_o3_operation.c:826:6:GotoCalibrateFlow	128	static
../Drivers/O3/Fsm_o3/fsm_o3_operation.c:853:6:GotoCalibrateO3	128	static
../Drivers/O3/Fsm_o3/fsm_o3_operation.c:876:6:StartForO3Calibration	128	static
../Drivers/O3/Fsm_o3/fsm_o3_operation.c:913:6:GotoCalibratePeriod	8	static
../Drivers/O3/Fsm_o3/fsm_o3_operation.c:920:6:GotoAdjustPressCompFactor	128	static
../Drivers/O3/Fsm_o3/fsm_o3_operation.c:966:6:GotoSaveParameters	8	static
../Drivers/O3/Fsm_o3/fsm_o3_operation.c:972:6:GotoLoadParameters	8	static
../Drivers/O3/Fsm_o3/fsm_o3_operation.c:979:6:GotoError	16	static
../Drivers/O3/Fsm_o3/fsm_o3_operation.c:1039:6:ExitError	8	static
../Drivers/O3/Fsm_o3/fsm_o3_operation.c:1092:6:GotoWashing	16	static
../Drivers/O3/Fsm_o3/fsm_o3_operation.c:1099:6:WashingIni	128	static
../Drivers/O3/Fsm_o3/fsm_o3_operation.c:1119:6:WashingExtesion	4	static
../Drivers/O3/Fsm_o3/fsm_o3_operation.c:1129:8:GetCumulatedVolume	128	static
../Drivers/O3/Fsm_o3/fsm_o3_operation.c:1147:6:SetFanDependingOnTemperature	136	static
../Drivers/O3/Fsm_o3/fsm_o3_operation.c:1172:6:SetMaxAllowedFlow	4	static
../Drivers/O3/Fsm_o3/fsm_o3_operation.c:1202:6:SetMaxAllowedTime	16	static
../Drivers/O3/Fsm_o3/fsm_o3_operation.c:1238:7:DepressureNeededOnError	16	static
../Drivers/O3/Fsm_o3/fsm_o3_operation.c:1259:6:GotoDepressure	16	static
../Drivers/O3/Fsm_o3/fsm_o3_operation.c:1269:6:UpdateDepressure	8	static
../Drivers/O3/Fsm_o3/fsm_o3_operation.c:1280:6:UpdateWashing	8	static
../Drivers/O3/Fsm_o3/fsm_o3_operation.c:1290:6:CancelWashing	8	static
../Drivers/O3/Fsm_o3/fsm_o3_operation.c:1297:5:SquareRoot	32	static
../Drivers/O3/Fsm_o3/fsm_o3_operation.c:1324:7:ComputeFlowSlope	32	static
../Drivers/O3/Fsm_o3/fsm_o3_operation.c:1345:8:ComputeDeadTime	16	static
../Drivers/O3/Fsm_o3/fsm_o3_operation.c:1350:6:SendGeneratorStartSequence	136	static
../Drivers/O3/Fsm_o3/fsm_o3_operation.c:1393:6:TestCurrentStart	128	static
../Drivers/O3/Fsm_o3/fsm_o3_operation.c:1469:6:SaveParameters	128	static
../Drivers/O3/Fsm_o3/fsm_o3_operation.c:1518:6:LoadParameters	128	static
../Drivers/O3/Fsm_o3/fsm_o3_operation.c:1591:6:Initialize	8	static
../Drivers/O3/Fsm_o3/fsm_o3_operation.c:1607:7:GetInstantAbsolutePressure	16	static
../Drivers/O3/Fsm_o3/fsm_o3_operation.c:1620:6:ManageFsmEvents	8	static
../Drivers/O3/Fsm_o3/fsm_o3_operation.c:1632:6:KeepAlive	128	static
../Drivers/O3/Fsm_o3/fsm_o3_operation.c:1643:6:SensorProcess	128	static
../Drivers/O3/Fsm_o3/fsm_o3_operation.c:1712:6:SensorMeanComputation	24	static
../Drivers/O3/Fsm_o3/fsm_o3_operation.c:1728:6:CheckFlowStability	128	static
../Drivers/O3/Fsm_o3/fsm_o3_operation.c:1760:6:CheckOzoneStability	128	static
../Drivers/O3/Fsm_o3/fsm_o3_operation.c:1809:6:UpdateProcess	8	static
../Drivers/O3/Fsm_o3/fsm_o3_operation.c:1857:6:SkipAdjusting	16	static
../Drivers/O3/Fsm_o3/fsm_o3_operation.c:1868:6:LaunchTherapy	32	static
../Drivers/O3/Fsm_o3/fsm_o3_operation.c:1901:6:FSM_ProcessEvents	8	static
../Drivers/O3/Fsm_o3/fsm_o3_operation.c:1975:8:ComputeSalineTime	24	static
../Drivers/O3/Fsm_o3/fsm_o3_operation.c:1988:6:ResetTiming	8	static
../Drivers/O3/Fsm_o3/fsm_o3_operation.c:2041:6:ResetCumulativeValues	8	static
../Drivers/O3/Fsm_o3/fsm_o3_operation.c:2056:6:GotoGenerating	128	static
../Drivers/O3/Fsm_o3/fsm_o3_operation.c:2104:6:GotoUserCancelled	8	static
../Drivers/O3/Fsm_o3/fsm_o3_operation.c:2131:6:GotoEndOperation	8	static
../Drivers/O3/Fsm_o3/fsm_o3_operation.c:2175:6:GotoOverPressure	8	static
../Drivers/O3/Fsm_o3/fsm_o3_operation.c:2195:6:StartGenerationInitialSettings	16	static
../Drivers/O3/Fsm_o3/fsm_o3_operation.c:2235:6:StartGeneration	16	static
../Drivers/O3/Fsm_o3/fsm_o3_operation.c:2259:6:UpdateSecondSelectorValue	16	static
../Drivers/O3/Fsm_o3/fsm_o3_operation.c:2307:6:KeyOnPushForSaline	8	static
../Drivers/O3/Fsm_o3/fsm_o3_operation.c:2315:6:KeyOnPushForOpenBag	8	static
../Drivers/O3/Fsm_o3/fsm_o3_operation.c:2323:6:KeyOnPushForClosedBag	8	static
../Drivers/O3/Fsm_o3/fsm_o3_operation.c:2331:6:KeyOnPushForInsufflation	8	static
../Drivers/O3/Fsm_o3/fsm_o3_operation.c:2354:6:KeyOnPushForManual	128	static
../Drivers/O3/Fsm_o3/fsm_o3_operation.c:2375:6:KeyOnPushForSyringeManual	8	static
../Drivers/O3/Fsm_o3/fsm_o3_operation.c:2386:6:KeyOnPush	8	static
../Drivers/O3/Fsm_o3/fsm_o3_operation.c:2398:6:KeyOnRelease	8	static
../Drivers/O3/Fsm_o3/fsm_o3_operation.c:2421:6:ReleasePressureDuringGeneration	8	static
../Drivers/O3/Fsm_o3/fsm_o3_operation.c:2432:6:PauseAndReleasePressure	8	static
../Drivers/O3/Fsm_o3/fsm_o3_operation.c:2446:6:UpdateGeneratingForDental	8	static
../Drivers/O3/Fsm_o3/fsm_o3_operation.c:2492:6:UpdateGeneratingForSyringe	32	static
../Drivers/O3/Fsm_o3/fsm_o3_operation.c:2598:6:UpdateGenerating	16	static
../Drivers/O3/Fsm_o3/fsm_o3_operation.c:2685:6:DetectFalseFlowSituation	128	static
../Drivers/O3/Fsm_o3/fsm_o3_operation.c:2717:6:DetectHighVoltageDisconnection	4	static
../Drivers/O3/Fsm_o3/fsm_o3_operation.c:2743:6:GeneratorCleanStart	136	static
../Drivers/O3/Fsm_o3/fsm_o3_operation.c:2765:6:O3SensorTune_Ini	8	static
../Drivers/O3/Fsm_o3/fsm_o3_operation.c:2770:6:O3SensorTune	8	static
../Drivers/O3/Fsm_o3/fsm_o3_operation.c:2775:6:O3SensorTune_FSM	136	static
../Drivers/O3/Fsm_o3/fsm_o3_operation.c:2838:6:EndVacuumPressure	8	static
../Drivers/O3/Fsm_o3/fsm_o3_operation.c:2845:6:EndVacuumTime	8	static
../Drivers/O3/Fsm_o3/fsm_o3_operation.c:2863:6:CancelVacuum	8	static
../Drivers/O3/Fsm_o3/fsm_o3_operation.c:2870:6:PauseVacuum	8	static
../Drivers/O3/Fsm_o3/fsm_o3_operation.c:2884:6:SkipVacuum	8	static
../Drivers/O3/Fsm_o3/fsm_o3_operation.c:2900:6:ModifyVacuum	8	static
../Drivers/O3/Fsm_o3/fsm_o3_operation.c:2913:6:UpdateVacuumByPressure	128	static
../Drivers/O3/Fsm_o3/fsm_o3_operation.c:2929:6:UpdateVacuumBytime	128	static
../Drivers/O3/Fsm_o3/fsm_o3_operation.c:2954:6:UpdateVacuum	8	static
../Drivers/O3/Fsm_o3/fsm_o3_operation.c:2965:6:SetVacuum	136	static
../Drivers/O3/Fsm_o3/fsm_o3_operation.c:2976:6:SetVacuumState	16	static
../Drivers/O3/Fsm_o3/fsm_o3_operation.c:2983:6:StartVacuumGeneration	128	static
../Drivers/O3/Fsm_o3/fsm_o3_operation.c:3002:6:GotoVacuumGeneration	8	static
../Drivers/O3/Fsm_o3/fsm_o3_operation.c:3009:6:UpdateTherapyTime	8	static
../Drivers/O3/Fsm_o3/fsm_o3_operation.c:3018:6:CancelTherapyTime	8	static
../Drivers/O3/Fsm_o3/fsm_o3_operation.c:3024:6:GotoStuffConnected	8	static
../Drivers/O3/Fsm_o3/fsm_o3_operation.c:3039:18:ConvertTherapyOption	16	static
../Drivers/O3/Fsm_o3/fsm_o3_operation.c:3055:6:CalibrateO3_Ref_1_Ok	128	static
../Drivers/O3/Fsm_o3/fsm_o3_operation.c:3092:6:O3SensorCalibrationEnd	136	static
../Drivers/O3/Fsm_o3/fsm_o3_operation.c:3174:6:CalibrateO3_Ref_1_Value	128	static
../Drivers/O3/Fsm_o3/fsm_o3_operation.c:3186:6:CalibrateO3_Ref_2_Ok	128	static
../Drivers/O3/Fsm_o3/fsm_o3_operation.c:3203:6:CalibrateO3_Ref_2_Value	128	static
../Drivers/O3/Fsm_o3/fsm_o3_operation.c:3216:6:CalibrateO3_Ref_3_Ok	128	static
../Drivers/O3/Fsm_o3/fsm_o3_operation.c:3241:6:CalibrateO3_Ref_3_Value	128	static
../Drivers/O3/Fsm_o3/fsm_o3_operation.c:3253:6:CalibrateFlowStep1_Ok	8	static
../Drivers/O3/Fsm_o3/fsm_o3_operation.c:3258:6:CalibrateFlowStep1_Value	128	static
../Drivers/O3/Fsm_o3/fsm_o3_operation.c:3272:6:CalibrateFlowStep2	136	static
../Drivers/O3/Fsm_o3/fsm_o3_operation.c:3314:6:CalibratePressureInit	128	static
../Drivers/O3/Fsm_o3/fsm_o3_operation.c:3346:6:CalibratePressureStep1	8	static
../Drivers/O3/Fsm_o3/fsm_o3_operation.c:3352:6:CalibratePressureStep2	8	static
../Drivers/O3/Fsm_o3/fsm_o3_operation.c:3358:6:CalibratePressure	136	static
../Drivers/O3/Fsm_o3/fsm_o3_operation.c:3421:6:ResetOption	4	static
../Drivers/O3/Fsm_o3/fsm_o3_operation.c:3426:6:refreshGeneratorVersion	128	static
../Drivers/O3/Fsm_o3/fsm_o3_operation.c:3437:7:getPressureSensor	128	static
../Drivers/O3/Fsm_o3/fsm_o3_operation.c:3449:7:getTemperatureSensor	128	static
../Drivers/O3/Fsm_o3/fsm_o3_operation.c:3461:6:refreshParameters	144	static
../Drivers/O3/Fsm_o3/fsm_o3_operation.c:3514:6:refreshStartupInfo	40	static
../Drivers/O3/Fsm_o3/fsm_o3_operation.c:3543:6:StartResonanceFrequencySearch	128	static
../Drivers/O3/Fsm_o3/fsm_o3_operation.c:3572:7:MeasureCurrent	136	static
../Drivers/O3/Fsm_o3/fsm_o3_operation.c:3594:6:UpdateResonanceFrequencySearch	136	static
../Drivers/O3/Fsm_o3/fsm_o3_operation.c:3685:6:CalibratePeriodUpdate	8	static
../Drivers/O3/Fsm_o3/fsm_o3_operation.c:3690:6:SkipErrors	128	static
../Drivers/O3/Fsm_o3/fsm_o3_operation.c:3700:6:RestoreErrors	128	static
../Drivers/O3/Fsm_o3/fsm_o3_operation.c:3710:6:StopManualGap	8	static
../Drivers/O3/Fsm_o3/fsm_o3_operation.c:3715:6:StartManualGap	8	static
../Drivers/O3/Fsm_o3/fsm_o3_operation.c:3720:6:TestIni	128	static
