../Drivers/O3/Fsm_o3/fsm_o3_operation.c:118:6:DelegateDummy	4	static
../Drivers/O3/Fsm_o3/fsm_o3_operation.c:122:6:DelegateDummy2	4	static
../Drivers/O3/Fsm_o3/fsm_o3_operation.c:127:6:DelegateDummy3	16	static
../Drivers/O3/Fsm_o3/fsm_o3_operation.c:132:6:DelegateDummy4	16	static
../Drivers/O3/Fsm_o3/fsm_o3_operation.c:139:6:WelcomeMessage	8	static
../Drivers/O3/Fsm_o3/fsm_o3_operation.c:156:6:ResolveGenerationMode	8	static
../Drivers/O3/Fsm_o3/fsm_o3_operation.c:174:6:ChangeState	16	static
../Drivers/O3/Fsm_o3/fsm_o3_operation.c:192:6:ManageCommand	16	static
../Drivers/O3/Fsm_o3/fsm_o3_operation.c:235:6:ClearErrors	128	static
../Drivers/O3/Fsm_o3/fsm_o3_operation.c:248:6:SendReset	128	static
../Drivers/O3/Fsm_o3/fsm_o3_operation.c:257:6:SendStopCommand	128	static
../Drivers/O3/Fsm_o3/fsm_o3_operation.c:276:6:SendGenerationCommands	136	static
../Drivers/O3/Fsm_o3/fsm_o3_operation.c:326:6:SwitchOutputValves	136	static
../Drivers/O3/Fsm_o3/fsm_o3_operation.c:350:6:InitialCheck_1	128	static
../Drivers/O3/Fsm_o3/fsm_o3_operation.c:425:6:DebugO3SensorTune	128	static
../Drivers/O3/Fsm_o3/fsm_o3_operation.c:437:6:InitialCheck_2_Ini	8	static
../Drivers/O3/Fsm_o3/fsm_o3_operation.c:442:6:InitialCheck_2	8	static
../Drivers/O3/Fsm_o3/fsm_o3_operation.c:449:6:InitialCheck_2_FSM	136	static
../Drivers/O3/Fsm_o3/fsm_o3_operation.c:560:6:InitialCheck_3	144	static
../Drivers/O3/Fsm_o3/fsm_o3_operation.c:691:6:GotoInitialCheck	8	static
../Drivers/O3/Fsm_o3/fsm_o3_operation.c:700:6:GotoService	8	static
../Drivers/O3/Fsm_o3/fsm_o3_operation.c:753:6:GotoRepose	8	static
../Drivers/O3/Fsm_o3/fsm_o3_operation.c:758:6:WaitingForProtocol	8	static
../Drivers/O3/Fsm_o3/fsm_o3_operation.c:792:6:GotoCalibrateFlow	128	static
../Drivers/O3/Fsm_o3/fsm_o3_operation.c:819:6:GotoCalibrateO3	128	static
../Drivers/O3/Fsm_o3/fsm_o3_operation.c:842:6:StartForO3Calibration	128	static
../Drivers/O3/Fsm_o3/fsm_o3_operation.c:879:6:GotoCalibratePeriod	8	static
../Drivers/O3/Fsm_o3/fsm_o3_operation.c:886:6:GotoAdjustPressCompFactor	128	static
../Drivers/O3/Fsm_o3/fsm_o3_operation.c:932:6:GotoSaveParameters	8	static
../Drivers/O3/Fsm_o3/fsm_o3_operation.c:938:6:GotoLoadParameters	8	static
../Drivers/O3/Fsm_o3/fsm_o3_operation.c:945:6:GotoError	16	static
../Drivers/O3/Fsm_o3/fsm_o3_operation.c:1005:6:ExitError	8	static
../Drivers/O3/Fsm_o3/fsm_o3_operation.c:1058:6:GotoWashing	16	static
../Drivers/O3/Fsm_o3/fsm_o3_operation.c:1065:6:WashingIni	128	static
../Drivers/O3/Fsm_o3/fsm_o3_operation.c:1085:6:WashingExtesion	4	static
../Drivers/O3/Fsm_o3/fsm_o3_operation.c:1095:8:GetCumulatedVolume	128	static
../Drivers/O3/Fsm_o3/fsm_o3_operation.c:1113:6:SetFanDependingOnTemperature	136	static
../Drivers/O3/Fsm_o3/fsm_o3_operation.c:1138:6:SetMaxAllowedFlow	4	static
../Drivers/O3/Fsm_o3/fsm_o3_operation.c:1168:6:SetMaxAllowedTime	16	static
../Drivers/O3/Fsm_o3/fsm_o3_operation.c:1204:7:DepressureNeededOnError	16	static
../Drivers/O3/Fsm_o3/fsm_o3_operation.c:1225:6:GotoDepressure	16	static
../Drivers/O3/Fsm_o3/fsm_o3_operation.c:1235:6:UpdateDepressure	8	static
../Drivers/O3/Fsm_o3/fsm_o3_operation.c:1246:6:UpdateWashing	8	static
../Drivers/O3/Fsm_o3/fsm_o3_operation.c:1256:6:CancelWashing	8	static
../Drivers/O3/Fsm_o3/fsm_o3_operation.c:1263:5:SquareRoot	32	static
../Drivers/O3/Fsm_o3/fsm_o3_operation.c:1290:7:ComputeFlowSlope	32	static
../Drivers/O3/Fsm_o3/fsm_o3_operation.c:1311:8:ComputeDeadTime	16	static
../Drivers/O3/Fsm_o3/fsm_o3_operation.c:1316:6:SendGeneratorStartSequence	136	static
../Drivers/O3/Fsm_o3/fsm_o3_operation.c:1359:6:TestCurrentStart	128	static
../Drivers/O3/Fsm_o3/fsm_o3_operation.c:1435:6:SaveParameters	128	static
../Drivers/O3/Fsm_o3/fsm_o3_operation.c:1484:6:LoadParameters	128	static
../Drivers/O3/Fsm_o3/fsm_o3_operation.c:1557:6:Initialize	8	static
../Drivers/O3/Fsm_o3/fsm_o3_operation.c:1573:7:GetInstantAbsolutePressure	16	static
../Drivers/O3/Fsm_o3/fsm_o3_operation.c:1586:6:ManageFsmEvents	8	static
../Drivers/O3/Fsm_o3/fsm_o3_operation.c:1598:6:KeepAlive	128	static
../Drivers/O3/Fsm_o3/fsm_o3_operation.c:1609:6:SensorProcess	128	static
../Drivers/O3/Fsm_o3/fsm_o3_operation.c:1678:6:SensorMeanComputation	24	static
../Drivers/O3/Fsm_o3/fsm_o3_operation.c:1694:6:CheckFlowStability	128	static
../Drivers/O3/Fsm_o3/fsm_o3_operation.c:1726:6:CheckOzoneStability	128	static
../Drivers/O3/Fsm_o3/fsm_o3_operation.c:1775:6:UpdateProcess	8	static
../Drivers/O3/Fsm_o3/fsm_o3_operation.c:1823:6:SkipAdjusting	16	static
../Drivers/O3/Fsm_o3/fsm_o3_operation.c:1834:6:LaunchTherapy	32	static
../Drivers/O3/Fsm_o3/fsm_o3_operation.c:1867:6:FSM_ProcessEvents	8	static
../Drivers/O3/Fsm_o3/fsm_o3_operation.c:1941:8:ComputeSalineTime	24	static
../Drivers/O3/Fsm_o3/fsm_o3_operation.c:1954:6:ResetTiming	8	static
../Drivers/O3/Fsm_o3/fsm_o3_operation.c:2007:6:ResetCumulativeValues	8	static
../Drivers/O3/Fsm_o3/fsm_o3_operation.c:2022:6:GotoGenerating	128	static
../Drivers/O3/Fsm_o3/fsm_o3_operation.c:2070:6:GotoUserCancelled	8	static
../Drivers/O3/Fsm_o3/fsm_o3_operation.c:2097:6:GotoEndOperation	8	static
../Drivers/O3/Fsm_o3/fsm_o3_operation.c:2141:6:GotoOverPressure	8	static
../Drivers/O3/Fsm_o3/fsm_o3_operation.c:2161:6:StartGenerationInitialSettings	16	static
../Drivers/O3/Fsm_o3/fsm_o3_operation.c:2201:6:StartGeneration	16	static
../Drivers/O3/Fsm_o3/fsm_o3_operation.c:2225:6:UpdateSecondSelectorValue	16	static
../Drivers/O3/Fsm_o3/fsm_o3_operation.c:2273:6:KeyOnPushForSaline	8	static
../Drivers/O3/Fsm_o3/fsm_o3_operation.c:2281:6:KeyOnPushForOpenBag	8	static
../Drivers/O3/Fsm_o3/fsm_o3_operation.c:2289:6:KeyOnPushForClosedBag	8	static
../Drivers/O3/Fsm_o3/fsm_o3_operation.c:2297:6:KeyOnPushForInsufflation	8	static
../Drivers/O3/Fsm_o3/fsm_o3_operation.c:2320:6:KeyOnPushForManual	128	static
../Drivers/O3/Fsm_o3/fsm_o3_operation.c:2341:6:KeyOnPushForSyringeManual	8	static
../Drivers/O3/Fsm_o3/fsm_o3_operation.c:2352:6:KeyOnPush	8	static
../Drivers/O3/Fsm_o3/fsm_o3_operation.c:2364:6:KeyOnRelease	8	static
../Drivers/O3/Fsm_o3/fsm_o3_operation.c:2387:6:ReleasePressureDuringGeneration	8	static
../Drivers/O3/Fsm_o3/fsm_o3_operation.c:2398:6:PauseAndReleasePressure	8	static
../Drivers/O3/Fsm_o3/fsm_o3_operation.c:2412:6:UpdateGeneratingForDental	8	static
../Drivers/O3/Fsm_o3/fsm_o3_operation.c:2458:6:UpdateGeneratingForSyringe	32	static
../Drivers/O3/Fsm_o3/fsm_o3_operation.c:2564:6:UpdateGenerating	16	static
../Drivers/O3/Fsm_o3/fsm_o3_operation.c:2651:6:DetectFalseFlowSituation	128	static
../Drivers/O3/Fsm_o3/fsm_o3_operation.c:2683:6:DetectHighVoltageDisconnection	4	static
../Drivers/O3/Fsm_o3/fsm_o3_operation.c:2709:6:GeneratorCleanStart	136	static
../Drivers/O3/Fsm_o3/fsm_o3_operation.c:2731:6:O3SensorTune_Ini	8	static
../Drivers/O3/Fsm_o3/fsm_o3_operation.c:2736:6:O3SensorTune	8	static
../Drivers/O3/Fsm_o3/fsm_o3_operation.c:2741:6:O3SensorTune_FSM	136	static
../Drivers/O3/Fsm_o3/fsm_o3_operation.c:2804:6:EndVacuumPressure	8	static
../Drivers/O3/Fsm_o3/fsm_o3_operation.c:2811:6:EndVacuumTime	8	static
../Drivers/O3/Fsm_o3/fsm_o3_operation.c:2829:6:CancelVacuum	8	static
../Drivers/O3/Fsm_o3/fsm_o3_operation.c:2836:6:PauseVacuum	8	static
../Drivers/O3/Fsm_o3/fsm_o3_operation.c:2850:6:SkipVacuum	8	static
../Drivers/O3/Fsm_o3/fsm_o3_operation.c:2866:6:ModifyVacuum	8	static
../Drivers/O3/Fsm_o3/fsm_o3_operation.c:2879:6:UpdateVacuumByPressure	128	static
../Drivers/O3/Fsm_o3/fsm_o3_operation.c:2895:6:UpdateVacuumBytime	128	static
../Drivers/O3/Fsm_o3/fsm_o3_operation.c:2920:6:UpdateVacuum	8	static
../Drivers/O3/Fsm_o3/fsm_o3_operation.c:2931:6:SetVacuum	136	static
../Drivers/O3/Fsm_o3/fsm_o3_operation.c:2942:6:SetVacuumState	16	static
../Drivers/O3/Fsm_o3/fsm_o3_operation.c:2949:6:StartVacuumGeneration	128	static
../Drivers/O3/Fsm_o3/fsm_o3_operation.c:2968:6:GotoVacuumGeneration	8	static
../Drivers/O3/Fsm_o3/fsm_o3_operation.c:2975:6:UpdateTherapyTime	8	static
../Drivers/O3/Fsm_o3/fsm_o3_operation.c:2984:6:CancelTherapyTime	8	static
../Drivers/O3/Fsm_o3/fsm_o3_operation.c:2990:6:GotoStuffConnected	8	static
../Drivers/O3/Fsm_o3/fsm_o3_operation.c:3005:18:ConvertTherapyOption	16	static
../Drivers/O3/Fsm_o3/fsm_o3_operation.c:3021:6:CalibrateO3_Ref_1_Ok	128	static
../Drivers/O3/Fsm_o3/fsm_o3_operation.c:3058:6:O3SensorCalibrationEnd	136	static
../Drivers/O3/Fsm_o3/fsm_o3_operation.c:3140:6:CalibrateO3_Ref_1_Value	128	static
../Drivers/O3/Fsm_o3/fsm_o3_operation.c:3152:6:CalibrateO3_Ref_2_Ok	128	static
../Drivers/O3/Fsm_o3/fsm_o3_operation.c:3169:6:CalibrateO3_Ref_2_Value	128	static
../Drivers/O3/Fsm_o3/fsm_o3_operation.c:3182:6:CalibrateO3_Ref_3_Ok	128	static
../Drivers/O3/Fsm_o3/fsm_o3_operation.c:3207:6:CalibrateO3_Ref_3_Value	128	static
../Drivers/O3/Fsm_o3/fsm_o3_operation.c:3219:6:CalibrateFlowStep1_Ok	8	static
../Drivers/O3/Fsm_o3/fsm_o3_operation.c:3224:6:CalibrateFlowStep1_Value	128	static
../Drivers/O3/Fsm_o3/fsm_o3_operation.c:3238:6:CalibrateFlowStep2	136	static
../Drivers/O3/Fsm_o3/fsm_o3_operation.c:3280:6:CalibratePressureInit	128	static
../Drivers/O3/Fsm_o3/fsm_o3_operation.c:3312:6:CalibratePressureStep1	8	static
../Drivers/O3/Fsm_o3/fsm_o3_operation.c:3318:6:CalibratePressureStep2	8	static
../Drivers/O3/Fsm_o3/fsm_o3_operation.c:3324:6:CalibratePressure	136	static
../Drivers/O3/Fsm_o3/fsm_o3_operation.c:3387:6:ResetOption	4	static
../Drivers/O3/Fsm_o3/fsm_o3_operation.c:3392:6:refreshGeneratorVersion	128	static
../Drivers/O3/Fsm_o3/fsm_o3_operation.c:3403:7:getPressureSensor	128	static
../Drivers/O3/Fsm_o3/fsm_o3_operation.c:3415:7:getTemperatureSensor	128	static
../Drivers/O3/Fsm_o3/fsm_o3_operation.c:3427:6:refreshParameters	144	static
../Drivers/O3/Fsm_o3/fsm_o3_operation.c:3480:6:refreshStartupInfo	40	static
../Drivers/O3/Fsm_o3/fsm_o3_operation.c:3509:6:StartResonanceFrequencySearch	128	static
../Drivers/O3/Fsm_o3/fsm_o3_operation.c:3538:7:MeasureCurrent	136	static
../Drivers/O3/Fsm_o3/fsm_o3_operation.c:3560:6:UpdateResonanceFrequencySearch	136	static
../Drivers/O3/Fsm_o3/fsm_o3_operation.c:3651:6:CalibratePeriodUpdate	8	static
../Drivers/O3/Fsm_o3/fsm_o3_operation.c:3656:6:SkipErrors	128	static
../Drivers/O3/Fsm_o3/fsm_o3_operation.c:3666:6:RestoreErrors	128	static
../Drivers/O3/Fsm_o3/fsm_o3_operation.c:3676:6:StopManualGap	8	static
../Drivers/O3/Fsm_o3/fsm_o3_operation.c:3681:6:StartManualGap	8	static
../Drivers/O3/Fsm_o3/fsm_o3_operation.c:3686:6:TestIni	128	static
