C:/Roberto/O3/O3dev_edt_00/USB_Device/App/usbd_cdc_if.c:162:15:CDC_Init_HS	8	static
C:/Roberto/O3/O3dev_edt_00/USB_Device/App/usbd_cdc_if.c:177:15:CDC_DeInit_HS	4	static
C:/Roberto/O3/O3dev_edt_00/USB_Device/App/usbd_cdc_if.c:191:15:CDC_Control_HS	16	static
C:/Roberto/O3/O3dev_edt_00/USB_Device/App/usbd_cdc_if.c:272:15:CDC_Receive_HS	24	static
C:/Roberto/O3/O3dev_edt_00/USB_Device/App/usbd_cdc_if.c:302:9:CDC_Transmit_HS	24	static
C:/Roberto/O3/O3dev_edt_00/USB_Device/App/usbd_cdc_if.c:328:15:CDC_TransmitCplt_HS	32	static
