C:/Roberto/O3/O3dev_edt_00/Drivers/Vendor/Device/ctp/mxt640u.c:111:6:mxt640u_Init	16	static
C:/Roberto/O3/O3dev_edt_00/Drivers/Vendor/Device/ctp/mxt640u.c:132:6:mxt640u_TS_Set2D3DMode	16	static
C:/Roberto/O3/O3dev_edt_00/Drivers/Vendor/Device/ctp/mxt640u.c:155:9:mxt640u_TS_Get2D3DMode	4	static
C:/Roberto/O3/O3dev_edt_00/Drivers/Vendor/Device/ctp/mxt640u.c:166:6:mxt640u_Reset	16	static
C:/Roberto/O3/O3dev_edt_00/Drivers/Vendor/Device/ctp/mxt640u.c:177:10:mxt640u_ReadID	24	static
C:/Roberto/O3/O3dev_edt_00/Drivers/Vendor/Device/ctp/mxt640u.c:188:6:mxt640u_TS_Start	16	static
C:/Roberto/O3/O3dev_edt_00/Drivers/Vendor/Device/ctp/mxt640u.c:198:9:mxt640u_TS_DetectTouch	24	static
C:/Roberto/O3/O3dev_edt_00/Drivers/Vendor/Device/ctp/mxt640u.c:267:6:mxt640u_TS_GetXY	40	static
C:/Roberto/O3/O3dev_edt_00/Drivers/Vendor/Device/ctp/mxt640u.c:312:6:mxt640u_TS_EnableIT	16	static
C:/Roberto/O3/O3dev_edt_00/Drivers/Vendor/Device/ctp/mxt640u.c:324:6:mxt640u_TS_ClearIT	16	static
C:/Roberto/O3/O3dev_edt_00/Drivers/Vendor/Device/ctp/mxt640u.c:337:9:mxt640u_TS_ITStatus	16	static
C:/Roberto/O3/O3dev_edt_00/Drivers/Vendor/Device/ctp/mxt640u.c:349:6:mxt640u_TS_DisableIT	16	static
C:/Roberto/O3/O3dev_edt_00/Drivers/Vendor/Device/ctp/mxt640u.c:358:16:mxt640u_Get_I2C_InitializedStatus	4	static
C:/Roberto/O3/O3dev_edt_00/Drivers/Vendor/Device/ctp/mxt640u.c:368:13:mxt640u_I2C_InitializeIfRequired	8	static
C:/Roberto/O3/O3dev_edt_00/Drivers/Vendor/Device/ctp/mxt640u.c:396:12:__mxt_read_reg	24	static
C:/Roberto/O3/O3dev_edt_00/Drivers/Vendor/Device/ctp/mxt640u.c:407:12:mxt_read_reg	16	static
C:/Roberto/O3/O3dev_edt_00/Drivers/Vendor/Device/ctp/mxt640u.c:417:12:mxt_read_buf	24	static
C:/Roberto/O3/O3dev_edt_00/Drivers/Vendor/Device/ctp/mxt640u.c:427:12:mxt_write_reg	16	static
C:/Roberto/O3/O3dev_edt_00/Drivers/Vendor/Device/ctp/mxt640u.c:448:12:mxt_read_object_table	16	static
C:/Roberto/O3/O3dev_edt_00/Drivers/Vendor/Device/ctp/mxt640u.c:458:27:mxt_get_object	24	static
C:/Roberto/O3/O3dev_edt_00/Drivers/Vendor/Device/ctp/mxt640u.c:477:12:mxt_read_Point2D	24	static
C:/Roberto/O3/O3dev_edt_00/Drivers/Vendor/Device/ctp/mxt640u.c:516:12:mxt_read_Point3D	1424	static
C:/Roberto/O3/O3dev_edt_00/Drivers/Vendor/Device/ctp/mxt640u.c:715:12:mxt_calc_selfRawdata	80	static
C:/Roberto/O3/O3dev_edt_00/Drivers/Vendor/Device/ctp/mxt640u.c:957:12:mxt_read_object	32	static
C:/Roberto/O3/O3dev_edt_00/Drivers/Vendor/Device/ctp/mxt640u.c:976:12:mxt_write_object	24	static
C:/Roberto/O3/O3dev_edt_00/Drivers/Vendor/Device/ctp/mxt640u.c:996:12:mxt_get_info	32	static
C:/Roberto/O3/O3dev_edt_00/Drivers/Vendor/Device/ctp/mxt640u.c:1061:12:mxt_get_object_table	40	static
C:/Roberto/O3/O3dev_edt_00/Drivers/Vendor/Device/ctp/mxt640u.c:1095:12:mxt_initialize	32	static
C:/Roberto/O3/O3dev_edt_00/Drivers/Vendor/Device/ctp/mxt640u.c:1189:13:mxt_self_start	32	static
C:/Roberto/O3/O3dev_edt_00/Drivers/Vendor/Device/ctp/mxt640u.c:1210:13:mxt_self_stop	32	static
