../Drivers/O3/Protocol/Protocol.c:34:6:Protocol_SetCRCStatus	16	static
../Drivers/O3/Protocol/Protocol.c:39:13:Protocol_GetCRCStatus	4	static
../Drivers/O3/Protocol/Protocol.c:44:13:ClearLastResponseString	8	static
../Drivers/O3/Protocol/Protocol.c:49:6:Protocol_ComputeCRC	24	static
../Drivers/O3/Protocol/Protocol.c:72:7:CheckCRC	32	static
../Drivers/O3/Protocol/Protocol.c:92:6:Protocol_CompoundMessage	32	static
../Drivers/O3/Protocol/Protocol.c:475:7:FsmStateForDebug	4	static
../Drivers/O3/Protocol/Protocol.c:488:6:Protocol_SendCommand	48	static
../Drivers/O3/Protocol/Protocol.c:539:6:Protocol_GetResponse	16	static
../Drivers/O3/Protocol/Protocol.c:602:13:ResolveStatus	16	static
../Drivers/O3/Protocol/Protocol.c:614:6:Protocol_GetLastResponse	128	static
