../Drivers/O3/Protocol/Protocol.c:30:6:Protocol_SetCRCStatus	16	static
../Drivers/O3/Protocol/Protocol.c:35:13:Protocol_GetCRCStatus	4	static
../Drivers/O3/Protocol/Protocol.c:40:13:ClearLastResponseString	8	static
../Drivers/O3/Protocol/Protocol.c:45:6:Protocol_ComputeCRC	24	static
../Drivers/O3/Protocol/Protocol.c:68:7:CheckCRC	32	static
../Drivers/O3/Protocol/Protocol.c:88:6:Protocol_CompoundMessage	32	static
../Drivers/O3/Protocol/Protocol.c:469:6:Protocol_SendCommand	48	static
../Drivers/O3/Protocol/Protocol.c:509:6:Protocol_GetResponse	16	static
../Drivers/O3/Protocol/Protocol.c:566:13:ResolveStatus	16	static
../Drivers/O3/Protocol/Protocol.c:578:6:Protocol_GetLastResponse	128	static
