../Drivers/O3/Dependencies/Com_o3.c:51:6:COM_O3_Init	16	static
../Drivers/O3/Dependencies/Com_o3.c:67:6:COM_O3_Clear	4	static
../Drivers/O3/Dependencies/Com_o3.c:73:6:COM_O3_SendConst	16	static
../Drivers/O3/Dependencies/Com_o3.c:78:6:COM_O3_Send	16	static
../Drivers/O3/Dependencies/Com_o3.c:83:6:COM_O3_PutString	16	static
../Drivers/O3/Dependencies/Com_o3.c:88:6:COM_O3_PollRx	4	static
../Drivers/O3/Dependencies/Com_o3.c:109:9:COM_O3_GetChar	16	static
../Drivers/O3/Dependencies/Com_o3.c:124:9:COM_O3_DataAvailable	4	static
../Drivers/O3/Dependencies/Com_o3.c:133:26:COM_O3_Arm_Rx	8	static
../Drivers/O3/Dependencies/Com_o3.c:146:6:HAL_UARTEx_RxEventCallback	24	static
../Drivers/O3/Dependencies/Com_o3.c:195:5:COM_O3_GetChar_Bis	24	static
