../Drivers/O3/Dependencies/Com_o3.c:38:6:COM_O3_Init	16	static
../Drivers/O3/Dependencies/Com_o3.c:56:6:COM_O3_Clear	4	static
../Drivers/O3/Dependencies/Com_o3.c:62:6:COM_O3_SendConst	16	static
../Drivers/O3/Dependencies/Com_o3.c:67:6:COM_O3_Send	16	static
../Drivers/O3/Dependencies/Com_o3.c:72:6:COM_O3_PutString	16	static
../Drivers/O3/Dependencies/Com_o3.c:77:6:COM_O3_PollRx	4	static
../Drivers/O3/Dependencies/Com_o3.c:101:9:COM_O3_GetChar	16	static
../Drivers/O3/Dependencies/Com_o3.c:116:9:COM_O3_DataAvailable	4	static
../Drivers/O3/Dependencies/Com_o3.c:127:26:COM_O3_ArmRx6	8	static
../Drivers/O3/Dependencies/Com_o3.c:139:6:HAL_UARTEx_RxEventCallback	16	static
