../../Drivers/CMSIS/Include/core_cm33.h:3212:26:ITM_SendChar	16	static,ignoring_inline_asm
C:/Roberto/O3/O3dev_edt_00/Core/Src/main.c:79:5:_write	32	static
C:/Roberto/O3/O3dev_edt_00/Core/Src/main.c:100:5:main	8	static
C:/Roberto/O3/O3dev_edt_00/Core/Src/main.c:193:6:SystemClock_Config	128	static
C:/Roberto/O3/O3dev_edt_00/Core/Src/main.c:246:6:PeriphCommonClock_Config	232	static
C:/Roberto/O3/O3dev_edt_00/Core/Src/main.c:274:13:SystemPower_Config	8	static
C:/Roberto/O3/O3dev_edt_00/Core/Src/main.c:305:6:HAL_TIM_PeriodElapsedCallback	16	static
C:/Roberto/O3/O3dev_edt_00/Core/Src/main.c:324:6:Error_Handler	4	static,ignoring_inline_asm
