C:/Roberto/O3/O3dev_edt_00/Core/Src/stm32u5xx_it.c:76:6:NMI_Handler	4	static
C:/Roberto/O3/O3dev_edt_00/Core/Src/stm32u5xx_it.c:91:6:HardFault_Handler	4	static
C:/Roberto/O3/O3dev_edt_00/Core/Src/stm32u5xx_it.c:106:6:MemManage_Handler	4	static
C:/Roberto/O3/O3dev_edt_00/Core/Src/stm32u5xx_it.c:121:6:BusFault_Handler	4	static
C:/Roberto/O3/O3dev_edt_00/Core/Src/stm32u5xx_it.c:136:6:UsageFault_Handler	4	static
C:/Roberto/O3/O3dev_edt_00/Core/Src/stm32u5xx_it.c:151:6:DebugMon_Handler	4	static
C:/Roberto/O3/O3dev_edt_00/Core/Src/stm32u5xx_it.c:171:6:EXTI7_IRQHandler	8	static
C:/Roberto/O3/O3dev_edt_00/Core/Src/stm32u5xx_it.c:185:6:FDCAN1_IT0_IRQHandler	8	static
C:/Roberto/O3/O3dev_edt_00/Core/Src/stm32u5xx_it.c:199:6:FDCAN1_IT1_IRQHandler	8	static
C:/Roberto/O3/O3dev_edt_00/Core/Src/stm32u5xx_it.c:213:6:TIM2_IRQHandler	8	static
C:/Roberto/O3/O3dev_edt_00/Core/Src/stm32u5xx_it.c:227:6:USART2_IRQHandler	8	static
C:/Roberto/O3/O3dev_edt_00/Core/Src/stm32u5xx_it.c:241:6:OTG_HS_IRQHandler	8	static
C:/Roberto/O3/O3dev_edt_00/Core/Src/stm32u5xx_it.c:255:6:SDMMC1_IRQHandler	8	static
C:/Roberto/O3/O3dev_edt_00/Core/Src/stm32u5xx_it.c:269:6:GPU2D_IRQHandler	8	static
C:/Roberto/O3/O3dev_edt_00/Core/Src/stm32u5xx_it.c:283:6:GPU2D_ER_IRQHandler	8	static
C:/Roberto/O3/O3dev_edt_00/Core/Src/stm32u5xx_it.c:297:6:LTDC_IRQHandler	8	static
