../../Middlewares/ST/touchgfx/framework/include/touchgfx/Bitmap.hpp:136:5:touchgfx::Bitmap::Bitmap(touchgfx::BitmapId)	16	static
../../Middlewares/ST/touchgfx/framework/include/touchgfx/Drawable.hpp:121:18:virtual void touchgfx::Drawable::invalidateContent() const	16	static
../../Middlewares/ST/touchgfx/framework/include/touchgfx/Drawable.hpp:273:13:int16_t touchgfx::Drawable::getX() const	16	static
../../Middlewares/ST/touchgfx/framework/include/touchgfx/Drawable.hpp:293:13:int16_t touchgfx::Drawable::getWidth() const	16	static
../../Middlewares/ST/touchgfx/framework/include/touchgfx/Drawable.hpp:315:18:virtual void touchgfx::Drawable::setX(int16_t)	16	static
../../Middlewares/ST/touchgfx/framework/include/touchgfx/Drawable.hpp:413:10:void touchgfx::Drawable::setWidthHeight(int16_t, int16_t)	16	static
../../Middlewares/ST/touchgfx/framework/include/touchgfx/Application.hpp:187:10:void touchgfx::Application::registerTimerWidget(touchgfx::Drawable*)	16	static
../../Middlewares/ST/touchgfx/framework/include/touchgfx/Application.hpp:208:10:void touchgfx::Application::unregisterTimerWidget(const touchgfx::Drawable*)	16	static
../../Middlewares/ST/touchgfx/framework/include/touchgfx/Screen.hpp:104:18:virtual void touchgfx::Screen::afterTransition()	16	static
../../Middlewares/ST/touchgfx/framework/include/touchgfx/Screen.hpp:115:18:virtual void touchgfx::Screen::tearDownScreen()	16	static
../../Middlewares/ST/touchgfx/framework/include/touchgfx/Screen.hpp:154:18:virtual void touchgfx::Screen::handleKeyEvent(uint8_t)	16	static
../../Middlewares/ST/touchgfx/framework/include/touchgfx/Screen.hpp:191:13:int16_t touchgfx::Screen::getScreenWidth() const	16	static
../../Middlewares/ST/touchgfx/framework/include/touchgfx/widgets/Image.hpp:76:10:void touchgfx::Image::setAlpha(uint8_t)	16	static
../../Middlewares/ST/touchgfx/framework/include/touchgfx/widgets/Image.hpp:111:13:uint8_t touchgfx::Image::getAlpha() const	16	static
../../Middlewares/ST/touchgfx/framework/include/touchgfx/widgets/Image.hpp:118:18:virtual void touchgfx::Image::invalidateContent() const	16	static
../../Middlewares/ST/touchgfx/framework/include/touchgfx/widgets/TextureMapper.hpp:612:18:virtual void touchgfx::TextureMapper::invalidateContent() const	24	static
../../TouchGFX/generated/gui_generated/include/gui_generated/adjusting_screen/AdjustingViewBase.hpp:37:18:virtual void AdjustingViewBase::fakeClicked()	16	static
../../TouchGFX/gui/include/gui/adjusting_screen/AdjustingView.hpp:13:13:AdjustingView::~AdjustingView()	16	static
../../TouchGFX/gui/include/gui/adjusting_screen/AdjustingView.hpp:13:13:virtual AdjustingView::~AdjustingView()	16	static
C:/Roberto/O3/O3dev_edt_00/TouchGFX/gui/src/adjusting_screen/AdjustingView.cpp:5:1:AdjustingView::AdjustingView()	16	static
C:/Roberto/O3/O3dev_edt_00/TouchGFX/gui/src/adjusting_screen/AdjustingView.cpp:19:6:virtual void AdjustingView::setupScreen()	16	static
C:/Roberto/O3/O3dev_edt_00/TouchGFX/gui/src/adjusting_screen/AdjustingView.cpp:24:6:virtual void AdjustingView::tearDownScreen()	16	static
C:/Roberto/O3/O3dev_edt_00/TouchGFX/gui/src/adjusting_screen/AdjustingView.cpp:29:6:virtual void AdjustingView::handleTickEvent()	32	static
C:/Roberto/O3/O3dev_edt_00/TouchGFX/gui/src/adjusting_screen/AdjustingView.cpp:82:6:virtual void AdjustingView::okClicked()	16	static
C:/Roberto/O3/O3dev_edt_00/TouchGFX/gui/src/adjusting_screen/AdjustingView.cpp:86:6:virtual void AdjustingView::cnlClicked()	16	static
C:/Roberto/O3/O3dev_edt_00/TouchGFX/gui/src/adjusting_screen/AdjustingView.cpp:91:6:void AdjustingView::initTherapyContext(THERAPY_CTX*)	16	static
C:/Roberto/O3/O3dev_edt_00/TouchGFX/gui/src/adjusting_screen/AdjustingView.cpp:96:10:uint16_t AdjustingView::getTherapyTargetValue(uint8_t)	16	static
C:/Roberto/O3/O3dev_edt_00/TouchGFX/gui/src/adjusting_screen/AdjustingView.cpp:101:6:void AdjustingView::initTherapyDataInfo()	72	static
../../Middlewares/ST/touchgfx/framework/include/touchgfx/mixins/FadeAnimator.hpp:71:10:void touchgfx::FadeAnimator<T>::clearFadeAnimationEndedAction() [with T = touchgfx::TextureMapper]	16	static
../../Middlewares/ST/touchgfx/framework/include/touchgfx/mixins/FadeAnimator.hpp:122:10:void touchgfx::FadeAnimator<T>::startFadeAnimation(uint8_t, uint16_t, touchgfx::EasingEquation) [with T = touchgfx::TextureMapper]	24	static
../../Middlewares/ST/touchgfx/framework/include/touchgfx/mixins/FadeAnimator.hpp:71:10:void touchgfx::FadeAnimator<T>::clearFadeAnimationEndedAction() [with T = touchgfx::Image]	16	static
../../Middlewares/ST/touchgfx/framework/include/touchgfx/mixins/FadeAnimator.hpp:122:10:void touchgfx::FadeAnimator<T>::startFadeAnimation(uint8_t, uint16_t, touchgfx::EasingEquation) [with T = touchgfx::Image]	24	static
../../Middlewares/ST/touchgfx/framework/include/touchgfx/mixins/FadeAnimator.hpp:165:10:void touchgfx::FadeAnimator<T>::nextFadeAnimationStep() [with T = touchgfx::TextureMapper]	32	static
../../Middlewares/ST/touchgfx/framework/include/touchgfx/mixins/FadeAnimator.hpp:165:10:void touchgfx::FadeAnimator<T>::nextFadeAnimationStep() [with T = touchgfx::Image]	32	static
