../../Middlewares/ST/touchgfx/framework/include/mvp/Presenter.hpp:37:18:virtual void touchgfx::Presenter::activate()	16	static
../../Middlewares/ST/touchgfx/framework/include/mvp/Presenter.hpp:47:18:virtual void touchgfx::Presenter::deactivate()	16	static
../../Middlewares/ST/touchgfx/framework/include/mvp/Presenter.hpp:52:13:touchgfx::Presenter::~Presenter()	16	static
../../Middlewares/ST/touchgfx/framework/include/mvp/Presenter.hpp:52:13:virtual touchgfx::Presenter::~Presenter()	16	static
../../Middlewares/ST/touchgfx/framework/include/mvp/Presenter.hpp:58:5:touchgfx::Presenter::Presenter()	16	static
../../TouchGFX/gui/include/gui/model/ModelListener.hpp:20:5:ModelListener::ModelListener()	16	static
../../TouchGFX/gui/include/gui/model/ModelListener.hpp:22:13:ModelListener::~ModelListener()	16	static
../../TouchGFX/gui/include/gui/model/ModelListener.hpp:22:13:virtual ModelListener::~ModelListener()	16	static
../../TouchGFX/gui/include/gui/model/ModelListener.hpp:24:18:virtual void ModelListener::RS232CharReceived(uint8_t*, uint16_t)	24	static
../../TouchGFX/gui/include/gui/model/ModelListener.hpp:25:18:virtual void ModelListener::CANReceived(uint8_t*)	16	static
../../TouchGFX/gui/include/gui/model/ModelListener.hpp:26:18:virtual void ModelListener::GetModelTemperature()	16	static
../../TouchGFX/gui/include/gui/model/ModelListener.hpp:27:18:virtual void ModelListener::PopUpWindowGPIO1()	16	static
../../TouchGFX/gui/include/gui/model/ModelListener.hpp:28:18:virtual void ModelListener::ShowGPIO_0_State()	16	static
../../TouchGFX/gui/include/gui/model/ModelListener.hpp:29:22:virtual uint16_t ModelListener::getVisibleScreen()	16	static
../../TouchGFX/gui/include/gui/model/ModelListener.hpp:30:18:virtual void ModelListener::updateProgressRange(int, int)	24	static
../../TouchGFX/gui/include/gui/model/ModelListener.hpp:31:18:virtual void ModelListener::onPinValidated(bool)	16	static
../../TouchGFX/gui/include/gui/model/ModelListener.hpp:34:18:virtual void ModelListener::PushCanToView(uint8_t*, uint16_t)	24	static
../../TouchGFX/gui/include/gui/end_screen/EndPresenter.hpp:28:13:EndPresenter::~EndPresenter()	16	static
../../TouchGFX/gui/include/gui/end_screen/EndPresenter.hpp:28:13:virtual EndPresenter::~EndPresenter()	16	static
C:/Roberto/O3/O3dev_edt_00/TouchGFX/gui/src/end_screen/EndPresenter.cpp:4:1:EndPresenter::EndPresenter(EndView&)	16	static
C:/Roberto/O3/O3dev_edt_00/TouchGFX/gui/src/end_screen/EndPresenter.cpp:10:6:virtual void EndPresenter::activate()	24	static
C:/Roberto/O3/O3dev_edt_00/TouchGFX/gui/src/end_screen/EndPresenter.cpp:18:6:virtual void EndPresenter::deactivate()	16	static
C:/Roberto/O3/O3dev_edt_00/TouchGFX/gui/src/end_screen/EndPresenter.cpp:23:6:void EndPresenter::StartGeneration()	16	static
C:/Roberto/O3/O3dev_edt_00/TouchGFX/gui/src/end_screen/EndPresenter.cpp:28:10:uint16_t EndPresenter::getTherapyTargetValue(uint8_t)	16	static
C:/Roberto/O3/O3dev_edt_00/TouchGFX/gui/src/end_screen/EndPresenter.cpp:33:9:uint8_t EndPresenter::getFsmState()	16	static
C:/Roberto/O3/O3dev_edt_00/TouchGFX/gui/src/end_screen/EndPresenter.cpp:38:9:uint8_t EndPresenter::getRemainingMinutes()	16	static
C:/Roberto/O3/O3dev_edt_00/TouchGFX/gui/src/end_screen/EndPresenter.cpp:43:9:uint8_t EndPresenter::getRemainingSeconds()	16	static
C:/Roberto/O3/O3dev_edt_00/TouchGFX/gui/src/end_screen/EndPresenter.cpp:48:10:uint32_t EndPresenter::getCurrentTotalDose()	16	static
C:/Roberto/O3/O3dev_edt_00/TouchGFX/gui/src/end_screen/EndPresenter.cpp:53:10:uint32_t EndPresenter::getCurrentOutputVolume()	16	static
C:/Roberto/O3/O3dev_edt_00/TouchGFX/gui/src/end_screen/EndPresenter.cpp:58:10:uint32_t EndPresenter::getConfiguredTime()	16	static
C:/Roberto/O3/O3dev_edt_00/TouchGFX/gui/src/end_screen/EndPresenter.cpp:63:10:virtual uint16_t EndPresenter::getVisibleScreen()	16	static
C:/Roberto/O3/O3dev_edt_00/TouchGFX/gui/src/end_screen/EndPresenter.cpp:68:6:void EndPresenter::gotoRepose()	16	static
