../../Middlewares/ST/touchgfx/framework/include/touchgfx/Screen.hpp:104:18:virtual void touchgfx::Screen::afterTransition()	16	static
../../Middlewares/ST/touchgfx/framework/include/touchgfx/Screen.hpp:115:18:virtual void touchgfx::Screen::tearDownScreen()	16	static
../../Middlewares/ST/touchgfx/framework/include/touchgfx/Screen.hpp:144:18:virtual void touchgfx::Screen::handleTickEvent()	16	static
../../Middlewares/ST/touchgfx/framework/include/touchgfx/Screen.hpp:154:18:virtual void touchgfx::Screen::handleKeyEvent(uint8_t)	16	static
../../TouchGFX/gui/include/gui/hidescreen_screen/HideScreenView.hpp:11:13:HideScreenView::~HideScreenView()	16	static
../../TouchGFX/gui/include/gui/hidescreen_screen/HideScreenView.hpp:11:13:virtual HideScreenView::~HideScreenView()	16	static
C:/Roberto/O3/O3dev_edt_00/TouchGFX/gui/src/hidescreen_screen/HideScreenView.cpp:3:1:HideScreenView::HideScreenView()	16	static
C:/Roberto/O3/O3dev_edt_00/TouchGFX/gui/src/hidescreen_screen/HideScreenView.cpp:8:6:virtual void HideScreenView::setupScreen()	16	static
C:/Roberto/O3/O3dev_edt_00/TouchGFX/gui/src/hidescreen_screen/HideScreenView.cpp:13:6:virtual void HideScreenView::tearDownScreen()	16	static
