../../Middlewares/ST/touchgfx/framework/include/mvp/Presenter.hpp:37:18:virtual void touchgfx::Presenter::activate()	16	static
../../Middlewares/ST/touchgfx/framework/include/mvp/Presenter.hpp:47:18:virtual void touchgfx::Presenter::deactivate()	16	static
../../Middlewares/ST/touchgfx/framework/include/mvp/Presenter.hpp:52:13:touchgfx::Presenter::~Presenter()	16	static
../../Middlewares/ST/touchgfx/framework/include/mvp/Presenter.hpp:52:13:virtual touchgfx::Presenter::~Presenter()	16	static
../../Middlewares/ST/touchgfx/framework/include/mvp/Presenter.hpp:58:5:touchgfx::Presenter::Presenter()	16	static
../../TouchGFX/gui/include/gui/model/ModelListener.hpp:20:5:ModelListener::ModelListener()	16	static
../../TouchGFX/gui/include/gui/model/ModelListener.hpp:22:13:ModelListener::~ModelListener()	16	static
../../TouchGFX/gui/include/gui/model/ModelListener.hpp:22:13:virtual ModelListener::~ModelListener()	16	static
../../TouchGFX/gui/include/gui/model/ModelListener.hpp:24:18:virtual void ModelListener::RS232CharReceived(uint8_t*, uint16_t)	24	static
../../TouchGFX/gui/include/gui/model/ModelListener.hpp:25:18:virtual void ModelListener::CANReceived(uint8_t*)	16	static
../../TouchGFX/gui/include/gui/model/ModelListener.hpp:26:18:virtual void ModelListener::GetModelTemperature()	16	static
../../TouchGFX/gui/include/gui/model/ModelListener.hpp:27:18:virtual void ModelListener::PopUpWindowGPIO1()	16	static
../../TouchGFX/gui/include/gui/model/ModelListener.hpp:28:18:virtual void ModelListener::ShowGPIO_0_State()	16	static
../../TouchGFX/gui/include/gui/model/ModelListener.hpp:29:22:virtual uint16_t ModelListener::getVisibleScreen()	16	static
../../TouchGFX/gui/include/gui/model/ModelListener.hpp:30:18:virtual void ModelListener::updateProgressRange(int, int)	24	static
../../TouchGFX/gui/include/gui/model/ModelListener.hpp:31:18:virtual void ModelListener::onPinValidated(bool)	16	static
../../TouchGFX/gui/include/gui/model/ModelListener.hpp:34:18:virtual void ModelListener::PushCanToView(uint8_t*, uint16_t)	24	static
../../TouchGFX/gui/include/gui/information_screen/InformationPresenter.hpp:28:13:InformationPresenter::~InformationPresenter()	16	static
../../TouchGFX/gui/include/gui/information_screen/InformationPresenter.hpp:28:13:virtual InformationPresenter::~InformationPresenter()	16	static
C:/Roberto/O3/O3dev_edt_00/TouchGFX/gui/src/information_screen/InformationPresenter.cpp:4:1:InformationPresenter::InformationPresenter(InformationView&)	16	static
C:/Roberto/O3/O3dev_edt_00/TouchGFX/gui/src/information_screen/InformationPresenter.cpp:10:6:virtual void InformationPresenter::activate()	16	static
C:/Roberto/O3/O3dev_edt_00/TouchGFX/gui/src/information_screen/InformationPresenter.cpp:15:6:virtual void InformationPresenter::deactivate()	16	static
C:/Roberto/O3/O3dev_edt_00/TouchGFX/gui/src/information_screen/InformationPresenter.cpp:19:6:void InformationPresenter::setGuiTherapy(int8_t)	16	static
C:/Roberto/O3/O3dev_edt_00/TouchGFX/gui/src/information_screen/InformationPresenter.cpp:24:8:int8_t InformationPresenter::getGuiTherapy()	16	static
C:/Roberto/O3/O3dev_edt_00/TouchGFX/gui/src/information_screen/InformationPresenter.cpp:29:24:touchgfx::Unicode::UnicodeChar* InformationPresenter::getSoftwareVersion()	16	static
C:/Roberto/O3/O3dev_edt_00/TouchGFX/gui/src/information_screen/InformationPresenter.cpp:34:24:touchgfx::Unicode::UnicodeChar* InformationPresenter::getControlSoftwareVersion()	16	static
C:/Roberto/O3/O3dev_edt_00/TouchGFX/gui/src/information_screen/InformationPresenter.cpp:39:9:int16_t InformationPresenter::getPressure()	16	static
C:/Roberto/O3/O3dev_edt_00/TouchGFX/gui/src/information_screen/InformationPresenter.cpp:43:9:int16_t InformationPresenter::getTemperature()	16	static
C:/Roberto/O3/O3dev_edt_00/TouchGFX/gui/src/information_screen/InformationPresenter.cpp:48:24:touchgfx::Unicode::UnicodeChar* InformationPresenter::getParameters()	16	static
C:/Roberto/O3/O3dev_edt_00/TouchGFX/gui/src/information_screen/InformationPresenter.cpp:53:24:touchgfx::Unicode::UnicodeChar* InformationPresenter::getStartupInfo()	16	static
