C:/Roberto/O3/O3dev_edt_00/TouchGFX/gui/src/model/LogManage.cpp:18:9:FRESULT ensureDirExists(const char*)	72	static
C:/Roberto/O3/O3dev_edt_00/TouchGFX/gui/src/model/LogManage.cpp:38:8:int8_t openLogFileWrite(const char*)	152	static
C:/Roberto/O3/O3dev_edt_00/TouchGFX/gui/src/model/LogManage.cpp:70:8:int8_t openLogFileRead(const char*)	24	static
C:/Roberto/O3/O3dev_edt_00/TouchGFX/gui/src/model/LogManage.cpp:90:6:void closeLogFile()	8	static
C:/Roberto/O3/O3dev_edt_00/TouchGFX/gui/src/model/LogManage.cpp:101:8:int8_t writeLogLine(uint16_t, int32_t)	96	static
C:/Roberto/O3/O3dev_edt_00/TouchGFX/gui/src/model/LogManage.cpp:134:13:void LR_init(LineReader_t*, FIL*)	16	static
C:/Roberto/O3/O3dev_edt_00/TouchGFX/gui/src/model/LogManage.cpp:141:12:int LR_getline(LineReader_t*, int8_t*, int16_t)	32	static
C:/Roberto/O3/O3dev_edt_00/TouchGFX/gui/src/model/LogManage.cpp:165:6:void trim(int8_t*)	32	static
C:/Roberto/O3/O3dev_edt_00/TouchGFX/gui/src/model/LogManage.cpp:181:8:int8_t readLogLine(uint16_t, int32_t*)	640	static
C:/Roberto/O3/O3dev_edt_00/TouchGFX/gui/src/model/LogManage.cpp:230:8:int8_t openParamFileWrite()	8	static
C:/Roberto/O3/O3dev_edt_00/TouchGFX/gui/src/model/LogManage.cpp:239:8:int8_t openParamFileRead()	8	static
C:/Roberto/O3/O3dev_edt_00/TouchGFX/gui/src/model/LogManage.cpp:248:6:void closeParamFile()	8	static
