C:/Roberto/O3/O3dev_edt_00/TouchGFX/gui/src/model/LogManage.cpp:18:9:FRESULT ensureDirExists(const char*)	72	static
C:/Roberto/O3/O3dev_edt_00/TouchGFX/gui/src/model/LogManage.cpp:38:8:int8_t openLogFileWrite(const char*)	152	static
C:/Roberto/O3/O3dev_edt_00/TouchGFX/gui/src/model/LogManage.cpp:70:8:int8_t openLogFileRead(const char*)	24	static
C:/Roberto/O3/O3dev_edt_00/TouchGFX/gui/src/model/LogManage.cpp:90:6:void closeLogFile()	8	static
C:/Roberto/O3/O3dev_edt_00/TouchGFX/gui/src/model/LogManage.cpp:101:8:int8_t writeLogLine(uint16_t, int32_t)	96	static
C:/Roberto/O3/O3dev_edt_00/TouchGFX/gui/src/model/LogManage.cpp:133:5:int get_line(FIL*, int8_t*, int16_t)	32	static
C:/Roberto/O3/O3dev_edt_00/TouchGFX/gui/src/model/LogManage.cpp:168:6:void trim(int8_t*)	32	static
C:/Roberto/O3/O3dev_edt_00/TouchGFX/gui/src/model/LogManage.cpp:184:8:int8_t readLogLine(uint16_t, int32_t*)	120	static
C:/Roberto/O3/O3dev_edt_00/TouchGFX/gui/src/model/LogManage.cpp:232:8:int8_t openParamFileWrite()	8	static
C:/Roberto/O3/O3dev_edt_00/TouchGFX/gui/src/model/LogManage.cpp:241:8:int8_t openParamFileRead()	8	static
C:/Roberto/O3/O3dev_edt_00/TouchGFX/gui/src/model/LogManage.cpp:250:6:void closeParamFile()	8	static
