C:/Roberto/O3/O3dev_edt_00/TouchGFX/gui/src/model/Model.cpp:40:1:Model::Model()	16	static
C:/Roberto/O3/O3dev_edt_00/TouchGFX/gui/src/model/Model.cpp:58:6:void Model::tick()	24	static
C:/Roberto/O3/O3dev_edt_00/TouchGFX/gui/src/model/Model.cpp:375:6:void Model::checkPin(const char*)	24	static
C:/Roberto/O3/O3dev_edt_00/TouchGFX/gui/src/model/Model.cpp:389:6:void Model::blockConfigOptions()	16	static
C:/Roberto/O3/O3dev_edt_00/TouchGFX/gui/src/model/Model.cpp:394:6:void Model::unblockConfigOptions()	16	static
C:/Roberto/O3/O3dev_edt_00/TouchGFX/gui/src/model/Model.cpp:399:6:bool Model::configOptionsAllowed()	16	static
C:/Roberto/O3/O3dev_edt_00/TouchGFX/gui/src/model/Model.cpp:404:6:void Model::setGuiTherapy(int8_t)	16	static
C:/Roberto/O3/O3dev_edt_00/TouchGFX/gui/src/model/Model.cpp:421:8:int8_t Model::getGuiTherapy()	16	static
C:/Roberto/O3/O3dev_edt_00/TouchGFX/gui/src/model/Model.cpp:426:6:void Model::initTherapyTargetValues()	16	static
C:/Roberto/O3/O3dev_edt_00/TouchGFX/gui/src/model/Model.cpp:444:6:void Model::initStorageDelegates()	16	static
C:/Roberto/O3/O3dev_edt_00/TouchGFX/gui/src/model/Model.cpp:453:6:void Model::setTherapyTargetValue(uint8_t, uint16_t)	16	static
C:/Roberto/O3/O3dev_edt_00/TouchGFX/gui/src/model/Model.cpp:462:10:uint16_t Model::getTherapyTargetValue(uint8_t)	16	static
C:/Roberto/O3/O3dev_edt_00/TouchGFX/gui/src/model/Model.cpp:472:6:void Model::setGenerationMode(bool)	16	static
C:/Roberto/O3/O3dev_edt_00/TouchGFX/gui/src/model/Model.cpp:481:6:bool Model::getGenerationMode()	16	static
C:/Roberto/O3/O3dev_edt_00/TouchGFX/gui/src/model/Model.cpp:489:6:bool Model::isGenerationModeAvailable()	16	static
C:/Roberto/O3/O3dev_edt_00/TouchGFX/gui/src/model/Model.cpp:495:6:bool Model::isVaccumAvailable()	16	static
C:/Roberto/O3/O3dev_edt_00/TouchGFX/gui/src/model/Model.cpp:501:8:char* Model::getSoftwareVersion()	16	static
C:/Roberto/O3/O3dev_edt_00/TouchGFX/gui/src/model/Model.cpp:506:8:char* Model::getControlSoftwareVersion()	16	static
C:/Roberto/O3/O3dev_edt_00/TouchGFX/gui/src/model/Model.cpp:512:9:int16_t Model::getPressure()	16	static
C:/Roberto/O3/O3dev_edt_00/TouchGFX/gui/src/model/Model.cpp:517:9:int16_t Model::getTemperature()	16	static
C:/Roberto/O3/O3dev_edt_00/TouchGFX/gui/src/model/Model.cpp:522:8:char* Model::getParameters()	16	static
C:/Roberto/O3/O3dev_edt_00/TouchGFX/gui/src/model/Model.cpp:528:8:char* Model::getStartupInfo()	16	static
C:/Roberto/O3/O3dev_edt_00/TouchGFX/gui/src/model/Model.cpp:534:10:int8_t* Model::getDeviceConfig()	16	static
C:/Roberto/O3/O3dev_edt_00/TouchGFX/gui/src/model/Model.cpp:539:6:void Model::periodCalibrationStart()	16	static
C:/Roberto/O3/O3dev_edt_00/TouchGFX/gui/src/model/Model.cpp:544:6:void Model::loadParameterStart()	16	static
C:/Roberto/O3/O3dev_edt_00/TouchGFX/gui/src/model/Model.cpp:549:6:void Model::saveParameterStart()	16	static
C:/Roberto/O3/O3dev_edt_00/TouchGFX/gui/src/model/Model.cpp:554:6:void Model::flowCalibrationStart()	16	static
C:/Roberto/O3/O3dev_edt_00/TouchGFX/gui/src/model/Model.cpp:559:6:void Model::o3CalibrationStart()	16	static
C:/Roberto/O3/O3dev_edt_00/TouchGFX/gui/src/model/Model.cpp:564:6:void Model::onSelectionAction(uint8_t)	16	static
C:/Roberto/O3/O3dev_edt_00/TouchGFX/gui/src/model/Model.cpp:569:6:void Model::onSliderAction(uint8_t)	16	static
C:/Roberto/O3/O3dev_edt_00/TouchGFX/gui/src/model/Model.cpp:575:15:THERAPY_CTX* Model::getTherapyCtx()	16	static
C:/Roberto/O3/O3dev_edt_00/TouchGFX/gui/src/model/Model.cpp:580:13:uint16_t** Model::getTherapyTargets()	16	static
C:/Roberto/O3/O3dev_edt_00/TouchGFX/gui/src/model/Model.cpp:585:6:void Model::EndSelection()	16	static
C:/Roberto/O3/O3dev_edt_00/TouchGFX/gui/src/model/Model.cpp:613:6:void Model::StartGeneration()	16	static
C:/Roberto/O3/O3dev_edt_00/TouchGFX/gui/src/model/Model.cpp:623:6:void Model::CancelSelection()	16	static
C:/Roberto/O3/O3dev_edt_00/TouchGFX/gui/src/model/Model.cpp:637:6:void Model::StopGeneration()	16	static
C:/Roberto/O3/O3dev_edt_00/TouchGFX/gui/src/model/Model.cpp:646:6:void Model::exitError()	16	static
C:/Roberto/O3/O3dev_edt_00/TouchGFX/gui/src/model/Model.cpp:655:6:void Model::userCancelled()	16	static
C:/Roberto/O3/O3dev_edt_00/TouchGFX/gui/src/model/Model.cpp:665:6:void Model::userOk()	16	static
C:/Roberto/O3/O3dev_edt_00/TouchGFX/gui/src/model/Model.cpp:674:6:void Model::userOkRelease()	16	static
C:/Roberto/O3/O3dev_edt_00/TouchGFX/gui/src/model/Model.cpp:683:6:void Model::cancelWashing()	16	static
C:/Roberto/O3/O3dev_edt_00/TouchGFX/gui/src/model/Model.cpp:692:6:void Model::washingExtesion()	16	static
C:/Roberto/O3/O3dev_edt_00/TouchGFX/gui/src/model/Model.cpp:701:6:void Model::gotoRepose()	16	static
C:/Roberto/O3/O3dev_edt_00/TouchGFX/gui/src/model/Model.cpp:712:6:bool Model::isStarting()	16	static
C:/Roberto/O3/O3dev_edt_00/TouchGFX/gui/src/model/Model.cpp:726:6:bool Model::isCalibrationErrorDuringStartUp()	16	static
C:/Roberto/O3/O3dev_edt_00/TouchGFX/gui/src/model/Model.cpp:735:6:bool Model::isCompensatingPressure()	16	static
C:/Roberto/O3/O3dev_edt_00/TouchGFX/gui/src/model/Model.cpp:744:6:bool Model::isPaused()	16	static
C:/Roberto/O3/O3dev_edt_00/TouchGFX/gui/src/model/Model.cpp:772:6:bool Model::isPauseAvailable()	16	static
C:/Roberto/O3/O3dev_edt_00/TouchGFX/gui/src/model/Model.cpp:788:9:uint8_t Model::getFsmState()	16	static
C:/Roberto/O3/O3dev_edt_00/TouchGFX/gui/src/model/Model.cpp:797:9:uint8_t Model::getErrorState()	16	static
C:/Roberto/O3/O3dev_edt_00/TouchGFX/gui/src/model/Model.cpp:806:9:uint8_t Model::getRemainingMinutes()	16	static
C:/Roberto/O3/O3dev_edt_00/TouchGFX/gui/src/model/Model.cpp:815:9:uint8_t Model::getRemainingSeconds()	16	static
C:/Roberto/O3/O3dev_edt_00/TouchGFX/gui/src/model/Model.cpp:824:9:uint8_t Model::getWashingSeconds()	16	static
C:/Roberto/O3/O3dev_edt_00/TouchGFX/gui/src/model/Model.cpp:834:9:int16_t Model::getCurrentOperatingPressure()	16	static
C:/Roberto/O3/O3dev_edt_00/TouchGFX/gui/src/model/Model.cpp:843:10:uint32_t Model::getCurrentTotalDose()	16	static
C:/Roberto/O3/O3dev_edt_00/TouchGFX/gui/src/model/Model.cpp:852:10:uint32_t Model::getCurrentOutputVolume()	16	static
C:/Roberto/O3/O3dev_edt_00/TouchGFX/gui/src/model/Model.cpp:861:10:uint32_t Model::getConfiguredTime()	16	static
C:/Roberto/O3/O3dev_edt_00/TouchGFX/gui/src/model/Model.cpp:869:10:uint32_t Model::getConfiguredVolume()	16	static
C:/Roberto/O3/O3dev_edt_00/TouchGFX/gui/src/model/Model.cpp:878:6:bool Model::refreshGenerationInfo()	16	static
C:/Roberto/O3/O3dev_edt_00/TouchGFX/gui/src/model/Model.cpp:887:6:void Model::clearGenerationInfoFlag()	16	static
C:/Roberto/O3/O3dev_edt_00/TouchGFX/gui/src/model/Model.cpp:894:9:uint8_t Model::getCalibrationSucessState()	16	static
C:/Roberto/O3/O3dev_edt_00/TouchGFX/gui/src/model/Model.cpp:906:6:void Model::setupDefaultTherapyContext(int8_t)	24	static
C:/Roberto/O3/O3dev_edt_00/TouchGFX/gui/src/model/Model.cpp:938:6:void Model::setupTherapyContext(int8_t)	24	static
C:/Roberto/O3/O3dev_edt_00/TouchGFX/gui/src/model/Model.cpp:995:6:void Model::setDefaultMainMenu()	24	static
C:/Roberto/O3/O3dev_edt_00/TouchGFX/gui/src/model/Model.cpp:1004:9:int16_t Model::configureMainMenu()	24	static
C:/Roberto/O3/O3dev_edt_00/TouchGFX/gui/src/model/Model.cpp:1016:6:void setMaxFlow()	8	static
C:/Roberto/O3/O3dev_edt_00/TouchGFX/gui/src/model/Model.cpp:1024:6:void setMaxTime()	8	static
C:/Roberto/O3/O3dev_edt_00/TouchGFX/gui/src/model/Model.cpp:1032:6:void Model::printTherapyTargetValues()	16	static
C:/Roberto/O3/O3dev_edt_00/TouchGFX/gui/src/model/Model.cpp:1055:9:uint8_t Model::is_SD()	24	static
C:/Roberto/O3/O3dev_edt_00/TouchGFX/gui/src/model/Model.cpp:1078:9:uint8_t Model::is_USB_flash()	16	static
C:/Roberto/O3/O3dev_edt_00/TouchGFX/gui/src/model/Model.cpp:1093:9:uint8_t Model::is_SD_mounted()	32	static
C:/Roberto/O3/O3dev_edt_00/TouchGFX/gui/src/model/Model.cpp:1130:9:uint8_t Model::is_USB_flash_mounted()	32	static
C:/Roberto/O3/O3dev_edt_00/TouchGFX/gui/src/model/Model.cpp:1917:6:void Model::configLoaderTask()	40	static
C:/Roberto/O3/O3dev_edt_00/TouchGFX/gui/src/model/Model.cpp:2014:17:void StartConfigLoaderTask(void*)	16	static
