C:/Roberto/O3/O3dev_edt_00/TouchGFX/gui/src/model/Model.cpp:35:1:Model::Model()	16	static
C:/Roberto/O3/O3dev_edt_00/TouchGFX/gui/src/model/Model.cpp:53:6:void Model::tick()	24	static
C:/Roberto/O3/O3dev_edt_00/TouchGFX/gui/src/model/Model.cpp:370:6:void Model::checkPin(const char*)	24	static
C:/Roberto/O3/O3dev_edt_00/TouchGFX/gui/src/model/Model.cpp:384:6:void Model::blockConfigOptions()	16	static
C:/Roberto/O3/O3dev_edt_00/TouchGFX/gui/src/model/Model.cpp:389:6:void Model::unblockConfigOptions()	16	static
C:/Roberto/O3/O3dev_edt_00/TouchGFX/gui/src/model/Model.cpp:394:6:bool Model::configOptionsAllowed()	16	static
C:/Roberto/O3/O3dev_edt_00/TouchGFX/gui/src/model/Model.cpp:399:6:void Model::setGuiTherapy(int8_t)	16	static
C:/Roberto/O3/O3dev_edt_00/TouchGFX/gui/src/model/Model.cpp:416:8:int8_t Model::getGuiTherapy()	16	static
C:/Roberto/O3/O3dev_edt_00/TouchGFX/gui/src/model/Model.cpp:421:6:void Model::initTherapyTargetValues()	16	static
C:/Roberto/O3/O3dev_edt_00/TouchGFX/gui/src/model/Model.cpp:439:6:void Model::initStorageDelegates()	16	static
C:/Roberto/O3/O3dev_edt_00/TouchGFX/gui/src/model/Model.cpp:448:6:void Model::setTherapyTargetValue(uint8_t, uint16_t)	16	static
C:/Roberto/O3/O3dev_edt_00/TouchGFX/gui/src/model/Model.cpp:457:10:uint16_t Model::getTherapyTargetValue(uint8_t)	16	static
C:/Roberto/O3/O3dev_edt_00/TouchGFX/gui/src/model/Model.cpp:467:6:void Model::setGenerationMode(bool)	16	static
C:/Roberto/O3/O3dev_edt_00/TouchGFX/gui/src/model/Model.cpp:476:6:bool Model::getGenerationMode()	16	static
C:/Roberto/O3/O3dev_edt_00/TouchGFX/gui/src/model/Model.cpp:484:6:bool Model::isGenerationModeAvailable()	16	static
C:/Roberto/O3/O3dev_edt_00/TouchGFX/gui/src/model/Model.cpp:490:6:bool Model::isVaccumAvailable()	16	static
C:/Roberto/O3/O3dev_edt_00/TouchGFX/gui/src/model/Model.cpp:496:8:char* Model::getSoftwareVersion()	16	static
C:/Roberto/O3/O3dev_edt_00/TouchGFX/gui/src/model/Model.cpp:501:8:char* Model::getControlSoftwareVersion()	16	static
C:/Roberto/O3/O3dev_edt_00/TouchGFX/gui/src/model/Model.cpp:507:9:int16_t Model::getPressure()	16	static
C:/Roberto/O3/O3dev_edt_00/TouchGFX/gui/src/model/Model.cpp:512:9:int16_t Model::getTemperature()	16	static
C:/Roberto/O3/O3dev_edt_00/TouchGFX/gui/src/model/Model.cpp:517:8:char* Model::getParameters()	16	static
C:/Roberto/O3/O3dev_edt_00/TouchGFX/gui/src/model/Model.cpp:523:8:char* Model::getStartupInfo()	16	static
C:/Roberto/O3/O3dev_edt_00/TouchGFX/gui/src/model/Model.cpp:529:10:int8_t* Model::getDeviceConfig()	16	static
C:/Roberto/O3/O3dev_edt_00/TouchGFX/gui/src/model/Model.cpp:534:6:void Model::periodCalibrationStart()	16	static
C:/Roberto/O3/O3dev_edt_00/TouchGFX/gui/src/model/Model.cpp:539:6:void Model::loadParameterStart()	16	static
C:/Roberto/O3/O3dev_edt_00/TouchGFX/gui/src/model/Model.cpp:544:6:void Model::saveParameterStart()	16	static
C:/Roberto/O3/O3dev_edt_00/TouchGFX/gui/src/model/Model.cpp:549:6:void Model::flowCalibrationStart()	16	static
C:/Roberto/O3/O3dev_edt_00/TouchGFX/gui/src/model/Model.cpp:554:6:void Model::o3CalibrationStart()	16	static
C:/Roberto/O3/O3dev_edt_00/TouchGFX/gui/src/model/Model.cpp:559:6:void Model::onSelectionAction(uint8_t)	16	static
C:/Roberto/O3/O3dev_edt_00/TouchGFX/gui/src/model/Model.cpp:564:6:void Model::onSliderAction(uint8_t)	16	static
C:/Roberto/O3/O3dev_edt_00/TouchGFX/gui/src/model/Model.cpp:570:15:THERAPY_CTX* Model::getTherapyCtx()	16	static
C:/Roberto/O3/O3dev_edt_00/TouchGFX/gui/src/model/Model.cpp:575:13:uint16_t** Model::getTherapyTargets()	16	static
C:/Roberto/O3/O3dev_edt_00/TouchGFX/gui/src/model/Model.cpp:580:6:void Model::EndSelection()	16	static
C:/Roberto/O3/O3dev_edt_00/TouchGFX/gui/src/model/Model.cpp:608:6:void Model::StartGeneration()	16	static
C:/Roberto/O3/O3dev_edt_00/TouchGFX/gui/src/model/Model.cpp:618:6:void Model::CancelSelection()	16	static
C:/Roberto/O3/O3dev_edt_00/TouchGFX/gui/src/model/Model.cpp:632:6:void Model::StopGeneration()	16	static
C:/Roberto/O3/O3dev_edt_00/TouchGFX/gui/src/model/Model.cpp:641:6:void Model::exitError()	16	static
C:/Roberto/O3/O3dev_edt_00/TouchGFX/gui/src/model/Model.cpp:650:6:void Model::userCancelled()	16	static
C:/Roberto/O3/O3dev_edt_00/TouchGFX/gui/src/model/Model.cpp:660:6:void Model::userOk()	16	static
C:/Roberto/O3/O3dev_edt_00/TouchGFX/gui/src/model/Model.cpp:669:6:void Model::userOkRelease()	16	static
C:/Roberto/O3/O3dev_edt_00/TouchGFX/gui/src/model/Model.cpp:678:6:void Model::cancelWashing()	16	static
C:/Roberto/O3/O3dev_edt_00/TouchGFX/gui/src/model/Model.cpp:687:6:void Model::washingExtesion()	16	static
C:/Roberto/O3/O3dev_edt_00/TouchGFX/gui/src/model/Model.cpp:696:6:void Model::gotoRepose()	16	static
C:/Roberto/O3/O3dev_edt_00/TouchGFX/gui/src/model/Model.cpp:707:6:bool Model::isStarting()	16	static
C:/Roberto/O3/O3dev_edt_00/TouchGFX/gui/src/model/Model.cpp:721:6:bool Model::isCalibrationErrorDuringStartUp()	16	static
C:/Roberto/O3/O3dev_edt_00/TouchGFX/gui/src/model/Model.cpp:730:6:bool Model::isCompensatingPressure()	16	static
C:/Roberto/O3/O3dev_edt_00/TouchGFX/gui/src/model/Model.cpp:739:6:bool Model::isPaused()	16	static
C:/Roberto/O3/O3dev_edt_00/TouchGFX/gui/src/model/Model.cpp:767:6:bool Model::isPauseAvailable()	16	static
C:/Roberto/O3/O3dev_edt_00/TouchGFX/gui/src/model/Model.cpp:783:9:uint8_t Model::getFsmState()	16	static
C:/Roberto/O3/O3dev_edt_00/TouchGFX/gui/src/model/Model.cpp:792:9:uint8_t Model::getErrorState()	16	static
C:/Roberto/O3/O3dev_edt_00/TouchGFX/gui/src/model/Model.cpp:801:9:uint8_t Model::getRemainingMinutes()	16	static
C:/Roberto/O3/O3dev_edt_00/TouchGFX/gui/src/model/Model.cpp:810:9:uint8_t Model::getRemainingSeconds()	16	static
C:/Roberto/O3/O3dev_edt_00/TouchGFX/gui/src/model/Model.cpp:819:9:uint8_t Model::getWashingSeconds()	16	static
C:/Roberto/O3/O3dev_edt_00/TouchGFX/gui/src/model/Model.cpp:829:9:int16_t Model::getCurrentOperatingPressure()	16	static
C:/Roberto/O3/O3dev_edt_00/TouchGFX/gui/src/model/Model.cpp:838:10:uint32_t Model::getCurrentTotalDose()	16	static
C:/Roberto/O3/O3dev_edt_00/TouchGFX/gui/src/model/Model.cpp:847:10:uint32_t Model::getCurrentOutputVolume()	16	static
C:/Roberto/O3/O3dev_edt_00/TouchGFX/gui/src/model/Model.cpp:856:10:uint32_t Model::getConfiguredTime()	16	static
C:/Roberto/O3/O3dev_edt_00/TouchGFX/gui/src/model/Model.cpp:864:10:uint32_t Model::getConfiguredVolume()	16	static
C:/Roberto/O3/O3dev_edt_00/TouchGFX/gui/src/model/Model.cpp:873:6:bool Model::refreshGenerationInfo()	16	static
C:/Roberto/O3/O3dev_edt_00/TouchGFX/gui/src/model/Model.cpp:882:6:void Model::clearGenerationInfoFlag()	16	static
C:/Roberto/O3/O3dev_edt_00/TouchGFX/gui/src/model/Model.cpp:889:9:uint8_t Model::getCalibrationSucessState()	16	static
C:/Roberto/O3/O3dev_edt_00/TouchGFX/gui/src/model/Model.cpp:901:6:void Model::setupDefaultTherapyContext(int8_t)	24	static
C:/Roberto/O3/O3dev_edt_00/TouchGFX/gui/src/model/Model.cpp:933:6:void Model::setupTherapyContext(int8_t)	24	static
C:/Roberto/O3/O3dev_edt_00/TouchGFX/gui/src/model/Model.cpp:990:6:void Model::setDefaultMainMenu()	24	static
C:/Roberto/O3/O3dev_edt_00/TouchGFX/gui/src/model/Model.cpp:999:9:int16_t Model::configureMainMenu()	24	static
C:/Roberto/O3/O3dev_edt_00/TouchGFX/gui/src/model/Model.cpp:1011:6:void setMaxFlow()	8	static
C:/Roberto/O3/O3dev_edt_00/TouchGFX/gui/src/model/Model.cpp:1019:6:void setMaxTime()	8	static
C:/Roberto/O3/O3dev_edt_00/TouchGFX/gui/src/model/Model.cpp:1027:6:void Model::printTherapyTargetValues()	16	static
C:/Roberto/O3/O3dev_edt_00/TouchGFX/gui/src/model/Model.cpp:1050:9:uint8_t Model::is_SD()	24	static
C:/Roberto/O3/O3dev_edt_00/TouchGFX/gui/src/model/Model.cpp:1073:9:uint8_t Model::is_USB_flash()	16	static
C:/Roberto/O3/O3dev_edt_00/TouchGFX/gui/src/model/Model.cpp:1088:9:uint8_t Model::is_SD_mounted()	32	static
C:/Roberto/O3/O3dev_edt_00/TouchGFX/gui/src/model/Model.cpp:1125:9:uint8_t Model::is_USB_flash_mounted()	32	static
C:/Roberto/O3/O3dev_edt_00/TouchGFX/gui/src/model/Model.cpp:1912:6:void Model::configLoaderTask()	40	static
C:/Roberto/O3/O3dev_edt_00/TouchGFX/gui/src/model/Model.cpp:2009:17:void StartConfigLoaderTask(void*)	16	static
