C:/Roberto/O3/O3dev_edt_00/TouchGFX/gui/src/model/Model.cpp:35:1:Model::Model()	16	static
C:/Roberto/O3/O3dev_edt_00/TouchGFX/gui/src/model/Model.cpp:53:6:void Model::tick()	24	static
C:/Roberto/O3/O3dev_edt_00/TouchGFX/gui/src/model/Model.cpp:370:6:void Model::checkPin(const char*)	24	static
C:/Roberto/O3/O3dev_edt_00/TouchGFX/gui/src/model/Model.cpp:384:6:void Model::blockConfigOptions()	16	static
C:/Roberto/O3/O3dev_edt_00/TouchGFX/gui/src/model/Model.cpp:389:6:void Model::unblockConfigOptions()	16	static
C:/Roberto/O3/O3dev_edt_00/TouchGFX/gui/src/model/Model.cpp:394:6:bool Model::configOptionsAllowed()	16	static
C:/Roberto/O3/O3dev_edt_00/TouchGFX/gui/src/model/Model.cpp:399:6:void Model::setGuiTherapy(int8_t)	16	static
C:/Roberto/O3/O3dev_edt_00/TouchGFX/gui/src/model/Model.cpp:416:8:int8_t Model::getGuiTherapy()	16	static
C:/Roberto/O3/O3dev_edt_00/TouchGFX/gui/src/model/Model.cpp:421:6:void Model::initTherapyTargetValues()	16	static
C:/Roberto/O3/O3dev_edt_00/TouchGFX/gui/src/model/Model.cpp:426:6:void Model::initStorageDelegates()	16	static
C:/Roberto/O3/O3dev_edt_00/TouchGFX/gui/src/model/Model.cpp:435:6:void Model::setTherapyTargetValue(uint8_t, uint16_t)	16	static
C:/Roberto/O3/O3dev_edt_00/TouchGFX/gui/src/model/Model.cpp:443:10:uint16_t Model::getTherapyTargetValue(uint8_t)	16	static
C:/Roberto/O3/O3dev_edt_00/TouchGFX/gui/src/model/Model.cpp:453:6:void Model::setGenerationMode(bool)	16	static
C:/Roberto/O3/O3dev_edt_00/TouchGFX/gui/src/model/Model.cpp:462:6:bool Model::getGenerationMode()	16	static
C:/Roberto/O3/O3dev_edt_00/TouchGFX/gui/src/model/Model.cpp:470:6:bool Model::isGenerationModeAvailable()	16	static
C:/Roberto/O3/O3dev_edt_00/TouchGFX/gui/src/model/Model.cpp:476:6:bool Model::isVaccumAvailable()	16	static
C:/Roberto/O3/O3dev_edt_00/TouchGFX/gui/src/model/Model.cpp:482:8:char* Model::getSoftwareVersion()	16	static
C:/Roberto/O3/O3dev_edt_00/TouchGFX/gui/src/model/Model.cpp:487:8:char* Model::getControlSoftwareVersion()	16	static
C:/Roberto/O3/O3dev_edt_00/TouchGFX/gui/src/model/Model.cpp:493:9:int16_t Model::getPressure()	16	static
C:/Roberto/O3/O3dev_edt_00/TouchGFX/gui/src/model/Model.cpp:498:9:int16_t Model::getTemperature()	16	static
C:/Roberto/O3/O3dev_edt_00/TouchGFX/gui/src/model/Model.cpp:503:8:char* Model::getParameters()	16	static
C:/Roberto/O3/O3dev_edt_00/TouchGFX/gui/src/model/Model.cpp:509:8:char* Model::getStartupInfo()	16	static
C:/Roberto/O3/O3dev_edt_00/TouchGFX/gui/src/model/Model.cpp:515:10:int8_t* Model::getDeviceConfig()	16	static
C:/Roberto/O3/O3dev_edt_00/TouchGFX/gui/src/model/Model.cpp:520:6:void Model::periodCalibrationStart()	16	static
C:/Roberto/O3/O3dev_edt_00/TouchGFX/gui/src/model/Model.cpp:525:6:void Model::loadParameterStart()	16	static
C:/Roberto/O3/O3dev_edt_00/TouchGFX/gui/src/model/Model.cpp:530:6:void Model::saveParameterStart()	16	static
C:/Roberto/O3/O3dev_edt_00/TouchGFX/gui/src/model/Model.cpp:535:6:void Model::flowCalibrationStart()	16	static
C:/Roberto/O3/O3dev_edt_00/TouchGFX/gui/src/model/Model.cpp:540:6:void Model::o3CalibrationStart()	16	static
C:/Roberto/O3/O3dev_edt_00/TouchGFX/gui/src/model/Model.cpp:545:6:void Model::onSelectionAction(uint8_t)	16	static
C:/Roberto/O3/O3dev_edt_00/TouchGFX/gui/src/model/Model.cpp:550:6:void Model::onSliderAction(uint8_t)	16	static
C:/Roberto/O3/O3dev_edt_00/TouchGFX/gui/src/model/Model.cpp:556:15:THERAPY_CTX* Model::getTherapyCtx()	16	static
C:/Roberto/O3/O3dev_edt_00/TouchGFX/gui/src/model/Model.cpp:561:6:void Model::EndSelection()	16	static
C:/Roberto/O3/O3dev_edt_00/TouchGFX/gui/src/model/Model.cpp:589:6:void Model::StartGeneration()	16	static
C:/Roberto/O3/O3dev_edt_00/TouchGFX/gui/src/model/Model.cpp:599:6:void Model::CancelSelection()	16	static
C:/Roberto/O3/O3dev_edt_00/TouchGFX/gui/src/model/Model.cpp:613:6:void Model::StopGeneration()	16	static
C:/Roberto/O3/O3dev_edt_00/TouchGFX/gui/src/model/Model.cpp:622:6:void Model::exitError()	16	static
C:/Roberto/O3/O3dev_edt_00/TouchGFX/gui/src/model/Model.cpp:631:6:void Model::userCancelled()	16	static
C:/Roberto/O3/O3dev_edt_00/TouchGFX/gui/src/model/Model.cpp:641:6:void Model::userOk()	16	static
C:/Roberto/O3/O3dev_edt_00/TouchGFX/gui/src/model/Model.cpp:650:6:void Model::userOkRelease()	16	static
C:/Roberto/O3/O3dev_edt_00/TouchGFX/gui/src/model/Model.cpp:659:6:void Model::cancelWashing()	16	static
C:/Roberto/O3/O3dev_edt_00/TouchGFX/gui/src/model/Model.cpp:668:6:void Model::washingExtesion()	16	static
C:/Roberto/O3/O3dev_edt_00/TouchGFX/gui/src/model/Model.cpp:677:6:void Model::gotoRepose()	16	static
C:/Roberto/O3/O3dev_edt_00/TouchGFX/gui/src/model/Model.cpp:688:6:bool Model::isStarting()	16	static
C:/Roberto/O3/O3dev_edt_00/TouchGFX/gui/src/model/Model.cpp:702:6:bool Model::isCalibrationErrorDuringStartUp()	16	static
C:/Roberto/O3/O3dev_edt_00/TouchGFX/gui/src/model/Model.cpp:711:6:bool Model::isCompensatingPressure()	16	static
C:/Roberto/O3/O3dev_edt_00/TouchGFX/gui/src/model/Model.cpp:720:6:bool Model::isPaused()	16	static
C:/Roberto/O3/O3dev_edt_00/TouchGFX/gui/src/model/Model.cpp:748:6:bool Model::isPauseAvailable()	16	static
C:/Roberto/O3/O3dev_edt_00/TouchGFX/gui/src/model/Model.cpp:764:9:uint8_t Model::getFsmState()	16	static
C:/Roberto/O3/O3dev_edt_00/TouchGFX/gui/src/model/Model.cpp:773:9:uint8_t Model::getErrorState()	16	static
C:/Roberto/O3/O3dev_edt_00/TouchGFX/gui/src/model/Model.cpp:782:9:uint8_t Model::getRemainingMinutes()	16	static
C:/Roberto/O3/O3dev_edt_00/TouchGFX/gui/src/model/Model.cpp:791:9:uint8_t Model::getRemainingSeconds()	16	static
C:/Roberto/O3/O3dev_edt_00/TouchGFX/gui/src/model/Model.cpp:800:9:uint8_t Model::getWashingSeconds()	16	static
C:/Roberto/O3/O3dev_edt_00/TouchGFX/gui/src/model/Model.cpp:810:9:int16_t Model::getCurrentOperatingPressure()	16	static
C:/Roberto/O3/O3dev_edt_00/TouchGFX/gui/src/model/Model.cpp:819:10:uint32_t Model::getCurrentTotalDose()	16	static
C:/Roberto/O3/O3dev_edt_00/TouchGFX/gui/src/model/Model.cpp:828:10:uint32_t Model::getCurrentOutputVolume()	16	static
C:/Roberto/O3/O3dev_edt_00/TouchGFX/gui/src/model/Model.cpp:837:10:uint32_t Model::getConfiguredTime()	16	static
C:/Roberto/O3/O3dev_edt_00/TouchGFX/gui/src/model/Model.cpp:845:10:uint32_t Model::getConfiguredVolume()	16	static
C:/Roberto/O3/O3dev_edt_00/TouchGFX/gui/src/model/Model.cpp:854:6:bool Model::refreshGenerationInfo()	16	static
C:/Roberto/O3/O3dev_edt_00/TouchGFX/gui/src/model/Model.cpp:863:6:void Model::clearGenerationInfoFlag()	16	static
C:/Roberto/O3/O3dev_edt_00/TouchGFX/gui/src/model/Model.cpp:870:9:uint8_t Model::getCalibrationSucessState()	16	static
C:/Roberto/O3/O3dev_edt_00/TouchGFX/gui/src/model/Model.cpp:882:6:void Model::setupDefaultTherapyContext(int8_t)	24	static
C:/Roberto/O3/O3dev_edt_00/TouchGFX/gui/src/model/Model.cpp:914:6:void Model::setupTherapyContext(int8_t)	24	static
C:/Roberto/O3/O3dev_edt_00/TouchGFX/gui/src/model/Model.cpp:971:6:void Model::setDefaultMainMenu()	24	static
C:/Roberto/O3/O3dev_edt_00/TouchGFX/gui/src/model/Model.cpp:980:9:int16_t Model::configureMainMenu()	24	static
C:/Roberto/O3/O3dev_edt_00/TouchGFX/gui/src/model/Model.cpp:992:6:void setMaxFlow()	8	static
C:/Roberto/O3/O3dev_edt_00/TouchGFX/gui/src/model/Model.cpp:1000:6:void setMaxTime()	8	static
C:/Roberto/O3/O3dev_edt_00/TouchGFX/gui/src/model/Model.cpp:1008:6:void Model::printTherapyTargetValues()	16	static
C:/Roberto/O3/O3dev_edt_00/TouchGFX/gui/src/model/Model.cpp:1031:9:uint8_t Model::is_SD()	24	static
C:/Roberto/O3/O3dev_edt_00/TouchGFX/gui/src/model/Model.cpp:1054:9:uint8_t Model::is_USB_flash()	16	static
C:/Roberto/O3/O3dev_edt_00/TouchGFX/gui/src/model/Model.cpp:1069:9:uint8_t Model::is_SD_mounted()	32	static
C:/Roberto/O3/O3dev_edt_00/TouchGFX/gui/src/model/Model.cpp:1106:9:uint8_t Model::is_USB_flash_mounted()	32	static
C:/Roberto/O3/O3dev_edt_00/TouchGFX/gui/src/model/Model.cpp:1893:6:void Model::configLoaderTask()	40	static
C:/Roberto/O3/O3dev_edt_00/TouchGFX/gui/src/model/Model.cpp:1990:17:void StartConfigLoaderTask(void*)	16	static
