C:/Roberto/O3/O3dev_edt_00/TouchGFX/gui/src/model/Model.cpp:38:1:Model::Model()	16	static
C:/Roberto/O3/O3dev_edt_00/TouchGFX/gui/src/model/Model.cpp:56:6:void Model::tick()	24	static
C:/Roberto/O3/O3dev_edt_00/TouchGFX/gui/src/model/Model.cpp:373:6:void Model::checkPin(const char*)	24	static
C:/Roberto/O3/O3dev_edt_00/TouchGFX/gui/src/model/Model.cpp:387:6:void Model::blockConfigOptions()	16	static
C:/Roberto/O3/O3dev_edt_00/TouchGFX/gui/src/model/Model.cpp:392:6:void Model::unblockConfigOptions()	16	static
C:/Roberto/O3/O3dev_edt_00/TouchGFX/gui/src/model/Model.cpp:397:6:bool Model::configOptionsAllowed()	16	static
C:/Roberto/O3/O3dev_edt_00/TouchGFX/gui/src/model/Model.cpp:402:6:void Model::setGuiTherapy(int8_t)	16	static
C:/Roberto/O3/O3dev_edt_00/TouchGFX/gui/src/model/Model.cpp:419:8:int8_t Model::getGuiTherapy()	16	static
C:/Roberto/O3/O3dev_edt_00/TouchGFX/gui/src/model/Model.cpp:424:6:void Model::initTherapyTargetValues()	16	static
C:/Roberto/O3/O3dev_edt_00/TouchGFX/gui/src/model/Model.cpp:442:6:void Model::initStorageDelegates()	16	static
C:/Roberto/O3/O3dev_edt_00/TouchGFX/gui/src/model/Model.cpp:451:6:void Model::setTherapyTargetValue(uint8_t, uint16_t)	16	static
C:/Roberto/O3/O3dev_edt_00/TouchGFX/gui/src/model/Model.cpp:460:10:uint16_t Model::getTherapyTargetValue(uint8_t)	16	static
C:/Roberto/O3/O3dev_edt_00/TouchGFX/gui/src/model/Model.cpp:470:6:void Model::setGenerationMode(bool)	16	static
C:/Roberto/O3/O3dev_edt_00/TouchGFX/gui/src/model/Model.cpp:479:6:bool Model::getGenerationMode()	16	static
C:/Roberto/O3/O3dev_edt_00/TouchGFX/gui/src/model/Model.cpp:487:6:bool Model::isGenerationModeAvailable()	16	static
C:/Roberto/O3/O3dev_edt_00/TouchGFX/gui/src/model/Model.cpp:493:6:bool Model::isVaccumAvailable()	16	static
C:/Roberto/O3/O3dev_edt_00/TouchGFX/gui/src/model/Model.cpp:499:8:char* Model::getSoftwareVersion()	16	static
C:/Roberto/O3/O3dev_edt_00/TouchGFX/gui/src/model/Model.cpp:504:8:char* Model::getControlSoftwareVersion()	16	static
C:/Roberto/O3/O3dev_edt_00/TouchGFX/gui/src/model/Model.cpp:510:9:int16_t Model::getPressure()	16	static
C:/Roberto/O3/O3dev_edt_00/TouchGFX/gui/src/model/Model.cpp:515:9:int16_t Model::getTemperature()	16	static
C:/Roberto/O3/O3dev_edt_00/TouchGFX/gui/src/model/Model.cpp:520:8:char* Model::getParameters()	16	static
C:/Roberto/O3/O3dev_edt_00/TouchGFX/gui/src/model/Model.cpp:526:8:char* Model::getStartupInfo()	16	static
C:/Roberto/O3/O3dev_edt_00/TouchGFX/gui/src/model/Model.cpp:532:10:int8_t* Model::getDeviceConfig()	16	static
C:/Roberto/O3/O3dev_edt_00/TouchGFX/gui/src/model/Model.cpp:537:6:void Model::periodCalibrationStart()	16	static
C:/Roberto/O3/O3dev_edt_00/TouchGFX/gui/src/model/Model.cpp:542:6:void Model::loadParameterStart()	16	static
C:/Roberto/O3/O3dev_edt_00/TouchGFX/gui/src/model/Model.cpp:547:6:void Model::saveParameterStart()	16	static
C:/Roberto/O3/O3dev_edt_00/TouchGFX/gui/src/model/Model.cpp:552:6:void Model::flowCalibrationStart()	16	static
C:/Roberto/O3/O3dev_edt_00/TouchGFX/gui/src/model/Model.cpp:557:6:void Model::o3CalibrationStart()	16	static
C:/Roberto/O3/O3dev_edt_00/TouchGFX/gui/src/model/Model.cpp:562:6:void Model::onSelectionAction(uint8_t)	16	static
C:/Roberto/O3/O3dev_edt_00/TouchGFX/gui/src/model/Model.cpp:567:6:void Model::onSliderAction(uint8_t)	16	static
C:/Roberto/O3/O3dev_edt_00/TouchGFX/gui/src/model/Model.cpp:573:15:THERAPY_CTX* Model::getTherapyCtx()	16	static
C:/Roberto/O3/O3dev_edt_00/TouchGFX/gui/src/model/Model.cpp:578:13:uint16_t** Model::getTherapyTargets()	16	static
C:/Roberto/O3/O3dev_edt_00/TouchGFX/gui/src/model/Model.cpp:583:6:void Model::EndSelection()	16	static
C:/Roberto/O3/O3dev_edt_00/TouchGFX/gui/src/model/Model.cpp:611:6:void Model::StartGeneration()	16	static
C:/Roberto/O3/O3dev_edt_00/TouchGFX/gui/src/model/Model.cpp:621:6:void Model::CancelSelection()	16	static
C:/Roberto/O3/O3dev_edt_00/TouchGFX/gui/src/model/Model.cpp:635:6:void Model::StopGeneration()	16	static
C:/Roberto/O3/O3dev_edt_00/TouchGFX/gui/src/model/Model.cpp:644:6:void Model::exitError()	16	static
C:/Roberto/O3/O3dev_edt_00/TouchGFX/gui/src/model/Model.cpp:653:6:void Model::userCancelled()	16	static
C:/Roberto/O3/O3dev_edt_00/TouchGFX/gui/src/model/Model.cpp:663:6:void Model::userOk()	16	static
C:/Roberto/O3/O3dev_edt_00/TouchGFX/gui/src/model/Model.cpp:672:6:void Model::userOkRelease()	16	static
C:/Roberto/O3/O3dev_edt_00/TouchGFX/gui/src/model/Model.cpp:681:6:void Model::cancelWashing()	16	static
C:/Roberto/O3/O3dev_edt_00/TouchGFX/gui/src/model/Model.cpp:690:6:void Model::washingExtesion()	16	static
C:/Roberto/O3/O3dev_edt_00/TouchGFX/gui/src/model/Model.cpp:699:6:void Model::gotoRepose()	16	static
C:/Roberto/O3/O3dev_edt_00/TouchGFX/gui/src/model/Model.cpp:710:6:bool Model::isStarting()	16	static
C:/Roberto/O3/O3dev_edt_00/TouchGFX/gui/src/model/Model.cpp:724:6:bool Model::isCalibrationErrorDuringStartUp()	16	static
C:/Roberto/O3/O3dev_edt_00/TouchGFX/gui/src/model/Model.cpp:733:6:bool Model::isCompensatingPressure()	16	static
C:/Roberto/O3/O3dev_edt_00/TouchGFX/gui/src/model/Model.cpp:742:6:bool Model::isPaused()	16	static
C:/Roberto/O3/O3dev_edt_00/TouchGFX/gui/src/model/Model.cpp:770:6:bool Model::isPauseAvailable()	16	static
C:/Roberto/O3/O3dev_edt_00/TouchGFX/gui/src/model/Model.cpp:786:9:uint8_t Model::getFsmState()	16	static
C:/Roberto/O3/O3dev_edt_00/TouchGFX/gui/src/model/Model.cpp:795:9:uint8_t Model::getErrorState()	16	static
C:/Roberto/O3/O3dev_edt_00/TouchGFX/gui/src/model/Model.cpp:804:9:uint8_t Model::getRemainingMinutes()	16	static
C:/Roberto/O3/O3dev_edt_00/TouchGFX/gui/src/model/Model.cpp:813:9:uint8_t Model::getRemainingSeconds()	16	static
C:/Roberto/O3/O3dev_edt_00/TouchGFX/gui/src/model/Model.cpp:822:9:uint8_t Model::getWashingSeconds()	16	static
C:/Roberto/O3/O3dev_edt_00/TouchGFX/gui/src/model/Model.cpp:832:9:int16_t Model::getCurrentOperatingPressure()	16	static
C:/Roberto/O3/O3dev_edt_00/TouchGFX/gui/src/model/Model.cpp:841:10:uint32_t Model::getCurrentTotalDose()	16	static
C:/Roberto/O3/O3dev_edt_00/TouchGFX/gui/src/model/Model.cpp:850:10:uint32_t Model::getCurrentOutputVolume()	16	static
C:/Roberto/O3/O3dev_edt_00/TouchGFX/gui/src/model/Model.cpp:859:10:uint32_t Model::getConfiguredTime()	16	static
C:/Roberto/O3/O3dev_edt_00/TouchGFX/gui/src/model/Model.cpp:867:10:uint32_t Model::getConfiguredVolume()	16	static
C:/Roberto/O3/O3dev_edt_00/TouchGFX/gui/src/model/Model.cpp:876:6:bool Model::refreshGenerationInfo()	16	static
C:/Roberto/O3/O3dev_edt_00/TouchGFX/gui/src/model/Model.cpp:885:6:void Model::clearGenerationInfoFlag()	16	static
C:/Roberto/O3/O3dev_edt_00/TouchGFX/gui/src/model/Model.cpp:892:9:uint8_t Model::getCalibrationSucessState()	16	static
C:/Roberto/O3/O3dev_edt_00/TouchGFX/gui/src/model/Model.cpp:904:6:void Model::setupDefaultTherapyContext(int8_t)	24	static
C:/Roberto/O3/O3dev_edt_00/TouchGFX/gui/src/model/Model.cpp:936:6:void Model::setupTherapyContext(int8_t)	24	static
C:/Roberto/O3/O3dev_edt_00/TouchGFX/gui/src/model/Model.cpp:993:6:void Model::setDefaultMainMenu()	24	static
C:/Roberto/O3/O3dev_edt_00/TouchGFX/gui/src/model/Model.cpp:1002:9:int16_t Model::configureMainMenu()	24	static
C:/Roberto/O3/O3dev_edt_00/TouchGFX/gui/src/model/Model.cpp:1014:6:void setMaxFlow()	8	static
C:/Roberto/O3/O3dev_edt_00/TouchGFX/gui/src/model/Model.cpp:1022:6:void setMaxTime()	8	static
C:/Roberto/O3/O3dev_edt_00/TouchGFX/gui/src/model/Model.cpp:1030:6:void Model::printTherapyTargetValues()	16	static
C:/Roberto/O3/O3dev_edt_00/TouchGFX/gui/src/model/Model.cpp:1053:9:uint8_t Model::is_SD()	24	static
C:/Roberto/O3/O3dev_edt_00/TouchGFX/gui/src/model/Model.cpp:1076:9:uint8_t Model::is_USB_flash()	16	static
C:/Roberto/O3/O3dev_edt_00/TouchGFX/gui/src/model/Model.cpp:1091:9:uint8_t Model::is_SD_mounted()	32	static
C:/Roberto/O3/O3dev_edt_00/TouchGFX/gui/src/model/Model.cpp:1128:9:uint8_t Model::is_USB_flash_mounted()	32	static
C:/Roberto/O3/O3dev_edt_00/TouchGFX/gui/src/model/Model.cpp:1915:6:void Model::configLoaderTask()	40	static
C:/Roberto/O3/O3dev_edt_00/TouchGFX/gui/src/model/Model.cpp:2012:17:void StartConfigLoaderTask(void*)	16	static
