C:/Roberto/O3/O3dev_edt_00/TouchGFX/gui/src/model/Model.cpp:34:1:Model::Model()	16	static
C:/Roberto/O3/O3dev_edt_00/TouchGFX/gui/src/model/Model.cpp:52:6:void Model::tick()	24	static
C:/Roberto/O3/O3dev_edt_00/TouchGFX/gui/src/model/Model.cpp:369:6:void Model::checkPin(const char*)	24	static
C:/Roberto/O3/O3dev_edt_00/TouchGFX/gui/src/model/Model.cpp:383:6:void Model::blockConfigOptions()	16	static
C:/Roberto/O3/O3dev_edt_00/TouchGFX/gui/src/model/Model.cpp:388:6:void Model::unblockConfigOptions()	16	static
C:/Roberto/O3/O3dev_edt_00/TouchGFX/gui/src/model/Model.cpp:393:6:bool Model::configOptionsAllowed()	16	static
C:/Roberto/O3/O3dev_edt_00/TouchGFX/gui/src/model/Model.cpp:398:6:void Model::setGuiTherapy(int8_t)	16	static
C:/Roberto/O3/O3dev_edt_00/TouchGFX/gui/src/model/Model.cpp:415:8:int8_t Model::getGuiTherapy()	16	static
C:/Roberto/O3/O3dev_edt_00/TouchGFX/gui/src/model/Model.cpp:420:6:void Model::initTherapyTargetValues()	16	static
C:/Roberto/O3/O3dev_edt_00/TouchGFX/gui/src/model/Model.cpp:438:6:void Model::initStorageDelegates()	16	static
C:/Roberto/O3/O3dev_edt_00/TouchGFX/gui/src/model/Model.cpp:447:6:void Model::setTherapyTargetValue(uint8_t, uint16_t)	16	static
C:/Roberto/O3/O3dev_edt_00/TouchGFX/gui/src/model/Model.cpp:456:10:uint16_t Model::getTherapyTargetValue(uint8_t)	16	static
C:/Roberto/O3/O3dev_edt_00/TouchGFX/gui/src/model/Model.cpp:466:6:void Model::setGenerationMode(bool)	16	static
C:/Roberto/O3/O3dev_edt_00/TouchGFX/gui/src/model/Model.cpp:475:6:bool Model::getGenerationMode()	16	static
C:/Roberto/O3/O3dev_edt_00/TouchGFX/gui/src/model/Model.cpp:483:6:bool Model::isGenerationModeAvailable()	16	static
C:/Roberto/O3/O3dev_edt_00/TouchGFX/gui/src/model/Model.cpp:489:6:bool Model::isVaccumAvailable()	16	static
C:/Roberto/O3/O3dev_edt_00/TouchGFX/gui/src/model/Model.cpp:495:8:char* Model::getSoftwareVersion()	16	static
C:/Roberto/O3/O3dev_edt_00/TouchGFX/gui/src/model/Model.cpp:500:8:char* Model::getControlSoftwareVersion()	16	static
C:/Roberto/O3/O3dev_edt_00/TouchGFX/gui/src/model/Model.cpp:506:9:int16_t Model::getPressure()	16	static
C:/Roberto/O3/O3dev_edt_00/TouchGFX/gui/src/model/Model.cpp:511:9:int16_t Model::getTemperature()	16	static
C:/Roberto/O3/O3dev_edt_00/TouchGFX/gui/src/model/Model.cpp:516:8:char* Model::getParameters()	16	static
C:/Roberto/O3/O3dev_edt_00/TouchGFX/gui/src/model/Model.cpp:522:8:char* Model::getStartupInfo()	16	static
C:/Roberto/O3/O3dev_edt_00/TouchGFX/gui/src/model/Model.cpp:528:10:int8_t* Model::getDeviceConfig()	16	static
C:/Roberto/O3/O3dev_edt_00/TouchGFX/gui/src/model/Model.cpp:533:6:void Model::periodCalibrationStart()	16	static
C:/Roberto/O3/O3dev_edt_00/TouchGFX/gui/src/model/Model.cpp:538:6:void Model::loadParameterStart()	16	static
C:/Roberto/O3/O3dev_edt_00/TouchGFX/gui/src/model/Model.cpp:543:6:void Model::saveParameterStart()	16	static
C:/Roberto/O3/O3dev_edt_00/TouchGFX/gui/src/model/Model.cpp:548:6:void Model::flowCalibrationStart()	16	static
C:/Roberto/O3/O3dev_edt_00/TouchGFX/gui/src/model/Model.cpp:553:6:void Model::o3CalibrationStart()	16	static
C:/Roberto/O3/O3dev_edt_00/TouchGFX/gui/src/model/Model.cpp:558:6:void Model::onSelectionAction(uint8_t)	16	static
C:/Roberto/O3/O3dev_edt_00/TouchGFX/gui/src/model/Model.cpp:563:6:void Model::onSliderAction(uint8_t)	16	static
C:/Roberto/O3/O3dev_edt_00/TouchGFX/gui/src/model/Model.cpp:569:15:THERAPY_CTX* Model::getTherapyCtx()	16	static
C:/Roberto/O3/O3dev_edt_00/TouchGFX/gui/src/model/Model.cpp:574:13:uint16_t** Model::getTherapyTargets()	16	static
C:/Roberto/O3/O3dev_edt_00/TouchGFX/gui/src/model/Model.cpp:579:6:void Model::EndSelection()	16	static
C:/Roberto/O3/O3dev_edt_00/TouchGFX/gui/src/model/Model.cpp:607:6:void Model::StartGeneration()	16	static
C:/Roberto/O3/O3dev_edt_00/TouchGFX/gui/src/model/Model.cpp:617:6:void Model::CancelSelection()	16	static
C:/Roberto/O3/O3dev_edt_00/TouchGFX/gui/src/model/Model.cpp:631:6:void Model::StopGeneration()	16	static
C:/Roberto/O3/O3dev_edt_00/TouchGFX/gui/src/model/Model.cpp:640:6:void Model::exitError()	16	static
C:/Roberto/O3/O3dev_edt_00/TouchGFX/gui/src/model/Model.cpp:649:6:void Model::userCancelled()	16	static
C:/Roberto/O3/O3dev_edt_00/TouchGFX/gui/src/model/Model.cpp:659:6:void Model::userOk()	16	static
C:/Roberto/O3/O3dev_edt_00/TouchGFX/gui/src/model/Model.cpp:668:6:void Model::userOkRelease()	16	static
C:/Roberto/O3/O3dev_edt_00/TouchGFX/gui/src/model/Model.cpp:677:6:void Model::cancelWashing()	16	static
C:/Roberto/O3/O3dev_edt_00/TouchGFX/gui/src/model/Model.cpp:686:6:void Model::washingExtesion()	16	static
C:/Roberto/O3/O3dev_edt_00/TouchGFX/gui/src/model/Model.cpp:695:6:void Model::gotoRepose()	16	static
C:/Roberto/O3/O3dev_edt_00/TouchGFX/gui/src/model/Model.cpp:706:6:bool Model::isStarting()	16	static
C:/Roberto/O3/O3dev_edt_00/TouchGFX/gui/src/model/Model.cpp:720:6:bool Model::isCalibrationErrorDuringStartUp()	16	static
C:/Roberto/O3/O3dev_edt_00/TouchGFX/gui/src/model/Model.cpp:729:6:bool Model::isCompensatingPressure()	16	static
C:/Roberto/O3/O3dev_edt_00/TouchGFX/gui/src/model/Model.cpp:738:6:bool Model::isPaused()	16	static
C:/Roberto/O3/O3dev_edt_00/TouchGFX/gui/src/model/Model.cpp:766:6:bool Model::isPauseAvailable()	16	static
C:/Roberto/O3/O3dev_edt_00/TouchGFX/gui/src/model/Model.cpp:782:9:uint8_t Model::getFsmState()	16	static
C:/Roberto/O3/O3dev_edt_00/TouchGFX/gui/src/model/Model.cpp:791:9:uint8_t Model::getErrorState()	16	static
C:/Roberto/O3/O3dev_edt_00/TouchGFX/gui/src/model/Model.cpp:800:9:uint8_t Model::getRemainingMinutes()	16	static
C:/Roberto/O3/O3dev_edt_00/TouchGFX/gui/src/model/Model.cpp:809:9:uint8_t Model::getRemainingSeconds()	16	static
C:/Roberto/O3/O3dev_edt_00/TouchGFX/gui/src/model/Model.cpp:818:9:uint8_t Model::getWashingSeconds()	16	static
C:/Roberto/O3/O3dev_edt_00/TouchGFX/gui/src/model/Model.cpp:828:9:int16_t Model::getCurrentOperatingPressure()	16	static
C:/Roberto/O3/O3dev_edt_00/TouchGFX/gui/src/model/Model.cpp:837:10:uint32_t Model::getCurrentTotalDose()	16	static
C:/Roberto/O3/O3dev_edt_00/TouchGFX/gui/src/model/Model.cpp:846:10:uint32_t Model::getCurrentOutputVolume()	16	static
C:/Roberto/O3/O3dev_edt_00/TouchGFX/gui/src/model/Model.cpp:855:10:uint32_t Model::getConfiguredTime()	16	static
C:/Roberto/O3/O3dev_edt_00/TouchGFX/gui/src/model/Model.cpp:863:10:uint32_t Model::getConfiguredVolume()	16	static
C:/Roberto/O3/O3dev_edt_00/TouchGFX/gui/src/model/Model.cpp:872:6:bool Model::refreshGenerationInfo()	16	static
C:/Roberto/O3/O3dev_edt_00/TouchGFX/gui/src/model/Model.cpp:881:6:void Model::clearGenerationInfoFlag()	16	static
C:/Roberto/O3/O3dev_edt_00/TouchGFX/gui/src/model/Model.cpp:888:9:uint8_t Model::getCalibrationSucessState()	16	static
C:/Roberto/O3/O3dev_edt_00/TouchGFX/gui/src/model/Model.cpp:900:6:void Model::setupDefaultTherapyContext(int8_t)	24	static
C:/Roberto/O3/O3dev_edt_00/TouchGFX/gui/src/model/Model.cpp:932:6:void Model::setupTherapyContext(int8_t)	24	static
C:/Roberto/O3/O3dev_edt_00/TouchGFX/gui/src/model/Model.cpp:989:6:void Model::setDefaultMainMenu()	24	static
C:/Roberto/O3/O3dev_edt_00/TouchGFX/gui/src/model/Model.cpp:998:9:int16_t Model::configureMainMenu()	24	static
C:/Roberto/O3/O3dev_edt_00/TouchGFX/gui/src/model/Model.cpp:1010:6:void setMaxFlow()	8	static
C:/Roberto/O3/O3dev_edt_00/TouchGFX/gui/src/model/Model.cpp:1018:6:void setMaxTime()	8	static
C:/Roberto/O3/O3dev_edt_00/TouchGFX/gui/src/model/Model.cpp:1026:6:void Model::printTherapyTargetValues()	16	static
C:/Roberto/O3/O3dev_edt_00/TouchGFX/gui/src/model/Model.cpp:1049:9:uint8_t Model::is_SD()	24	static
C:/Roberto/O3/O3dev_edt_00/TouchGFX/gui/src/model/Model.cpp:1072:9:uint8_t Model::is_USB_flash()	16	static
C:/Roberto/O3/O3dev_edt_00/TouchGFX/gui/src/model/Model.cpp:1087:9:uint8_t Model::is_SD_mounted()	32	static
C:/Roberto/O3/O3dev_edt_00/TouchGFX/gui/src/model/Model.cpp:1124:9:uint8_t Model::is_USB_flash_mounted()	32	static
C:/Roberto/O3/O3dev_edt_00/TouchGFX/gui/src/model/Model.cpp:1911:6:void Model::configLoaderTask()	40	static
C:/Roberto/O3/O3dev_edt_00/TouchGFX/gui/src/model/Model.cpp:2008:17:void StartConfigLoaderTask(void*)	16	static
