C:/Roberto/O3/O3dev_edt_00/TouchGFX/gui/src/model/ParseAppConfig.cpp:94:7:int16 FindFirstFileWithExt(const char*, const char*, char*, int16)	128	static
C:/Roberto/O3/O3dev_edt_00/TouchGFX/gui/src/model/ParseAppConfig.cpp:173:13:void LR_init(LineReader_t*, FIL*)	16	static
C:/Roberto/O3/O3dev_edt_00/TouchGFX/gui/src/model/ParseAppConfig.cpp:180:16:uint8_t LR_getline(LineReader_t*, int8_t*, UINT)	32	static
C:/Roberto/O3/O3dev_edt_00/TouchGFX/gui/src/model/ParseAppConfig.cpp:204:7:char* ltrim(char*)	16	static
C:/Roberto/O3/O3dev_edt_00/TouchGFX/gui/src/model/ParseAppConfig.cpp:210:6:void rtrim(char*)	24	static
C:/Roberto/O3/O3dev_edt_00/TouchGFX/gui/src/model/ParseAppConfig.cpp:218:6:void trim(char*)	24	static
C:/Roberto/O3/O3dev_edt_00/TouchGFX/gui/src/model/ParseAppConfig.cpp:226:6:char strToBoolChar(const char*)	16	static
C:/Roberto/O3/O3dev_edt_00/TouchGFX/gui/src/model/ParseAppConfig.cpp:239:6:char findEnumValueGeneric(const ENUM_MAP*, int16, const char*, int*)	32	static
C:/Roberto/O3/O3dev_edt_00/TouchGFX/gui/src/model/ParseAppConfig.cpp:265:6:char matchModeStep(const char*, int*, int*)	40	static
C:/Roberto/O3/O3dev_edt_00/TouchGFX/gui/src/model/ParseAppConfig.cpp:281:6:void processSection(ModCtx*, const char*)	24	static
C:/Roberto/O3/O3dev_edt_00/TouchGFX/gui/src/model/ParseAppConfig.cpp:306:6:void processKeyValue(ModCtx*, const char*, const char*)	32	static
C:/Roberto/O3/O3dev_edt_00/TouchGFX/gui/src/model/ParseAppConfig.cpp:340:9:uint8_t loadTherapyFromFile(OPERATION_MODE_E, THERAPY_CTX*)	1512	static
C:/Roberto/O3/O3dev_edt_00/TouchGFX/gui/src/model/ParseAppConfig.cpp:414:6:void print_guiTherapyCtx(const THERAPY_CTX*)	24	static
C:/Roberto/O3/O3dev_edt_00/TouchGFX/gui/src/model/ParseAppConfig.cpp:453:7:int16 loadMainMenu(signed char*, int16)	1632	static
C:/Roberto/O3/O3dev_edt_00/TouchGFX/gui/src/model/ParseAppConfig.cpp:573:7:int16 loadHardwareConfig(HW_CONFIG_T*)	1512	static
C:/Roberto/O3/O3dev_edt_00/TouchGFX/gui/src/model/ParseAppConfig.cpp:682:7:int16 loadSyringeConfig(uint16*)	1520	static
C:/Roberto/O3/O3dev_edt_00/TouchGFX/gui/src/model/ParseAppConfig.cpp:778:7:int16 loadUserConfig(USR_CONFIG_T*)	1408	static
C:/Roberto/O3/O3dev_edt_00/TouchGFX/gui/src/model/ParseAppConfig.cpp:869:7:int16 saveUserConfig(const USR_CONFIG_T*)	664	static
