../../Middlewares/ST/touchgfx/framework/include/touchgfx/Drawable.hpp:515:10:void touchgfx::Drawable::setVisible(bool)	16	static
../../Middlewares/ST/touchgfx/framework/include/touchgfx/Screen.hpp:104:18:virtual void touchgfx::Screen::afterTransition()	16	static
../../Middlewares/ST/touchgfx/framework/include/touchgfx/Screen.hpp:115:18:virtual void touchgfx::Screen::tearDownScreen()	16	static
../../Middlewares/ST/touchgfx/framework/include/touchgfx/Screen.hpp:154:18:virtual void touchgfx::Screen::handleKeyEvent(uint8_t)	16	static
../../TouchGFX/gui/include/gui/processing_screen/ProcessingView.hpp:11:13:ProcessingView::~ProcessingView()	16	static
../../TouchGFX/gui/include/gui/processing_screen/ProcessingView.hpp:11:13:virtual ProcessingView::~ProcessingView()	16	static
C:/Roberto/O3/O3dev_edt_00/TouchGFX/gui/src/processing_screen/ProcessingView.cpp:5:1:ProcessingView::ProcessingView()	16	static
C:/Roberto/O3/O3dev_edt_00/TouchGFX/gui/src/processing_screen/ProcessingView.cpp:10:6:virtual void ProcessingView::setupScreen()	16	static
C:/Roberto/O3/O3dev_edt_00/TouchGFX/gui/src/processing_screen/ProcessingView.cpp:16:6:virtual void ProcessingView::tearDownScreen()	16	static
C:/Roberto/O3/O3dev_edt_00/TouchGFX/gui/src/processing_screen/ProcessingView.cpp:21:6:virtual void ProcessingView::cancelClicked()	16	static
C:/Roberto/O3/O3dev_edt_00/TouchGFX/gui/src/processing_screen/ProcessingView.cpp:29:6:virtual void ProcessingView::okClicked()	16	static
C:/Roberto/O3/O3dev_edt_00/TouchGFX/gui/src/processing_screen/ProcessingView.cpp:34:6:void ProcessingView::initTherapyContext(THERAPY_CTX*)	16	static
C:/Roberto/O3/O3dev_edt_00/TouchGFX/gui/src/processing_screen/ProcessingView.cpp:40:6:virtual void ProcessingView::handleTickEvent()	32	static
C:/Roberto/O3/O3dev_edt_00/TouchGFX/gui/src/processing_screen/ProcessingView.cpp:67:6:void ProcessingView::setupCalibratePeriod()	80	static
C:/Roberto/O3/O3dev_edt_00/TouchGFX/gui/src/processing_screen/ProcessingView.cpp:77:6:void ProcessingView::setupLoadParameters()	80	static
C:/Roberto/O3/O3dev_edt_00/TouchGFX/gui/src/processing_screen/ProcessingView.cpp:86:6:void ProcessingView::setupSaveParameters()	80	static
C:/Roberto/O3/O3dev_edt_00/TouchGFX/gui/src/processing_screen/ProcessingView.cpp:96:6:void ProcessingView::setupProcessingScreen()	24	static
C:/Roberto/O3/O3dev_edt_00/TouchGFX/gui/src/processing_screen/ProcessingView.cpp:121:6:void ProcessingView::setupProcessEnd()	80	static
