../../Middlewares/ST/touchgfx/framework/include/touchgfx/Screen.hpp:104:18:virtual void touchgfx::Screen::afterTransition()	16	static
../../Middlewares/ST/touchgfx/framework/include/touchgfx/Screen.hpp:115:18:virtual void touchgfx::Screen::tearDownScreen()	16	static
../../Middlewares/ST/touchgfx/framework/include/touchgfx/Screen.hpp:144:18:virtual void touchgfx::Screen::handleTickEvent()	16	static
../../Middlewares/ST/touchgfx/framework/include/touchgfx/Screen.hpp:154:18:virtual void touchgfx::Screen::handleKeyEvent(uint8_t)	16	static
../../TouchGFX/gui/include/gui/select_screen/SelectView.hpp:11:13:SelectView::~SelectView()	16	static
../../TouchGFX/gui/include/gui/select_screen/SelectView.hpp:11:13:virtual SelectView::~SelectView()	16	static
C:/Roberto/O3/O3dev_edt_00/TouchGFX/gui/src/select_screen/SelectView.cpp:3:1:SelectView::SelectView()	16	static
C:/Roberto/O3/O3dev_edt_00/TouchGFX/gui/src/select_screen/SelectView.cpp:8:6:virtual void SelectView::setupScreen()	16	static
C:/Roberto/O3/O3dev_edt_00/TouchGFX/gui/src/select_screen/SelectView.cpp:14:6:virtual void SelectView::tearDownScreen()	16	static
