../../Middlewares/ST/touchgfx/framework/include/touchgfx/Drawable.hpp:121:18:virtual void touchgfx::Drawable::invalidateContent() const	16	static
../../Middlewares/ST/touchgfx/framework/include/touchgfx/Drawable.hpp:293:13:int16_t touchgfx::Drawable::getWidth() const	16	static
../../Middlewares/ST/touchgfx/framework/include/touchgfx/Drawable.hpp:315:18:virtual void touchgfx::Drawable::setX(int16_t)	16	static
../../Middlewares/ST/touchgfx/framework/include/touchgfx/Drawable.hpp:327:18:virtual void touchgfx::Drawable::setY(int16_t)	16	static
../../Middlewares/ST/touchgfx/framework/include/touchgfx/Drawable.hpp:356:18:virtual void touchgfx::Drawable::setWidth(int16_t)	16	static
../../Middlewares/ST/touchgfx/framework/include/touchgfx/Drawable.hpp:368:18:virtual void touchgfx::Drawable::setHeight(int16_t)	16	static
../../Middlewares/ST/touchgfx/framework/include/touchgfx/Drawable.hpp:378:18:virtual void touchgfx::Drawable::childGeometryChanged()	16	static
../../Middlewares/ST/touchgfx/framework/include/touchgfx/Drawable.hpp:389:18:virtual void touchgfx::Drawable::handleClickEvent(const touchgfx::ClickEvent&)	16	static
../../Middlewares/ST/touchgfx/framework/include/touchgfx/Drawable.hpp:401:18:virtual void touchgfx::Drawable::handleGestureEvent(const touchgfx::GestureEvent&)	16	static
../../Middlewares/ST/touchgfx/framework/include/touchgfx/Drawable.hpp:490:18:virtual void touchgfx::Drawable::handleDragEvent(const touchgfx::DragEvent&)	16	static
../../Middlewares/ST/touchgfx/framework/include/touchgfx/Drawable.hpp:501:18:virtual void touchgfx::Drawable::handleTickEvent()	16	static
../../Middlewares/ST/touchgfx/framework/include/touchgfx/Drawable.hpp:588:18:virtual void touchgfx::Drawable::moveTo(int16_t, int16_t)	16	static
../../Middlewares/ST/touchgfx/framework/include/touchgfx/containers/Container.hpp:165:23:virtual touchgfx::Drawable* touchgfx::Container::getFirstChild()	16	static
../../Middlewares/ST/touchgfx/framework/include/touchgfx/widgets/TextArea.hpp:48:18:virtual void touchgfx::TextArea::setWidth(int16_t)	40	static
../../TouchGFX/generated/gui_generated/include/gui_generated/containers/sw_selectionContainerBase.hpp:22:18:virtual void sw_selectionContainerBase::action1()	16	static
../../TouchGFX/generated/gui_generated/include/gui_generated/containers/sw_selectionContainerBase.hpp:44:18:virtual void sw_selectionContainerBase::emitTrigger1Callback()	16	static
../../TouchGFX/gui/include/gui/containers/sw_selectionContainer.hpp:10:13:sw_selectionContainer::~sw_selectionContainer()	16	static
../../TouchGFX/gui/include/gui/containers/sw_selectionContainer.hpp:10:13:virtual sw_selectionContainer::~sw_selectionContainer()	16	static
C:/Roberto/O3/O3dev_edt_00/TouchGFX/gui/src/containers/sw_selectionContainer.cpp:3:1:sw_selectionContainer::sw_selectionContainer()	16	static
C:/Roberto/O3/O3dev_edt_00/TouchGFX/gui/src/containers/sw_selectionContainer.cpp:8:6:virtual void sw_selectionContainer::initialize()	16	static
C:/Roberto/O3/O3dev_edt_00/TouchGFX/gui/src/containers/sw_selectionContainer.cpp:13:6:virtual void sw_selectionContainer::setItem(touchgfx::Unicode::UnicodeChar*)	16	static
C:/Roberto/O3/O3dev_edt_00/TouchGFX/gui/src/containers/sw_selectionContainer.cpp:21:6:virtual void sw_selectionContainer::setTextWidth(int16_t)	16	static
C:/Roberto/O3/O3dev_edt_00/TouchGFX/gui/src/containers/sw_selectionContainer.cpp:25:6:virtual void sw_selectionContainer::setBackWidth(int16_t)	16	static
C:/Roberto/O3/O3dev_edt_00/TouchGFX/gui/src/containers/sw_selectionContainer.cpp:30:9:int16_t sw_selectionContainer::getTextWidth()	16	static
