../../Middlewares/ST/touchgfx/framework/include/touchgfx/Bitmap.hpp:146:14:touchgfx::BitmapId touchgfx::Bitmap::getId() const	16	static
../../Middlewares/ST/touchgfx/framework/include/touchgfx/Screen.hpp:104:18:virtual void touchgfx::Screen::afterTransition()	16	static
../../Middlewares/ST/touchgfx/framework/include/touchgfx/Screen.hpp:115:18:virtual void touchgfx::Screen::tearDownScreen()	16	static
../../Middlewares/ST/touchgfx/framework/include/touchgfx/Screen.hpp:144:18:virtual void touchgfx::Screen::handleTickEvent()	16	static
../../Middlewares/ST/touchgfx/framework/include/touchgfx/Screen.hpp:154:18:virtual void touchgfx::Screen::handleKeyEvent(uint8_t)	16	static
../../Middlewares/ST/touchgfx/framework/include/touchgfx/widgets/ToggleButton.hpp:58:10:bool touchgfx::ToggleButton::getState() const	24	static
../../TouchGFX/generated/gui_generated/include/gui_generated/switchselect_screen/SwitchSelectViewBase.hpp:40:26:FrontendApplication& SwitchSelectViewBase::application()	16	static
../../TouchGFX/gui/include/gui/switchselect_screen/SwitchSelectView.hpp:11:13:SwitchSelectView::~SwitchSelectView()	16	static
../../TouchGFX/gui/include/gui/switchselect_screen/SwitchSelectView.hpp:11:13:virtual SwitchSelectView::~SwitchSelectView()	16	static
C:/Roberto/O3/O3dev_edt_00/TouchGFX/gui/src/switchselect_screen/SwitchSelectView.cpp:3:1:SwitchSelectView::SwitchSelectView()	16	static
C:/Roberto/O3/O3dev_edt_00/TouchGFX/gui/src/switchselect_screen/SwitchSelectView.cpp:8:6:virtual void SwitchSelectView::setupScreen()	24	static
C:/Roberto/O3/O3dev_edt_00/TouchGFX/gui/src/switchselect_screen/SwitchSelectView.cpp:16:6:virtual void SwitchSelectView::tearDownScreen()	16	static
C:/Roberto/O3/O3dev_edt_00/TouchGFX/gui/src/switchselect_screen/SwitchSelectView.cpp:21:6:virtual void SwitchSelectView::cancelClicked()	16	static
C:/Roberto/O3/O3dev_edt_00/TouchGFX/gui/src/switchselect_screen/SwitchSelectView.cpp:30:6:virtual void SwitchSelectView::okClicked()	16	static
C:/Roberto/O3/O3dev_edt_00/TouchGFX/gui/src/switchselect_screen/SwitchSelectView.cpp:37:6:virtual void SwitchSelectView::generationModeClicked()	24	static
