C:/Roberto/O3/O3dev_edt_00/Drivers/Vendor/Driver/edt_bsp_ctp.c:73:6:TS_IO_Init	16	static
C:/Roberto/O3/O3dev_edt_00/Drivers/Vendor/Driver/edt_bsp_ctp.c:85:6:EDT_TS_Set_Handle	16	static
C:/Roberto/O3/O3dev_edt_00/Drivers/Vendor/Driver/edt_bsp_ctp.c:98:6:TS_IO_Write	24	static
C:/Roberto/O3/O3dev_edt_00/Drivers/Vendor/Driver/edt_bsp_ctp.c:110:9:TS_IO_Read	32	static
C:/Roberto/O3/O3dev_edt_00/Drivers/Vendor/Driver/edt_bsp_ctp.c:126:6:TS_IO_Read_Multi	24	static
C:/Roberto/O3/O3dev_edt_00/Drivers/Vendor/Driver/edt_bsp_ctp.c:131:19:TS_IO_Read_Buffer	40	static
C:/Roberto/O3/O3dev_edt_00/Drivers/Vendor/Driver/edt_bsp_ctp.c:156:6:TS_IO_MXT640U_Write_Value	32	static
C:/Roberto/O3/O3dev_edt_00/Drivers/Vendor/Driver/edt_bsp_ctp.c:185:6:TS_IO_MXT640U_Read_Only	32	static
C:/Roberto/O3/O3dev_edt_00/Drivers/Vendor/Driver/edt_bsp_ctp.c:208:6:TS_IO_MXT640U_Read_Multi_Buf	40	static
C:/Roberto/O3/O3dev_edt_00/Drivers/Vendor/Driver/edt_bsp_ctp.c:298:26:I2Cx_ReadMultiple	48	static
C:/Roberto/O3/O3dev_edt_00/Drivers/Vendor/Driver/edt_bsp_ctp.c:325:26:I2Cx_WriteMultiple	48	static
C:/Roberto/O3/O3dev_edt_00/Drivers/Vendor/Driver/edt_bsp_ctp.c:350:19:TS_IO_IsDeviceReady	24	static
C:/Roberto/O3/O3dev_edt_00/Drivers/Vendor/Driver/edt_bsp_ctp.c:362:13:I2Cx_Error	16	static
C:/Roberto/O3/O3dev_edt_00/Drivers/Vendor/Driver/edt_bsp_ctp.c:372:9:EDT_TS_Init	24	static
C:/Roberto/O3/O3dev_edt_00/Drivers/Vendor/Driver/edt_bsp_ctp.c:399:9:EDT_TS_DeInit	4	static
C:/Roberto/O3/O3dev_edt_00/Drivers/Vendor/Driver/edt_bsp_ctp.c:409:9:EDT_TS_ITConfig	8	static
C:/Roberto/O3/O3dev_edt_00/Drivers/Vendor/Driver/edt_bsp_ctp.c:420:9:EDT_TS_ITGetStatus	8	static
C:/Roberto/O3/O3dev_edt_00/Drivers/Vendor/Driver/edt_bsp_ctp.c:430:6:EDT_TS_SetDetected	16	static
C:/Roberto/O3/O3dev_edt_00/Drivers/Vendor/Driver/edt_bsp_ctp.c:434:6:EDT_TS_GetDetected	4	static
C:/Roberto/O3/O3dev_edt_00/Drivers/Vendor/Driver/edt_bsp_ctp.c:443:9:EDT_TS_GetState	56	static
C:/Roberto/O3/O3dev_edt_00/Drivers/Vendor/Driver/edt_bsp_ctp.c:614:6:EDT_TS_ITClear	8	static
C:/Roberto/O3/O3dev_edt_00/Drivers/Vendor/Driver/edt_bsp_ctp.c:626:9:EDT_TS_ResetTouchData	24	static
C:/Roberto/O3/O3dev_edt_00/Drivers/Vendor/Driver/edt_bsp_ctp.c:659:6:EDT_TS_SetMXT640U_2D3DMode	16	static
C:/Roberto/O3/O3dev_edt_00/Drivers/Vendor/Driver/edt_bsp_ctp.c:674:9:EDT_TS_GetMXT640U_2D3DMode	8	static
