C:/Roberto/O3/O3dev_edt_00/TouchGFX/generated/texts/src/TypedTextDatabase.cpp:287:43:const touchgfx::TypedText::TypedTextData* TypedTextDatabase::getInstance(touchgfx::LanguageId)	16	static
C:/Roberto/O3/O3dev_edt_00/TouchGFX/generated/texts/src/TypedTextDatabase.cpp:292:10:uint16_t TypedTextDatabase::getInstanceSize()	4	static
C:/Roberto/O3/O3dev_edt_00/TouchGFX/generated/texts/src/TypedTextDatabase.cpp:297:24:const touchgfx::Font** TypedTextDatabase::getFonts()	4	static
C:/Roberto/O3/O3dev_edt_00/TouchGFX/generated/texts/src/TypedTextDatabase.cpp:302:23:const touchgfx::Font* TypedTextDatabase::setFont(touchgfx::FontId, const touchgfx::Font*)	24	static
C:/Roberto/O3/O3dev_edt_00/TouchGFX/generated/texts/src/TypedTextDatabase.cpp:309:6:void TypedTextDatabase::resetFont(touchgfx::FontId)	16	static
C:/Roberto/O3/O3dev_edt_00/TouchGFX/generated/texts/src/TypedTextDatabase.cpp:339:1:void __static_initialization_and_destruction_0()	8	static
C:/Roberto/O3/O3dev_edt_00/TouchGFX/generated/texts/src/TypedTextDatabase.cpp:339:1:cpp)	8	static
